###############################################################################
#
# IAR ELF Linker V8.20.1.14183/W32 for ARM                19/Jan/2018  10:46:34
# Copyright 2007-2017 IAR Systems AB.
#
#    Output file  =  
#        C:\Amit
#        Caudhary\STM32_IAR\Projects\CppFirmware\Debug\Exe\Cpp_Firmware_STM32F103C8.out
#    Map file     =  
#        C:\Amit
#        Caudhary\STM32_IAR\Projects\CppFirmware\Debug\List\Cpp_Firmware_STM32F103C8.map
#    Command line =  
#        -f C:\Users\AMITCH~1\AppData\Local\Temp\EW68F5.tmp ("C:\Amit
#        Caudhary\STM32_IAR\Projects\CppFirmware\Debug\Obj\Clock.o" "C:\Amit
#        Caudhary\STM32_IAR\Projects\CppFirmware\Debug\Obj\ClockManager.o"
#        "C:\Amit
#        Caudhary\STM32_IAR\Projects\CppFirmware\Debug\Obj\ControlScreen.o"
#        "C:\Amit
#        Caudhary\STM32_IAR\Projects\CppFirmware\Debug\Obj\GpioInput.o"
#        "C:\Amit
#        Caudhary\STM32_IAR\Projects\CppFirmware\Debug\Obj\GpioOutput.o"
#        "C:\Amit Caudhary\STM32_IAR\Projects\CppFirmware\Debug\Obj\HwButton.o"
#        "C:\Amit
#        Caudhary\STM32_IAR\Projects\CppFirmware\Debug\Obj\HwButtonIntr.o"
#        "C:\Amit
#        Caudhary\STM32_IAR\Projects\CppFirmware\Debug\Obj\I2CDriver.o"
#        "C:\Amit Caudhary\STM32_IAR\Projects\CppFirmware\Debug\Obj\INA219.o"
#        "C:\Amit
#        Caudhary\STM32_IAR\Projects\CppFirmware\Debug\Obj\InterruptManager.o"
#        "C:\Amit Caudhary\STM32_IAR\Projects\CppFirmware\Debug\Obj\Led.o"
#        "C:\Amit Caudhary\STM32_IAR\Projects\CppFirmware\Debug\Obj\main.o"
#        "C:\Amit Caudhary\STM32_IAR\Projects\CppFirmware\Debug\Obj\misc.o"
#        "C:\Amit
#        Caudhary\STM32_IAR\Projects\CppFirmware\Debug\Obj\Nokia5110LCD.o"
#        "C:\Amit
#        Caudhary\STM32_IAR\Projects\CppFirmware\Debug\Obj\Peripheral.o"
#        "C:\Amit Caudhary\STM32_IAR\Projects\CppFirmware\Debug\Obj\Screen.o"
#        "C:\Amit
#        Caudhary\STM32_IAR\Projects\CppFirmware\Debug\Obj\SpiDriver.o"
#        "C:\Amit
#        Caudhary\STM32_IAR\Projects\CppFirmware\Debug\Obj\startup_stm32f10x_md.o"
#        "C:\Amit
#        Caudhary\STM32_IAR\Projects\CppFirmware\Debug\Obj\stm32f10x_exti.o"
#        "C:\Amit
#        Caudhary\STM32_IAR\Projects\CppFirmware\Debug\Obj\stm32f10x_gpio.o"
#        "C:\Amit
#        Caudhary\STM32_IAR\Projects\CppFirmware\Debug\Obj\stm32f10x_i2c.o"
#        "C:\Amit
#        Caudhary\STM32_IAR\Projects\CppFirmware\Debug\Obj\stm32f10x_it.o"
#        "C:\Amit
#        Caudhary\STM32_IAR\Projects\CppFirmware\Debug\Obj\stm32f10x_rcc.o"
#        "C:\Amit
#        Caudhary\STM32_IAR\Projects\CppFirmware\Debug\Obj\stm32f10x_spi.o"
#        "C:\Amit
#        Caudhary\STM32_IAR\Projects\CppFirmware\Debug\Obj\stm32f10x_usart.o"
#        "C:\Amit
#        Caudhary\STM32_IAR\Projects\CppFirmware\Debug\Obj\system_stm32f10x.o"
#        "C:\Amit
#        Caudhary\STM32_IAR\Projects\CppFirmware\Debug\Obj\SysTickTimer.o"
#        "C:\Amit Caudhary\STM32_IAR\Projects\CppFirmware\Debug\Obj\Test.o"
#        "C:\Amit Caudhary\STM32_IAR\Projects\CppFirmware\Debug\Obj\Time.o"
#        "C:\Amit Caudhary\STM32_IAR\Projects\CppFirmware\Debug\Obj\UI.o" -o
#        "C:\Amit
#        Caudhary\STM32_IAR\Projects\CppFirmware\Debug\Exe\Cpp_Firmware_STM32F103C8.out"
#        --redirect _Printf=_PrintfFullNoMb --redirect _Scanf=_ScanfFullNoMb
#        --map "C:\Amit
#        Caudhary\STM32_IAR\Projects\CppFirmware\Debug\List\Cpp_Firmware_STM32F103C8.map"
#        --config "C:\Program Files (x86)\IAR Systems\Embedded Workbench
#        8.0\arm\config\linker\ST\stm32f103x8.icf" --semihosting --entry
#        __iar_program_start --vfe --text_out locale)
#
###############################################################################

*******************************************************************************
*** RUNTIME MODEL ATTRIBUTES
***

CppFlavor                     = *
__CPP_Exceptions              = Disabled
__CPP_Language                = C++14
__Heap_Handler                = Basic
__SystemLibrary               = DLib
__dlib_dynamic_initialization = normal
__dlib_version                = 6


*******************************************************************************
*** HEAP SELECTION
***

The basic heap was selected because some modules are built with
size limitations (and not runtime checking), and --advanced_heap
was not specified.


*******************************************************************************
*** PLACEMENT SUMMARY
***

"A0":  place at 0x08000000 { ro section .intvec };
"P1":  place in [from 0x08000000 to 0x0800ffff] { ro };
define block CSTACK with size = 2K, alignment = 8 { };
define block HEAP with size = 2K, alignment = 8 { };
"P2":  place in [from 0x20000000 to 0x20004fff] {
          rw, block CSTACK, block HEAP };
initialize by copy { rw };

  Section                Kind        Address    Size  Object
  -------                ----        -------    ----  ------
"A0":                                           0xec
  .intvec                ro code  0x08000000    0xec  startup_stm32f10x_md.o [1]
                                - 0x080000ec    0xec

"P1":                                         0x437c
  .text                  ro code  0x080000ec   0x744  InterruptManager.o [1]
  .text                  ro code  0x08000830    0xb8  misc.o [1]
  .text                  ro code  0x080008e8    0xc0  stm32f10x_exti.o [1]
  .text                  ro code  0x080009a8   0x578  Test.o [1]
  .text                  ro code  0x08000f20   0x338  GpioInput.o [1]
  .text                  ro code  0x08001258    0x20  Led.o [1]
  .text                  ro code  0x08001278   0x26a  HwButtonIntr.o [1]
  .text                  ro code  0x080014e2     0x2  Test.o [1]
  .text                  ro code  0x080014e4   0x470  I2CDriver.o [1]
  .text                  ro code  0x08001954    0x58  cxxabi.o [4]
  .text                  ro code  0x080019ac   0x19e  INA219.o [1]
  .rodata                const    0x08001b4a     0x1  unwind_debug.o [7]
  .text                  ro code  0x08001b4c   0x280  SpiDriver.o [1]
  .text                  ro code  0x08001dcc    0xea  GpioOutput.o [1]
  .text                  ro code  0x08001eb8   0x208  Nokia5110LCD.o [1]
  .text                  ro code  0x080020c0    0xe8  UI.o [1]
  .text                  ro code  0x080021a8   0x1da  ControlScreen.o [1]
  .text                  ro code  0x08002384    0xa4  Screen.o [1]
  .text                  ro code  0x08002428    0x20  Test.o [1]
  .text                  ro code  0x08002448     0x8  Test.o [1]
  .text                  ro code  0x08002450   0x1bc  Clock.o [1]
  .text                  ro code  0x0800260c     0x8  Test.o [1]
  .text                  ro code  0x08002614     0x8  Test.o [1]
  .text                  ro code  0x0800261c    0xcc  Time.o [1]
  .text                  ro code  0x080026e8    0x18  Test.o [1]
  .text                  ro code  0x08002700    0x26  Test.o [1]
  .text                  ro code  0x08002728    0x18  Test.o [1]
  .text                  ro code  0x08002740     0xc  Test.o [1]
  .text                  ro code  0x0800274c     0x6  Test.o [1]
  .text                  ro code  0x08002754    0xc4  SysTickTimer.o [1]
  .text                  ro code  0x08002818    0x2a  FltToS32.o [5]
  .text                  ro code  0x08002844    0x24  S32ToFlt.o [5]
  .text                  ro code  0x08002868    0x80  FltSub.o [5]
  .text                  ro code  0x080028e8   0x1a2  DblMul.o [5]
  .text                  ro code  0x08002a8c    0x20  DblCmpEq.o [5]
  .text                  ro code  0x08002aac   0x246  DblDiv.o [5]
  .text                  ro code  0x08002cf4    0x48  FltToDbl.o [5]
  .text                  ro code  0x08002d3c    0x68  DblToFlt.o [5]
  .text                  ro code  0x08002da4   0x144  stm32f10x_gpio.o [1]
  .text                  ro code  0x08002ee8     0xc  SysTickTimer.o [1]
  .text                  ro code  0x08002ef4    0x18  HwButtonIntr.o [1]
  .text                  ro code  0x08002f0c     0xe  HwButtonIntr.o [1]
  .text                  ro code  0x08002f1a    0x10  HwButtonIntr.o [1]
  .text                  ro code  0x08002f2c    0x66  ABImemset.o [6]
  .text                  ro code  0x08002f94   0x1e6  stm32f10x_i2c.o [1]
  .text                  ro code  0x0800317c    0x48  I2CDriver.o [1]
  .text                  ro code  0x080031c4    0x68  I2CDriver.o [1]
  .text                  ro code  0x0800322c    0x44  I2CDriver.o [1]
  .text                  ro code  0x08003270    0x44  I2CDriver.o [1]
  .text                  ro code  0x080032b4    0xa0  cppinit.o [3]
  .text                  ro code  0x08003354    0x24  FltCmpLe.o [5]
  .text                  ro code  0x08003378    0x22  S32ToDbl.o [5]
  .text                  ro code  0x0800339c    0x1c  U32ToFlt.o [5]
  .text                  ro code  0x080033b8    0xfc  FltDiv.o [5]
  .text                  ro code  0x080034b4    0x74  stm32f10x_spi.o [1]
  .text                  ro code  0x08003528     0xe  SpiDriver.o [1]
  .text                  ro code  0x08003536     0xe  SpiDriver.o [1]
  .text                  ro code  0x08003544     0x4  Test.o [1]
  .text                  ro code  0x08003548    0xa6  ABImemcpy.o [6]
  .text                  ro code  0x080035f0    0x10  Screen.o [1]
  .text                  ro code  0x08003600    0x34  Screen.o [1]
  .text                  ro code  0x08003634     0xe  Time.o [1]
  .text                  ro code  0x08003642     0xa  Clock.o [1]
  .text                  ro code  0x0800364c     0x4  Clock.o [1]
  .text                  ro code  0x08003650     0x4  Clock.o [1]
  .text                  ro code  0x08003654     0x4  Clock.o [1]
  .text                  ro code  0x08003658    0x3c  Clock.o [1]
  .text                  ro code  0x08003694    0x10  SysTickTimer.o [1]
  .text                  ro code  0x080036a4   0x2dc  stm32f10x_rcc.o [1]
  .text                  ro code  0x08003980    0xd6  FltAdd.o [5]
  .text                  ro code  0x08003a56     0xc  I2CDriver.o [1]
  .rodata                const    0x08003a64   0x1e0  Nokia5110LCD.o [1]
  .text                  ro code  0x08003c44   0x158  system_stm32f10x.o [1]
  .text                  ro code  0x08003d9c    0x9c  main.o [1]
  .text                  ro code  0x08003e38    0x84  HwButtonIntr.o [1]
  .text                  ro code  0x08003ebc    0x74  ClockManager.o [1]
  .rodata                const    0x08003f30    0x58  Test.o [1]
  .rodata                const    0x08003f88    0x58  Test.o [1]
  .rodata                const    0x08003fe0    0x40  GpioInput.o [1]
  .rodata                const    0x08004020    0x40  GpioOutput.o [1]
  .rodata                const    0x08004060    0x40  HwButtonIntr.o [1]
  .rodata                const    0x080040a0    0x40  I2CDriver.o [1]
  .rodata                const    0x080040e0    0x40  Led.o [1]
  .rodata                const    0x08004120    0x40  SpiDriver.o [1]
  .text                  ro code  0x08004160    0x40  zero_init3.o [6]
  .text                  ro code  0x080041a0    0x3a  Peripheral.o [1]
  .text                  ro code  0x080041da     0x8  Peripheral.o [1]
  .text                  ro code  0x080041e2     0x8  Peripheral.o [1]
  .text                  ro code  0x080041ea    0x2c  copy_init3.o [6]
  .text                  ro code  0x08004218    0x28  data_init.o [6]
  .iar.init_table        const    0x08004240    0x28  - Linker created -
  .text                  ro code  0x08004268    0x20  cmain_call_ctors.o [6]
  .text                  ro code  0x08004288    0x1e  cmain.o [6]
  .text                  ro code  0x080042a6     0x4  low_level_init.o [3]
  .text                  ro code  0x080042aa     0x4  exit.o [3]
  .text                  ro code  0x080042b0     0xe  cexit.o [6]
  .text                  ro code  0x080042c0    0x14  exit.o [7]
  .rodata                const    0x080042d4    0x1c  ControlScreen.o [1]
  .rodata                const    0x080042f0    0x1c  Screen.o [1]
  .text                  ro code  0x0800430c    0x1c  Test.o [1]
  Initializer bytes      const    0x08004328    0x18  <for P2-1>
  .text                  ro code  0x08004340    0x14  Test.o [1]
  .rodata                const    0x08004354    0x10  INA219.o [1]
  .rodata                const    0x08004364    0x10  Nokia5110LCD.o [1]
  .rodata                const    0x08004374    0x10  UI.o [1]
  .text                  ro code  0x08004384    0x10  startup_stm32f10x_md.o [1]
  .text                  ro code  0x08004394    0x10  stm32f10x_it.o [1]
  .text                  ro code  0x080043a4     0xc  cstartup_M.o [6]
  .text                  ro code  0x080043b0     0xa  ControlScreen.o [1]
  .rodata                const    0x080043bc     0x8  Test.o [1]
  .rodata                const    0x080043c4     0x8  Test.o [1]
  .rodata                const    0x080043cc     0x8  Test.o [1]
  .text                  ro code  0x080043d4     0x4  startup_stm32f10x_md.o [1]
  .text                  ro code  0x080043d8     0x4  startup_stm32f10x_md.o [1]
  .text                  ro code  0x080043dc     0x4  startup_stm32f10x_md.o [1]
  .text                  ro code  0x080043e0     0x4  startup_stm32f10x_md.o [1]
  .text                  ro code  0x080043e4     0x4  startup_stm32f10x_md.o [1]
  .text                  ro code  0x080043e8     0x4  startup_stm32f10x_md.o [1]
  .text                  ro code  0x080043ec     0x4  startup_stm32f10x_md.o [1]
  .text                  ro code  0x080043f0     0x4  startup_stm32f10x_md.o [1]
  .text                  ro code  0x080043f4     0x4  startup_stm32f10x_md.o [1]
  .text                  ro code  0x080043f8     0x4  startup_stm32f10x_md.o [1]
  .text                  ro code  0x080043fc     0x4  startup_stm32f10x_md.o [1]
  .text                  ro code  0x08004400     0x4  startup_stm32f10x_md.o [1]
  .text                  ro code  0x08004404     0x4  startup_stm32f10x_md.o [1]
  .text                  ro code  0x08004408     0x4  startup_stm32f10x_md.o [1]
  .text                  ro code  0x0800440c     0x4  startup_stm32f10x_md.o [1]
  .text                  ro code  0x08004410     0x4  startup_stm32f10x_md.o [1]
  .text                  ro code  0x08004414     0x4  startup_stm32f10x_md.o [1]
  .text                  ro code  0x08004418     0x4  startup_stm32f10x_md.o [1]
  .text                  ro code  0x0800441c     0x4  startup_stm32f10x_md.o [1]
  .text                  ro code  0x08004420     0x4  startup_stm32f10x_md.o [1]
  .text                  ro code  0x08004424     0x4  startup_stm32f10x_md.o [1]
  .text                  ro code  0x08004428     0x4  startup_stm32f10x_md.o [1]
  .text                  ro code  0x0800442c     0x4  startup_stm32f10x_md.o [1]
  .text                  ro code  0x08004430     0x4  startup_stm32f10x_md.o [1]
  .text                  ro code  0x08004434     0x4  startup_stm32f10x_md.o [1]
  .text                  ro code  0x08004438     0x4  startup_stm32f10x_md.o [1]
  .text                  ro code  0x0800443c     0x4  startup_stm32f10x_md.o [1]
  .text                  ro code  0x08004440     0x4  startup_stm32f10x_md.o [1]
  .text                  ro code  0x08004444     0x4  startup_stm32f10x_md.o [1]
  .text                  ro code  0x08004448     0x4  startup_stm32f10x_md.o [1]
  .text                  ro code  0x0800444c     0x4  startup_stm32f10x_md.o [1]
  .text                  ro code  0x08004450     0x4  startup_stm32f10x_md.o [1]
  .text                  ro code  0x08004454     0x4  startup_stm32f10x_md.o [1]
  .text                  ro code  0x08004458     0x4  startup_stm32f10x_md.o [1]
  .text                  ro code  0x0800445c     0x4  startup_stm32f10x_md.o [1]
  .text                  ro code  0x08004460     0x4  startup_stm32f10x_md.o [1]
  SHT$$PREINIT_ARRAY              0x08004464     0x0  <Block>
  SHT$$INIT_ARRAY                 0x08004464     0x4  <Block>
    .init_array          const    0x08004464     0x4  Test.o [1]
  __iar_tls$$INIT_ARRAY           0x08004468     0x0  <Block>
  .text                  ro code  0x08004468     0x0  cstart_call_dtors.o [6]
  .rodata                const    0x08004468     0x0  zero_init3.o [6]
  .rodata                const    0x08004468     0x0  copy_init3.o [6]
                                - 0x08004468  0x437c

"P2", part 1 of 3:                              0x18
  P2-1                            0x20000000    0x15  <Init block>
    .data                inited   0x20000000    0x10  stm32f10x_rcc.o [1]
    .data                inited   0x20000010     0x4  stm32f10x_rcc.o [1]
    .data                inited   0x20000014     0x1  Test.o [1]
                                - 0x20000015    0x15

"P2", part 2 of 3:                             0x50c
  .bss                   zero     0x20000018    0xe8  Test.o [1]
  .bss                   zero     0x20000100    0xac  Test.o [1]
  .bss                   zero     0x200001ac    0x94  Test.o [1]
  .bss                   zero     0x20000240    0x58  Test.o [1]
  .bss                   zero     0x20000298    0x44  Test.o [1]
  .bss                   zero     0x200002dc    0x30  Test.o [1]
  .bss                   zero     0x2000030c    0x20  Test.o [1]
  .bss                   zero     0x2000032c    0x18  Test.o [1]
  .bss                   zero     0x20000344    0x18  Test.o [1]
  .bss                   zero     0x2000035c    0x14  SpiDriver.o [1]
  .bss                   zero     0x20000370    0x14  Test.o [1]
  .bss                   zero     0x20000384    0x14  Test.o [1]
  .bss                   zero     0x20000398    0x14  Test.o [1]
  .bss                   zero     0x200003ac    0x14  Test.o [1]
  .bss                   zero     0x200003c0    0x10  Test.o [1]
  .bss                   zero     0x200003d0     0xc  Test.o [1]
  .bss                   zero     0x200003dc     0xc  Test.o [1]
  .bss                   zero     0x200003e8     0xc  Test.o [1]
  .bss                   zero     0x200003f4     0x4  Clock.o [1]
  .bss                   zero     0x200003f8     0x4  ClockManager.o [1]
  .bss                   zero     0x200003fc     0x4  HwButtonIntr.o [1]
  .bss                   zero     0x20000400     0x4  HwButtonIntr.o [1]
  .bss                   zero     0x20000404     0x4  HwButtonIntr.o [1]
  .bss                   zero     0x20000408     0x4  I2CDriver.o [1]
  .bss                   zero     0x2000040c     0x4  InterruptManager.o [1]
  .bss                   zero     0x20000410     0x4  InterruptManager.o [1]
  .bss                   zero     0x20000414     0x4  InterruptManager.o [1]
  .bss                   zero     0x20000418     0x4  InterruptManager.o [1]
  .bss                   zero     0x2000041c     0x4  InterruptManager.o [1]
  .bss                   zero     0x20000420     0x4  InterruptManager.o [1]
  .bss                   zero     0x20000424     0x4  InterruptManager.o [1]
  .bss                   zero     0x20000428     0x4  InterruptManager.o [1]
  .bss                   zero     0x2000042c     0x4  InterruptManager.o [1]
  .bss                   zero     0x20000430     0x4  InterruptManager.o [1]
  .bss                   zero     0x20000434     0x4  InterruptManager.o [1]
  .bss                   zero     0x20000438     0x4  InterruptManager.o [1]
  .bss                   zero     0x2000043c     0x4  InterruptManager.o [1]
  .bss                   zero     0x20000440     0x4  InterruptManager.o [1]
  .bss                   zero     0x20000444     0x4  InterruptManager.o [1]
  .bss                   zero     0x20000448     0x4  InterruptManager.o [1]
  .bss                   zero     0x2000044c     0x4  InterruptManager.o [1]
  .bss                   zero     0x20000450     0x4  InterruptManager.o [1]
  .bss                   zero     0x20000454     0x4  InterruptManager.o [1]
  .bss                   zero     0x20000458     0x4  InterruptManager.o [1]
  .bss                   zero     0x2000045c     0x4  InterruptManager.o [1]
  .bss                   zero     0x20000460     0x4  InterruptManager.o [1]
  .bss                   zero     0x20000464     0x4  InterruptManager.o [1]
  .bss                   zero     0x20000468     0x4  InterruptManager.o [1]
  .bss                   zero     0x2000046c     0x4  InterruptManager.o [1]
  .bss                   zero     0x20000470     0x4  InterruptManager.o [1]
  .bss                   zero     0x20000474     0x4  InterruptManager.o [1]
  .bss                   zero     0x20000478     0x4  InterruptManager.o [1]
  .bss                   zero     0x2000047c     0x4  InterruptManager.o [1]
  .bss                   zero     0x20000480     0x4  InterruptManager.o [1]
  .bss                   zero     0x20000484     0x4  InterruptManager.o [1]
  .bss                   zero     0x20000488     0x4  InterruptManager.o [1]
  .bss                   zero     0x2000048c     0x4  InterruptManager.o [1]
  .bss                   zero     0x20000490     0x4  InterruptManager.o [1]
  .bss                   zero     0x20000494     0x4  InterruptManager.o [1]
  .bss                   zero     0x20000498     0x4  InterruptManager.o [1]
  .bss                   zero     0x2000049c     0x4  InterruptManager.o [1]
  .bss                   zero     0x200004a0     0x4  InterruptManager.o [1]
  .bss                   zero     0x200004a4     0x4  InterruptManager.o [1]
  .bss                   zero     0x200004a8     0x4  InterruptManager.o [1]
  .bss                   zero     0x200004ac     0x4  InterruptManager.o [1]
  .bss                   zero     0x200004b0     0x4  InterruptManager.o [1]
  .bss                   zero     0x200004b4     0x4  InterruptManager.o [1]
  .bss                   zero     0x200004b8     0x4  InterruptManager.o [1]
  .bss                   zero     0x200004bc     0x4  InterruptManager.o [1]
  .bss                   zero     0x200004c0     0x4  InterruptManager.o [1]
  .bss                   zero     0x200004c4     0x4  InterruptManager.o [1]
  .bss                   zero     0x200004c8     0x4  InterruptManager.o [1]
  .bss                   zero     0x200004cc     0x4  InterruptManager.o [1]
  .bss                   zero     0x200004d0     0x4  InterruptManager.o [1]
  .bss                   zero     0x200004d4     0x4  InterruptManager.o [1]
  .bss                   zero     0x200004d8     0x4  InterruptManager.o [1]
  .bss                   zero     0x200004dc     0x4  InterruptManager.o [1]
  .bss                   zero     0x200004e0     0x4  InterruptManager.o [1]
  .bss                   zero     0x200004e4     0x4  InterruptManager.o [1]
  .bss                   zero     0x200004e8     0x4  InterruptManager.o [1]
  .bss                   zero     0x200004ec     0x4  InterruptManager.o [1]
  .bss                   zero     0x200004f0     0x4  InterruptManager.o [1]
  .bss                   zero     0x200004f4     0x4  InterruptManager.o [1]
  .bss                   zero     0x200004f8     0x4  InterruptManager.o [1]
  .bss                   zero     0x200004fc     0x4  InterruptManager.o [1]
  .bss                   zero     0x20000500     0x4  InterruptManager.o [1]
  .bss                   zero     0x20000504     0x4  SysTickTimer.o [1]
  .bss                   zero     0x20000508     0x4  Test.o [1]
  .bss                   zero     0x2000050c     0x4  Test.o [1]
  .bss                   zero     0x20000510     0x4  cppinit.o [3]
  .bss                   zero     0x20000514     0x4  cppinit.o [3]
  .bss                   zero     0x20000518     0x2  HwButtonIntr.o [1]
  .bss                   zero     0x2000051a     0x1  ClockManager.o [1]
  .bss                   zero     0x2000051b     0x1  HwButtonIntr.o [1]
  .bss                   zero     0x2000051c     0x1  InterruptManager.o [1]
  .bss                   zero     0x2000051d     0x1  InterruptManager.o [1]
  .bss                   zero     0x2000051e     0x1  SpiDriver.o [1]
  .bss                   zero     0x2000051f     0x1  Test.o [1]
  .bss                   zero     0x20000520     0x1  UI.o [1]
  .bss                   zero     0x20000521     0x1  UI.o [1]
  .bss                   zero     0x20000522     0x1  UI.o [1]
                                - 0x20000523   0x50b

"P2", part 3 of 3:                             0x9bc
  .iar.dynexit                    0x20000524   0x1bc  <Block>
    .iar.dynexit         uninit   0x20000524     0xc  cppinit.o [3]
    .iar.dynexit         uninit   0x20000530   0x1b0  <Block tail>
  CSTACK                          0x200006e0   0x800  <Block>
    CSTACK               uninit   0x200006e0   0x800  <Block tail>
                                - 0x20000ee0   0x9bc


*******************************************************************************
*** INIT TABLE
***

          Address     Size
          -------     ----
Zero (__iar_zero_init3)
    1 destination range, total size 0x50b:
          0x20000018  0x50b

Copy (__iar_copy_init3)
    1 source range, total size 0x18 (114% of destination):
          0x08004328   0x18
    1 destination range, total size 0x15:
          0x20000000   0x15

Extra (__iar_cstart_call_ctors)



*******************************************************************************
*** MODULE SUMMARY
***

    Module                  ro code  ro data  rw data
    ------                  -------  -------  -------
C:\Amit Caudhary\STM32_IAR\Projects\CppFirmware\Debug\Obj: [1]
    Clock.o                     526                 4
    ClockManager.o              116                 5
    ControlScreen.o             484       28
    GpioInput.o                 824       64
    GpioOutput.o                234       64
    HwButtonIntr.o              804       64       15
    I2CDriver.o               1 460       64        4
    INA219.o                    414       16
    InterruptManager.o        1 860               250
    Led.o                        32       64
    Nokia5110LCD.o              520      496
    Peripheral.o                 74
    Screen.o                    232       28
    SpiDriver.o                 668       64       21
    SysTickTimer.o              224                 4
    Test.o                    1 614      205      978
    Time.o                      218
    UI.o                        232       16        3
    main.o                      156
    misc.o                      184
    startup_stm32f10x_md.o      396
    stm32f10x_exti.o            192
    stm32f10x_gpio.o            324
    stm32f10x_i2c.o             486
    stm32f10x_it.o               16
    stm32f10x_rcc.o             732       20       20
    stm32f10x_spi.o             116
    system_stm32f10x.o          344
    -------------------------------------------------
    Total:                   13 482    1 193    1 304

command line: [2]
    -------------------------------------------------
    Total:

dl7M_tln.a: [3]
    cppinit.o                   160                20
    exit.o                        4
    low_level_init.o              4
    -------------------------------------------------
    Total:                      168                20

dlpp7M_tl_nc.a: [4]
    cxxabi.o                     88
    -------------------------------------------------
    Total:                       88

m7M_tl.a: [5]
    DblCmpEq.o                   32
    DblDiv.o                    582
    DblMul.o                    418
    DblToFlt.o                  104
    FltAdd.o                    214
    FltCmpLe.o                   36
    FltDiv.o                    252
    FltSub.o                    128
    FltToDbl.o                   72
    FltToS32.o                   42
    S32ToDbl.o                   34
    S32ToFlt.o                   36
    U32ToFlt.o                   28
    -------------------------------------------------
    Total:                    1 978

rt7M_tl.a: [6]
    ABImemcpy.o                 166
    ABImemset.o                 102
    cexit.o                      14
    cmain.o                      30
    cmain_call_ctors.o           32
    copy_init3.o                 44
    cstart_call_dtors.o
    cstartup_M.o                 12
    data_init.o                  40
    zero_init3.o                 64
    -------------------------------------------------
    Total:                      504

shb_l.a: [7]
    exit.o                       20
    unwind_debug.o                         1
    -------------------------------------------------
    Total:                       20        1

    Gaps                         31        4
    Linker created                        43    2 480
-----------------------------------------------------
    Grand Total:             16 271    1 241    3 804


*******************************************************************************
*** ENTRY LIST
***

Entry                      Address   Size  Type      Object
-----                      -------   ----  ----      ------
.iar.dynexit$$Base      0x20000524          --   Gb  - Linker created -
.iar.dynexit$$Limit     0x200006e0          --   Gb  - Linker created -
.iar.init_table$$Base   0x08004240          --   Gb  - Linker created -
.iar.init_table$$Limit  0x08004268          --   Gb  - Linker created -
?main                   0x08004289         Code  Gb  cmain.o [6]
ADCPrescTable           0x20000010    0x4  Data  Lc  stm32f10x_rcc.o [1]
APBAHBPrescTable        0x20000000   0x10  Data  Lc  stm32f10x_rcc.o [1]
App::Nokia5110LCD::Clear()
                        0x08001f93   0x26  Code  Gb  Nokia5110LCD.o [1]
App::Nokia5110LCD::DisplayInit()
                        0x08001eff   0x5e  Code  Gb  Nokia5110LCD.o [1]
App::Nokia5110LCD::DrawBuffer(char *)
                        0x0800209d   0x24  Code  Gb  Nokia5110LCD.o [1]
App::Nokia5110LCD::DrawLine(unsigned char, unsigned char, char const *)
                        0x08002035   0x60  Code  Gb  Nokia5110LCD.o [1]
App::Nokia5110LCD::DrawString(char const *)
                        0x0800201b   0x1a  Code  Gb  Nokia5110LCD.o [1]
App::Nokia5110LCD::GoToXY(int, int)
                        0x08001fb9   0x28  Code  Gb  Nokia5110LCD.o [1]
App::Nokia5110LCD::HwInit()
                        0x08001ec9   0x36  Code  Gb  Nokia5110LCD.o [1]
App::Nokia5110LCD::LCDCharacter(char)
                        0x08001fe1   0x3a  Code  Gb  Nokia5110LCD.o [1]
App::Nokia5110LCD::Nokia5110LCD(Bsp::SpiDriver *, Bsp::GpioOutput *, Bsp::GpioOutput *, Bsp::GpioOutput *)
                        0x08001eb9   0x10  Code  Gb  Nokia5110LCD.o [1]
App::Nokia5110LCD::Write(App::Nokia5110LCD::DC_t, unsigned char)
                        0x08001f5d   0x36  Code  Gb  Nokia5110LCD.o [1]
App::UI::ActiveScreen   0x20000520    0x1  Data  Gb  UI.o [1]
App::UI::AddScreen(Bsp::Screen *)
                        0x08002701   0x26  Code  Gb  Test.o [1]
App::UI::DisplayScreen()
                        0x08002137   0x68  Code  Gb  UI.o [1]
App::UI::EventHamdler(Bsp::Screen::Event_t &)
                        0x080020f9   0x3e  Code  Gb  UI.o [1]
App::UI::GoToNextScreen()
                        0x08003601   0x34  Code  Gb  Screen.o [1]
App::UI::GoToPreviousScreen()
                        0x080035f1   0x10  Code  Gb  Screen.o [1]
App::UI::Init()         0x080020c5   0x34  Code  Gb  UI.o [1]
App::UI::PreviousActiveScreen
                        0x20000522    0x1  Data  Gb  UI.o [1]
App::UI::Run()          0x08002449    0x8  Code  Gb  Test.o [1]
App::UI::SetActiveScreen(unsigned char)
                        0x08002729   0x18  Code  Gb  Test.o [1]
App::UI::TotalRegisteredScreens
                        0x20000521    0x1  Data  Gb  UI.o [1]
App::UI::UI(App::Nokia5110LCD *)
                        0x080020c1    0x4  Code  Gb  UI.o [1]
BackLightGpio           0x200003ac   0x14  Data  Lc  Test.o [1]
Bsp::ClockManager::GetInstance()
                        0x08003ebd   0x14  Code  Gb  ClockManager.o [1]
Bsp::ClockManager::GetInstance(){1}::ClockManager_Instance
                        0x2000051a    0x1  Data  Lc  ClockManager.o [1]
Bsp::ClockManager::PeripheralClockEnable(Bsp::PeripheralBase::Peripheral_t)
                        0x08003ed9   0x58  Code  Gb  ClockManager.o [1]
Bsp::ClockManager::m_pClockManager
                        0x200003f8    0x4  Data  Gb  ClockManager.o [1]
Bsp::ControlScreen::AddHandler(unsigned char, void (*)(), void (*)())
                        0x08002209   0x30  Code  Gb  ControlScreen.o [1]
Bsp::ControlScreen::AddText(char *)
                        0x080026e9   0x18  Code  Gb  Test.o [1]
Bsp::ControlScreen::ControlScreen()
                        0x080021a9   0x40  Code  Gb  ControlScreen.o [1]
Bsp::ControlScreen::EventHandler(Bsp::Screen::Event_t)
                        0x080022a1   0x60  Code  Gb  ControlScreen.o [1]
Bsp::ControlScreen::GetActiveLine() const
                        0x0800274d    0x6  Code  Gb  Test.o [1]
Bsp::ControlScreen::GetScreenTextArray()
                        0x080043b1    0xa  Code  Gb  ControlScreen.o [1]
Bsp::ControlScreen::MovePointer(Bsp::ControlScreen::Direction_t)
                        0x08002301   0x82  Code  Gb  ControlScreen.o [1]
Bsp::ControlScreen::SetText(unsigned char, unsigned char, char const *, unsigned char)
                        0x08002239   0x68  Code  Gb  ControlScreen.o [1]
Bsp::ControlScreen::~ControlScreen()
                        0x080021e9   0x1a  Code  Gb  ControlScreen.o [1]
Bsp::GpioInput::ConfigureInterrupt()
                        0x0800117b   0x3e  Code  Gb  GpioInput.o [1]
Bsp::GpioInput::ExtLineInterruptConfig()
                        0x080011b9   0x80  Code  Gb  GpioInput.o [1]
Bsp::GpioInput::GpioInput(GPIO_TypeDef *, unsigned short)
                        0x08000f37   0x18  Code  Gb  GpioInput.o [1]
Bsp::GpioInput::GpioInput(GPIO_TypeDef *, unsigned short, void (*)(), Bsp::Gpio::IntOnWhichEdge)
                        0x08000f4f   0x1a  Code  Gb  GpioInput.o [1]
Bsp::GpioInput::GpioInput(GPIO_TypeDef *, unsigned short, void (*)(), Bsp::Gpio::IntOnWhichEdge, Bsp::Gpio::EXTIMode)
                        0x08000f69   0x1a  Code  Gb  GpioInput.o [1]
Bsp::GpioInput::GpioInput(GPIO_TypeDef *, unsigned short, void (*)(), Bsp::Gpio::IntOnWhichEdge, Bsp::Gpio::EXTIMode) [subobject]
                        0x08000f21   0x16  Code  Gb  GpioInput.o [1]
Bsp::GpioInput::HwInit()
                        0x080010ef   0x8c  Code  Gb  GpioInput.o [1]
Bsp::GpioInput::MapPin2ExtLine()
                        0x08000f83   0xb6  Code  Gb  GpioInput.o [1]
Bsp::GpioInput::MapPin2PinSource()
                        0x08001039   0xb6  Code  Gb  GpioInput.o [1]
Bsp::GpioOutput::ClearOutput()
                        0x08003537    0xe  Code  Gb  SpiDriver.o [1]
Bsp::GpioOutput::GpioOutput(GPIO_TypeDef *, unsigned short)
                        0x08001dd7    0xe  Code  Gb  GpioOutput.o [1]
Bsp::GpioOutput::GpioOutput(GPIO_TypeDef *, unsigned short) [subobject]
                        0x08001dcd    0xa  Code  Gb  GpioOutput.o [1]
Bsp::GpioOutput::HwInit()
                        0x08001de5   0x8a  Code  Gb  GpioOutput.o [1]
Bsp::GpioOutput::ReadOutputValue()
                        0x08002741    0xc  Code  Gb  Test.o [1]
Bsp::GpioOutput::SetOutput()
                        0x08003529    0xe  Code  Gb  SpiDriver.o [1]
Bsp::GpioOutput::ToggleOutput()
                        0x08001e8d   0x2a  Code  Gb  GpioOutput.o [1]
Bsp::HwButtonIntr::ClearEvent(Bsp::HwButtonIntr::BtnEvent_t)
                        0x08002f1b   0x10  Code  Gb  HwButtonIntr.o [1]
Bsp::HwButtonIntr::EventHandler()
                        0x08001415   0xa6  Code  Gb  HwButtonIntr.o [1]
Bsp::HwButtonIntr::HwButtonIntr(GPIO_TypeDef *, unsigned short, Bsp::Gpio::IntOnWhichEdge, Bsp::Gpio::EXTIMode)
                        0x08001279   0x5c  Code  Gb  HwButtonIntr.o [1]
Bsp::HwButtonIntr::HwInit()
                        0x080012d5    0xa  Code  Gb  HwButtonIntr.o [1]
Bsp::HwButtonIntr::ISR()
                        0x08003e39   0x84  Code  Gb  HwButtonIntr.o [1]
Bsp::HwButtonIntr::RegisterEventHandler(Bsp::HwButtonIntr::BtnEvent_t, void (*)())
                        0x080014bb   0x28  Code  Gb  HwButtonIntr.o [1]
Bsp::HwButtonIntr::RunStateMachine()
                        0x080012df  0x116  Code  Gb  HwButtonIntr.o [1]
Bsp::HwButtonIntr::RunStateMachine()::ElapsedTime
                        0x200003fc    0x4  Data  Lc  HwButtonIntr.o [1]
Bsp::HwButtonIntr::RunStateMachine(){1}{10}::LastClickStateEntered
                        0x20000400    0x4  Data  Lc  HwButtonIntr.o [1]
Bsp::HwButtonIntr::RunStateMachine(){1}{10}::temp
                        0x20000404    0x4  Data  Lc  HwButtonIntr.o [1]
Bsp::HwButtonIntr::SetEvent(Bsp::HwButtonIntr::BtnEvent_t)
                        0x08002f0d    0xe  Code  Gb  HwButtonIntr.o [1]
Bsp::HwButtonIntr::m_CurrentState
                        0x2000051b    0x1  Data  Gb  HwButtonIntr.o [1]
Bsp::HwButtonIntr::m_Pin
                        0x20000518    0x2  Data  Gb  HwButtonIntr.o [1]
Bsp::I2CDriver::HwInit()
                        0x0800158f   0xe4  Code  Gb  I2CDriver.o [1]
Bsp::I2CDriver::HwReset()
                        0x0800317d   0x48  Code  Gb  I2CDriver.o [1]
Bsp::I2CDriver::HwSendAddressWithDirection(unsigned char, Bsp::I2CDriver::I2CDir_t)
                        0x08001513   0x7a  Code  Gb  I2CDriver.o [1]
Bsp::I2CDriver::HwStart()
                        0x080031c5   0x68  Code  Gb  I2CDriver.o [1]
Bsp::I2CDriver::HwStop()
                        0x08003271   0x44  Code  Gb  I2CDriver.o [1]
Bsp::I2CDriver::HwWriteDataRegistor(unsigned char)
                        0x08003a57    0xc  Code  Gb  I2CDriver.o [1]
Bsp::I2CDriver::I2CDriver(Bsp::I2CDriver::I2CInstance_t, void (*)(), Bsp::I2CDriver::I2CMode_t, Bsp::I2CDriver::I2CBaudRate_t)
                        0x080014e5   0x2e  Code  Gb  I2CDriver.o [1]
Bsp::I2CDriver::Receive(u8, u8 *, u32)::Timeout
                        0x20000408    0x4  Data  Lc  I2CDriver.o [1]
Bsp::I2CDriver::Receive(unsigned char, unsigned char *, unsigned int)
                        0x080016dd  0x244  Code  Gb  I2CDriver.o [1]
Bsp::I2CDriver::Send(unsigned char, unsigned char *, unsigned int)
                        0x08001673   0x6a  Code  Gb  I2CDriver.o [1]
Bsp::I2CDriver::Transmit(unsigned char)
                        0x0800322d   0x44  Code  Gb  I2CDriver.o [1]
Bsp::I2CDriver::~I2CDriver()
                        0x0800158d    0x2  Code  Gb  I2CDriver.o [1]
Bsp::INA219::GetBusVoltage_V()
                        0x08001ac9   0x1a  Code  Gb  INA219.o [1]
Bsp::INA219::GetBusVoltage_raw()
                        0x08001a8d   0x1a  Code  Gb  INA219.o [1]
Bsp::INA219::GetCurrent_mA()
                        0x08001af5   0x20  Code  Gb  INA219.o [1]
Bsp::INA219::GetCurrent_raw()
                        0x08001aa7   0x22  Code  Gb  INA219.o [1]
Bsp::INA219::GetPower_mW()
                        0x08001b15   0x36  Code  Gb  INA219.o [1]
Bsp::INA219::INA219(Bsp::I2CDriver *, unsigned char)
                        0x080019ad    0xa  Code  Gb  INA219.o [1]
Bsp::INA219::ReadRegister(unsigned char, unsigned short *)
                        0x08001a23   0x3a  Code  Gb  INA219.o [1]
Bsp::INA219::Run(Bsp::INA219::Power_t *)
                        0x080019b9   0x46  Code  Gb  INA219.o [1]
Bsp::INA219::SetCalibration_32V_2A()
                        0x08001a5d   0x30  Code  Gb  INA219.o [1]
Bsp::INA219::WriteRegister(unsigned char, unsigned short)
                        0x080019ff   0x24  Code  Gb  INA219.o [1]
Bsp::INA219::~INA219()  0x080019b7    0x2  Code  Gb  INA219.o [1]
Bsp::InterruptManager::EnableInterrupt(Bsp::InterruptManager::IRQn)
                        0x080004bb   0x36  Code  Gb  InterruptManager.o [1]
Bsp::InterruptManager::GetInstance()
                        0x0800048d   0x2e  Code  Gb  InterruptManager.o [1]
Bsp::InterruptManager::GetInstance(){1}::InterruptManager_Instance
                        0x2000051d    0x1  Data  Lc  InterruptManager.o [1]
Bsp::InterruptManager::GetInstance(){1}::static guard for InterruptManager_Instance
                        0x2000051c    0x1  Data  Lc  InterruptManager.o [1]
Bsp::InterruptManager::NVICConfig(Bsp::InterruptManager::IRQn, unsigned char, unsigned char)
                        0x080004f1   0x3e  Code  Gb  InterruptManager.o [1]
Bsp::InterruptManager::RegisterInterrupt(void (*)(), Bsp::InterruptManager::IRQn)
                        0x080000ed  0x3a0  Code  Gb  InterruptManager.o [1]
Bsp::InterruptManager::m_ADC1_2_IRQHandler
                        0x20000478    0x4  Data  Gb  InterruptManager.o [1]
Bsp::InterruptManager::m_BusFault_Handler
                        0x2000041c    0x4  Data  Gb  InterruptManager.o [1]
Bsp::InterruptManager::m_CAN1_RX1_IRQHandler
                        0x20000484    0x4  Data  Gb  InterruptManager.o [1]
Bsp::InterruptManager::m_CAN1_SCE_IRQHandler
                        0x20000488    0x4  Data  Gb  InterruptManager.o [1]
Bsp::InterruptManager::m_DMA1_Channel1_IRQHandler
                        0x20000460    0x4  Data  Gb  InterruptManager.o [1]
Bsp::InterruptManager::m_DMA1_Channel2_IRQHandler
                        0x20000464    0x4  Data  Gb  InterruptManager.o [1]
Bsp::InterruptManager::m_DMA1_Channel4_IRQHandler
                        0x20000468    0x4  Data  Gb  InterruptManager.o [1]
Bsp::InterruptManager::m_DMA1_Channel5_IRQHandler
                        0x2000046c    0x4  Data  Gb  InterruptManager.o [1]
Bsp::InterruptManager::m_DMA1_Channel6_IRQHandler
                        0x20000470    0x4  Data  Gb  InterruptManager.o [1]
Bsp::InterruptManager::m_DMA1_Channel7_IRQHandler
                        0x20000474    0x4  Data  Gb  InterruptManager.o [1]
Bsp::InterruptManager::m_DebugMon_Handler
                        0x20000428    0x4  Data  Gb  InterruptManager.o [1]
Bsp::InterruptManager::m_EXTI0_IRQHandler
                        0x2000044c    0x4  Data  Gb  InterruptManager.o [1]
Bsp::InterruptManager::m_EXTI10_IRQHandler
                        0x200004ec    0x4  Data  Gb  InterruptManager.o [1]
Bsp::InterruptManager::m_EXTI11_IRQHandler
                        0x200004f0    0x4  Data  Gb  InterruptManager.o [1]
Bsp::InterruptManager::m_EXTI12_IRQHandler
                        0x200004f4    0x4  Data  Gb  InterruptManager.o [1]
Bsp::InterruptManager::m_EXTI13_IRQHandler
                        0x200004f8    0x4  Data  Gb  InterruptManager.o [1]
Bsp::InterruptManager::m_EXTI14_IRQHandler
                        0x200004fc    0x4  Data  Gb  InterruptManager.o [1]
Bsp::InterruptManager::m_EXTI15_10_IRQHandler
                        0x200004cc    0x4  Data  Gb  InterruptManager.o [1]
Bsp::InterruptManager::m_EXTI15_IRQHandler
                        0x20000500    0x4  Data  Gb  InterruptManager.o [1]
Bsp::InterruptManager::m_EXTI1_IRQHandler
                        0x20000450    0x4  Data  Gb  InterruptManager.o [1]
Bsp::InterruptManager::m_EXTI2_IRQHandler
                        0x20000454    0x4  Data  Gb  InterruptManager.o [1]
Bsp::InterruptManager::m_EXTI3_IRQHandler
                        0x20000458    0x4  Data  Gb  InterruptManager.o [1]
Bsp::InterruptManager::m_EXTI4_IRQHandler
                        0x2000045c    0x4  Data  Gb  InterruptManager.o [1]
Bsp::InterruptManager::m_EXTI5_IRQHandler
                        0x200004d8    0x4  Data  Gb  InterruptManager.o [1]
Bsp::InterruptManager::m_EXTI6_IRQHandler
                        0x200004dc    0x4  Data  Gb  InterruptManager.o [1]
Bsp::InterruptManager::m_EXTI7_IRQHandler
                        0x200004e0    0x4  Data  Gb  InterruptManager.o [1]
Bsp::InterruptManager::m_EXTI8_IRQHandler
                        0x200004e4    0x4  Data  Gb  InterruptManager.o [1]
Bsp::InterruptManager::m_EXTI9_5_IRQHandler
                        0x2000048c    0x4  Data  Gb  InterruptManager.o [1]
Bsp::InterruptManager::m_EXTI9_IRQHandler
                        0x200004e8    0x4  Data  Gb  InterruptManager.o [1]
Bsp::InterruptManager::m_FLASH_IRQHandler
                        0x20000444    0x4  Data  Gb  InterruptManager.o [1]
Bsp::InterruptManager::m_HardFault_Handler
                        0x20000414    0x4  Data  Gb  InterruptManager.o [1]
Bsp::InterruptManager::m_I2C1_ER_IRQHandler
                        0x200004ac    0x4  Data  Gb  InterruptManager.o [1]
Bsp::InterruptManager::m_I2C2_ER_IRQHandler
                        0x200004b4    0x4  Data  Gb  InterruptManager.o [1]
Bsp::InterruptManager::m_I2C2_EV_IRQHandler
                        0x200004b0    0x4  Data  Gb  InterruptManager.o [1]
Bsp::InterruptManager::m_MemManage_Handler
                        0x20000418    0x4  Data  Gb  InterruptManager.o [1]
Bsp::InterruptManager::m_NMI_Handler
                        0x20000410    0x4  Data  Gb  InterruptManager.o [1]
Bsp::InterruptManager::m_PVD_IRQHandler
                        0x20000438    0x4  Data  Gb  InterruptManager.o [1]
Bsp::InterruptManager::m_PendSV_Handler
                        0x2000042c    0x4  Data  Gb  InterruptManager.o [1]
Bsp::InterruptManager::m_RCC_IRQHandler
                        0x20000448    0x4  Data  Gb  InterruptManager.o [1]
Bsp::InterruptManager::m_RTCAlarm_IRQHandler
                        0x200004d0    0x4  Data  Gb  InterruptManager.o [1]
Bsp::InterruptManager::m_RTC_IRQHandler
                        0x20000440    0x4  Data  Gb  InterruptManager.o [1]
Bsp::InterruptManager::m_SPI1_IRQHandler
                        0x200004b8    0x4  Data  Gb  InterruptManager.o [1]
Bsp::InterruptManager::m_SPI2_IRQHandler
                        0x200004bc    0x4  Data  Gb  InterruptManager.o [1]
Bsp::InterruptManager::m_SVC_Handler
                        0x20000424    0x4  Data  Gb  InterruptManager.o [1]
Bsp::InterruptManager::m_SysTick_Handler
                        0x20000430    0x4  Data  Gb  InterruptManager.o [1]
Bsp::InterruptManager::m_TAMPER_IRQHandler
                        0x2000043c    0x4  Data  Gb  InterruptManager.o [1]
Bsp::InterruptManager::m_TIM1_BRK_IRQHandler
                        0x20000490    0x4  Data  Gb  InterruptManager.o [1]
Bsp::InterruptManager::m_TIM1_CC_IRQHandler
                        0x2000049c    0x4  Data  Gb  InterruptManager.o [1]
Bsp::InterruptManager::m_TIM1_TRG_COM_IRQHandler
                        0x20000498    0x4  Data  Gb  InterruptManager.o [1]
Bsp::InterruptManager::m_TIM1_UP_IRQHandler
                        0x20000494    0x4  Data  Gb  InterruptManager.o [1]
Bsp::InterruptManager::m_TIM2_IRQHandler
                        0x200004a0    0x4  Data  Gb  InterruptManager.o [1]
Bsp::InterruptManager::m_TIM3_IRQHandler
                        0x200004a4    0x4  Data  Gb  InterruptManager.o [1]
Bsp::InterruptManager::m_TIM4_IRQHandler
                        0x200004a8    0x4  Data  Gb  InterruptManager.o [1]
Bsp::InterruptManager::m_USART1_IRQHandler
                        0x200004c0    0x4  Data  Gb  InterruptManager.o [1]
Bsp::InterruptManager::m_USART2_IRQHandler
                        0x200004c4    0x4  Data  Gb  InterruptManager.o [1]
Bsp::InterruptManager::m_USART3_IRQHandler
                        0x200004c8    0x4  Data  Gb  InterruptManager.o [1]
Bsp::InterruptManager::m_USBWakeUp_IRQHandler
                        0x200004d4    0x4  Data  Gb  InterruptManager.o [1]
Bsp::InterruptManager::m_USB_HP_CAN1_TX_IRQHandler
                        0x2000047c    0x4  Data  Gb  InterruptManager.o [1]
Bsp::InterruptManager::m_USB_LP_CAN1_RX0_IRQHandler
                        0x20000480    0x4  Data  Gb  InterruptManager.o [1]
Bsp::InterruptManager::m_UsageFault_Handler
                        0x20000420    0x4  Data  Gb  InterruptManager.o [1]
Bsp::InterruptManager::m_WWDG_IRQHandler
                        0x20000434    0x4  Data  Gb  InterruptManager.o [1]
Bsp::InterruptManager::m_pInterruptManager
                        0x2000040c    0x4  Data  Gb  InterruptManager.o [1]
Bsp::Peripheral::GetClockManager()
                        0x080041db    0x8  Code  Gb  Peripheral.o [1]
Bsp::Peripheral::GetInterruptManager()
                        0x080041e3    0x8  Code  Gb  Peripheral.o [1]
Bsp::Peripheral::HwClockEnable(Bsp::PeripheralBase::Peripheral_t)
                        0x080041a1   0x12  Code  Gb  Peripheral.o [1]
Bsp::Peripheral::HwEnableInterrupt(Bsp::PeripheralBase::IRQn)
                        0x080041c9   0x12  Code  Gb  Peripheral.o [1]
Bsp::Peripheral::RegisterInterrupt(void (*)(), Bsp::PeripheralBase::IRQn, unsigned char)
                        0x080041b3   0x16  Code  Gb  Peripheral.o [1]
Bsp::Screen::AddText(char *)
                        0x080023b7    0xe  Code  Gb  Screen.o [1]
Bsp::Screen::EventHandler(Bsp::Screen::Event_t)
                        0x0800240d   0x1c  Code  Gb  Screen.o [1]
Bsp::Screen::GetScreenTextArray()
                        0x08003545    0x4  Code  Gb  Test.o [1]
Bsp::Screen::Screen()   0x08002395   0x18  Code  Gb  Screen.o [1]
Bsp::Screen::Screen() [subobject]
                        0x08002385    0x8  Code  Gb  Screen.o [1]
Bsp::Screen::SetText(unsigned char, unsigned char, char const *, unsigned char)
                        0x080023c5   0x48  Code  Gb  Screen.o [1]
Bsp::Screen::~Screen()  0x080023b5    0x2  Code  Gb  Screen.o [1]
Bsp::Screen::~Screen() [subobject]
                        0x0800238d    0x8  Code  Gb  Screen.o [1]
Bsp::SpiDriver::ChipSelect(Bsp::SpiDriver::ChipSelect_t)
                        0x08001d81   0x18  Code  Gb  SpiDriver.o [1]
Bsp::SpiDriver::HwInit()
                        0x08001b71  0x1ee  Code  Gb  SpiDriver.o [1]
Bsp::SpiDriver::HwInit()::ChipSelectObj
                        0x2000035c   0x14  Data  Lc  SpiDriver.o [1]
Bsp::SpiDriver::HwInit()::static guard for ChipSelectObj
                        0x2000051e    0x1  Data  Lc  SpiDriver.o [1]
Bsp::SpiDriver::SendByte(unsigned char)
                        0x08001d99   0x34  Code  Gb  SpiDriver.o [1]
Bsp::SpiDriver::SpiDriver(Bsp::SpiDriver::SpiInstance_t, void (*)(), Bsp::SpiDriver::SpiMode_t, Bsp::SpiDriver::SpiBaudRate_t)
                        0x08001b4d   0x24  Code  Gb  SpiDriver.o [1]
Bsp::SysTickTimer::DelayTicks(unsigned int)
                        0x080027e5   0x34  Code  Gb  SysTickTimer.o [1]
Bsp::SysTickTimer::GetTicks()
                        0x08002ee9    0xc  Code  Gb  SysTickTimer.o [1]
Bsp::SysTickTimer::GetTicksSince(unsigned int)
                        0x08002ef5   0x18  Code  Gb  HwButtonIntr.o [1]
Bsp::SysTickTimer::HwInit(unsigned int)
                        0x080027c1   0x24  Code  Gb  SysTickTimer.o [1]
Bsp::SysTickTimer::IncrementTicks()
                        0x08003695   0x10  Code  Gb  SysTickTimer.o [1]
Bsp::SysTickTimer::m_ticks
                        0x20000504    0x4  Data  Gb  SysTickTimer.o [1]
BusFault_Handler        0x0800439b    0x2  Code  Gb  stm32f10x_it.o [1]
CSTACK$$Base            0x200006e0          --   Gb  - Linker created -
CSTACK$$Limit           0x20000ee0          --   Gb  - Linker created -
ClickEvent()            0x08000cbd    0x8  Code  Gb  Test.o [1]
CreateUI()              0x08000c77   0x46  Code  Gb  Test.o [1]
Create_Alarm_Clock()    0x08000c49   0x2e  Code  Gb  Test.o [1]
DataCommandSelectGpio   0x20000384   0x14  Data  Lc  Test.o [1]
DebugMon_Handler        0x080043a1    0x2  Code  Gb  stm32f10x_it.o [1]
DtorRecArray            0x20000524    0xc  Data  Lc  cppinit.o [3]
EXTI0_IRQHandler        0x080006b3   0x18  Code  Gb  InterruptManager.o [1]
EXTI15_10_IRQHandler    0x080005d9   0xda  Code  Gb  InterruptManager.o [1]
EXTI1_IRQHandler        0x080006cb   0x18  Code  Gb  InterruptManager.o [1]
EXTI2_IRQHandler        0x080006e3   0x18  Code  Gb  InterruptManager.o [1]
EXTI3_IRQHandler        0x080006fb   0x18  Code  Gb  InterruptManager.o [1]
EXTI4_IRQHandler        0x08000713   0x18  Code  Gb  InterruptManager.o [1]
EXTI9_5_IRQHandler      0x0800052f   0xaa  Code  Gb  InterruptManager.o [1]
EXTI_ClearITPendingBit  0x0800098d    0x6  Code  Gb  stm32f10x_exti.o [1]
EXTI_GetITStatus        0x0800096d   0x20  Code  Gb  stm32f10x_exti.o [1]
EXTI_Init               0x080008e9   0x84  Code  Gb  stm32f10x_exti.o [1]
GPIO_EXTILineConfig     0x08002e8f   0x56  Code  Gb  stm32f10x_gpio.o [1]
GPIO_Init               0x08002da5   0xc4  Code  Gb  stm32f10x_gpio.o [1]
GPIO_ReadOutputDataBit  0x08002e69   0x14  Code  Gb  stm32f10x_gpio.o [1]
GPIO_WriteBit           0x08002e7d   0x12  Code  Gb  stm32f10x_gpio.o [1]
GpioInput_ISR()         0x08000b2d   0x10  Code  Gb  Test.o [1]
GpioInput_ISR()::i      0x20000508    0x4  Data  Lc  Test.o [1]
HardFault_Handler       0x08004397    0x2  Code  Gb  stm32f10x_it.o [1]
HwButton_A2             0x200001ac   0x94  Data  Lc  Test.o [1]
I2C_AcknowledgeConfig   0x080030b9   0x1c  Code  Gb  stm32f10x_i2c.o [1]
I2C_CheckEvent          0x08003115   0x24  Code  Gb  stm32f10x_i2c.o [1]
I2C_Cmd                 0x08003065   0x1c  Code  Gb  stm32f10x_i2c.o [1]
I2C_GenerateSTART       0x08003081   0x1c  Code  Gb  stm32f10x_i2c.o [1]
I2C_GenerateSTOP        0x0800309d   0x1c  Code  Gb  stm32f10x_i2c.o [1]
I2C_GetFlagStatus       0x08003139   0x42  Code  Gb  stm32f10x_i2c.o [1]
I2C_Init                0x08002f95   0xc4  Code  Gb  stm32f10x_i2c.o [1]
I2C_PECPositionConfig   0x080030f7   0x1e  Code  Gb  stm32f10x_i2c.o [1]
I2C_ReceiveData         0x080030db    0x6  Code  Gb  stm32f10x_i2c.o [1]
I2C_Send7bitAddress     0x080030e1   0x16  Code  Gb  stm32f10x_i2c.o [1]
I2C_SendData            0x080030d5    0x6  Code  Gb  stm32f10x_i2c.o [1]
INA219_I2C              0x20000298   0x44  Data  Lc  Test.o [1]
INA219_Obj              0x20000344   0x18  Data  Lc  Test.o [1]
Init_Tests()            0x08000ab3   0x7a  Code  Gb  Test.o [1]
Led::Led(GPIO_TypeDef *, unsigned short)
                        0x08001259   0x1a  Code  Gb  Led.o [1]
Led::Toggle()           0x08002615    0x8  Code  Gb  Test.o [1]
Led_PC13                0x2000032c   0x18  Data  Lc  Test.o [1]
Line0Menu0LongLongTouchHandler()
                        0x08000d29   0x16  Code  Gb  Test.o [1]
Line0Menu0LongTouchHandler()
                        0x08000cd5    0xa  Code  Gb  Test.o [1]
LongLongPressEvent()    0x08000ccd    0x8  Code  Gb  Test.o [1]
LongPressEvent()        0x08000cc5    0x8  Code  Gb  Test.o [1]
LongTouchBackLightHandler()
                        0x08000ce1   0x46  Code  Gb  Test.o [1]
MemManage_Handler       0x08004399    0x2  Code  Gb  stm32f10x_it.o [1]
MyUI                    0x200002dc   0x30  Data  Gb  Test.o [1]
NMI_Handler             0x08004395    0x2  Code  Gb  stm32f10x_it.o [1]
NVIC_Init               0x0800083b   0x60  Code  Gb  misc.o [1]
NVIC_PriorityGroupConfig
                        0x08000831    0xa  Code  Gb  misc.o [1]
NVIC_SetVectorTable     0x0800089b    0xc  Code  Gb  misc.o [1]
NokiaLCD                0x200003c0   0x10  Data  Gb  Test.o [1]
OneSecondHandler()      0x08000c3f    0xa  Code  Gb  Test.o [1]
PendSV_Handler          0x080043a3    0x2  Code  Gb  stm32f10x_it.o [1]
Power                   0x200003d0    0xc  Data  Lc  Test.o [1]
PowerMonitorScreen      0x20000240   0x58  Data  Lc  Test.o [1]
RCC_AHBPeriphClockCmd   0x08003883   0x20  Code  Gb  stm32f10x_rcc.o [1]
RCC_APB1PeriphClockCmd  0x080038c3   0x20  Code  Gb  stm32f10x_rcc.o [1]
RCC_APB1PeriphResetCmd  0x080038e3   0x20  Code  Gb  stm32f10x_rcc.o [1]
RCC_APB2PeriphClockCmd  0x080038a3   0x20  Code  Gb  stm32f10x_rcc.o [1]
RCC_DeInit              0x080036a5   0x60  Code  Gb  stm32f10x_rcc.o [1]
RCC_GetClocksFreq       0x080037c9   0xba  Code  Gb  stm32f10x_rcc.o [1]
RCC_GetFlagStatus       0x08003903   0x3c  Code  Gb  stm32f10x_rcc.o [1]
RCC_GetSYSCLKSource     0x08003787    0xa  Code  Gb  stm32f10x_rcc.o [1]
RCC_HCLKConfig          0x08003791   0x12  Code  Gb  stm32f10x_rcc.o [1]
RCC_HSEConfig           0x08003705   0x54  Code  Gb  stm32f10x_rcc.o [1]
RCC_PCLK1Config         0x080037a3   0x12  Code  Gb  stm32f10x_rcc.o [1]
RCC_PCLK2Config         0x080037b5   0x14  Code  Gb  stm32f10x_rcc.o [1]
RCC_PLLCmd              0x0800376d    0x8  Code  Gb  stm32f10x_rcc.o [1]
RCC_PLLConfig           0x08003759   0x14  Code  Gb  stm32f10x_rcc.o [1]
RCC_SYSCLKConfig        0x08003775   0x12  Code  Gb  stm32f10x_rcc.o [1]
Region$$Table$$Base     0x08004240          --   Gb  - Linker created -
Region$$Table$$Limit    0x08004268          --   Gb  - Linker created -
ResetPinGpio            0x20000398   0x14  Data  Lc  Test.o [1]
RunTests()              0x08000b3d  0x102  Code  Gb  Test.o [1]
SHT$$INIT_ARRAY$$Base   0x08004464          --   Gb  - Linker created -
SHT$$INIT_ARRAY$$Limit  0x08004468          --   Gb  - Linker created -
SHT$$PREINIT_ARRAY$$Base
                        0x08004464          --   Gb  - Linker created -
SHT$$PREINIT_ARRAY$$Limit
                        0x08004464          --   Gb  - Linker created -
SPI_Cmd                 0x080034f3   0x1c  Code  Gb  stm32f10x_spi.o [1]
SPI_I2S_GetFlagStatus   0x08003517   0x12  Code  Gb  stm32f10x_spi.o [1]
SPI_I2S_ReceiveData     0x08003513    0x4  Code  Gb  stm32f10x_spi.o [1]
SPI_I2S_SendData        0x0800350f    0x4  Code  Gb  stm32f10x_spi.o [1]
SPI_Init                0x080034b5   0x3e  Code  Gb  stm32f10x_spi.o [1]
SVC_Handler             0x0800439f    0x2  Code  Gb  stm32f10x_it.o [1]
SpiDriverLCD            0x2000030c   0x20  Data  Lc  Test.o [1]
SysTick_CLKSourceConfig
                        0x080008a7   0x20  Code  Gb  misc.o [1]
SysTick_Handler         0x080027b9    0x8  Code  Gb  SysTickTimer.o [1]
SystemInit              0x08003c45   0x54  Code  Gb  system_stm32f10x.o [1]
TestGpio_WithoutInterrupt
                        0x20000370   0x14  Data  Lc  Test.o [1]
UsageFault_Handler      0x0800439d    0x2  Code  Gb  stm32f10x_it.o [1]
Utility::Clock::Alarm_t::Alarm_t()
                        0x08004341   0x14  Code  Gb  Test.o [1]
Utility::Clock::Alarm_t::~Alarm_t()
                        0x080014e3    0x2  Code  Gb  Test.o [1]
Utility::Clock::Clock()
                        0x08002429   0x20  Code  Gb  Test.o [1]
Utility::Clock::CreateAlarm(Utility::Clock::AlarmType_t, Utility::Time, void (*)())
                        0x08002451   0x64  Code  Gb  Clock.o [1]
Utility::Clock::GetCurrentTime()
                        0x08003643    0xa  Code  Gb  Clock.o [1]
Utility::Clock::GetCurrentTimeString(char *)
                        0x0800260d    0x8  Code  Gb  Test.o [1]
Utility::Clock::IncrementSec()
                        0x08002511    0xe  Code  Gb  Clock.o [1]
Utility::Clock::ReloadAlarmTime(unsigned int)
                        0x080024c9   0x48  Code  Gb  Clock.o [1]
Utility::Clock::Run()   0x08002595   0x16  Code  Gb  Clock.o [1]
Utility::Clock::RunAlarmHandler()
                        0x080025ab   0x62  Code  Gb  Clock.o [1]
Utility::Clock::StartAlarm(unsigned int)
                        0x080024b5   0x14  Code  Gb  Clock.o [1]
Utility::Clock::UpdateAlarms()
                        0x0800251f   0x76  Code  Gb  Clock.o [1]
Utility::Clock::UpdateCurrentTime()
                        0x08003659   0x3c  Code  Gb  Clock.o [1]
Utility::Clock::UpdateCurrentTime()::TickDifference
                        0x200003f4    0x4  Data  Gb  Clock.o [1]
Utility::Clock::~Clock()
                        0x0800430d   0x1c  Code  Gb  Test.o [1]
Utility::Time::Get(char *)
                        0x080026b9   0x30  Code  Gb  Time.o [1]
Utility::Time::GetHrs()
                        0x0800364d    0x4  Code  Gb  Clock.o [1]
Utility::Time::GetMin()
                        0x08003651    0x4  Code  Gb  Clock.o [1]
Utility::Time::GetSec()
                        0x08003655    0x4  Code  Gb  Clock.o [1]
Utility::Time::Time()   0x08003635    0xe  Code  Gb  Time.o [1]
Utility::Time::Time(unsigned char, unsigned char, unsigned char)
                        0x0800261d   0x1c  Code  Gb  Time.o [1]
Utility::Time::operator +(Utility::Time)
                        0x08002639   0x4c  Code  Gb  Time.o [1]
Utility::Time::operator ++(int)
                        0x08002685   0x34  Code  Gb  Time.o [1]
Virtual function table for Bsp::ControlScreen
                        0x080042d4   0x1c  Data  Gb  ControlScreen.o [1]
Virtual function table for Bsp::GpioInput
                        0x08003fe0   0x40  Data  Gb  GpioInput.o [1]
Virtual function table for Bsp::GpioOutput
                        0x08004020   0x40  Data  Gb  GpioOutput.o [1]
Virtual function table for Bsp::HwButtonIntr
                        0x08004060   0x40  Data  Gb  HwButtonIntr.o [1]
Virtual function table for Bsp::I2CDriver
                        0x080040a0   0x40  Data  Gb  I2CDriver.o [1]
Virtual function table for Bsp::INA219
                        0x08004354   0x10  Data  Gb  INA219.o [1]
Virtual function table for Bsp::Screen
                        0x080042f0   0x1c  Data  Gb  Screen.o [1]
Virtual function table for Bsp::SpiDriver
                        0x08004120   0x40  Data  Gb  SpiDriver.o [1]
Virtual function table for Led
                        0x080040e0   0x40  Data  Gb  Led.o [1]
[local to Nokia5110LCD_cpp]::App::ASCII
                        0x08003a64  0x1e0  Data  Lc  Nokia5110LCD.o [1]
[local to SysTickTimer_cpp]::NVIC_SetPriority(IRQn, unsigned int)
                        0x08002755   0x22  Code  Lc  SysTickTimer.o [1]
[local to SysTickTimer_cpp]::SysTick_Config(unsigned int)
                        0x08002777   0x2e  Code  Lc  SysTickTimer.o [1]
[local to main_cpp]::prvSetupHardware()
                        0x08003db5   0x7e  Code  Lc  main.o [1]
[local to system_stm32f10x_c]::SetSysClock()
                        0x08003c99    0x8  Code  Lc  system_stm32f10x.o [1]
[local to system_stm32f10x_c]::SetSysClockTo72()
                        0x08003ca1   0xe0  Code  Lc  system_stm32f10x.o [1]
__aeabi_atexit          0x080019a3    0xa  Code  Gb  cxxabi.o [4]
__aeabi_cdcmpeq         0x08002a8d         Code  Gb  DblCmpEq.o [5]
__aeabi_cfcmple         0x08003355         Code  Gb  FltCmpLe.o [5]
__aeabi_d2f             0x08002d3d         Code  Gb  DblToFlt.o [5]
__aeabi_ddiv            0x08002aad         Code  Gb  DblDiv.o [5]
__aeabi_dmul            0x080028e9         Code  Gb  DblMul.o [5]
__aeabi_f2d             0x08002cf5         Code  Gb  FltToDbl.o [5]
__aeabi_f2iz            0x08002819         Code  Gb  FltToS32.o [5]
__aeabi_fdiv            0x080033b9         Code  Gb  FltDiv.o [5]
__aeabi_fsub            0x08002869         Code  Gb  FltSub.o [5]
__aeabi_i2d             0x08003379         Code  Gb  S32ToDbl.o [5]
__aeabi_i2f             0x08002845         Code  Gb  S32ToFlt.o [5]
__aeabi_memcpy          0x08003549         Code  Gb  ABImemcpy.o [6]
__aeabi_memcpy4         0x08003569         Code  Gb  ABImemcpy.o [6]
__aeabi_memcpy8         0x08003569         Code  Gb  ABImemcpy.o [6]
__aeabi_memset          0x08002f2d         Code  Gb  ABImemset.o [6]
__aeabi_ui2f            0x0800339d         Code  Gb  U32ToFlt.o [5]
__aeabi_vec_ctor_nocookie_nodtor
                        0x08001955   0x28  Code  Gb  cxxabi.o [4]
__aeabi_vec_dtor        0x0800197d   0x26  Code  Gb  cxxabi.o [4]
__call_ctors            0x080032b5   0x18  Code  Gb  cppinit.o [3]
__call_dtors            0x08003303    0xc  Code  Gb  cppinit.o [3]
__call_dtors0           0x0800330f   0x36  Code  Gb  cppinit.o [3]
__cexit_call_dtors      0x080042b3         Code  Gb  cexit.o [6]
__cmain                 0x08004289         Code  Gb  cmain.o [6]
__cstart_call_dtors     0x08004468         Data  Gb  cstart_call_dtors.o [6]
__cxa_atexit            0x080032cd   0x36  Code  Gb  cppinit.o [3]
__dso_handle            0x20000514    0x4  Data  Gb  cppinit.o [3]
__exit                  0x080042c1   0x14  Code  Gb  exit.o [7]
__iar_Memset            0x08002f2d         Code  Gb  ABImemset.o [6]
__iar_Memset_word       0x08002f35         Code  Gb  ABImemset.o [6]
__iar_copy_init3        0x080041eb   0x2c  Code  Gb  copy_init3.o [6]
__iar_cstart_call_ctors
                        0x08004269   0x20  Code  Gb  cmain_call_ctors.o [6]
__iar_data_init3        0x08004219   0x28  Code  Gb  data_init.o [6]
__iar_debug_exceptions  0x08001b4a    0x1  Data  Gb  unwind_debug.o [7]
__iar_fadd              0x08002875         Code  Gb  FltSub.o [5]
__iar_fsub              0x08003981         Code  Gb  FltAdd.o [5]
__iar_fsubStart         0x08003991         Code  Gb  FltAdd.o [5]
__iar_program_start     0x080043a5         Code  Gb  cstartup_M.o [6]
__iar_systems$$module {Abs}
                        0x00000001         Data  Gb  command line/config [2]
__iar_tls$$INIT_ARRAY$$Base
                        0x08004468          --   Gb  - Linker created -
__iar_tls$$INIT_ARRAY$$Limit
                        0x08004468          --   Gb  - Linker created -
__iar_zero_init3        0x08004161   0x40  Code  Gb  zero_init3.o [6]
__low_level_init        0x080042a7    0x4  Code  Gb  low_level_init.o [3]
__sti__routine          0x080009a9  0x10a  Code  Lc  Test.o [1]
__vector_table          0x08000000         Data  Gb  startup_stm32f10x_md.o [1]
_call_main              0x08004295         Code  Gb  cmain.o [6]
_exit                   0x080042b1         Code  Gb  cexit.o [6]
_main                   0x080042a3         Code  Gb  cmain.o [6]
aCurrent                0x200003dc    0xc  Data  Gb  Test.o [1]
aVoltage                0x200003e8    0xc  Data  Gb  Test.o [1]
exit                    0x080042ab    0x4  Code  Gb  exit.o [3]
ftoa(float, char *, int)
                        0x08000d99   0xde  Code  Gb  Test.o [1]
gEvent                  0x20000014    0x1  Data  Gb  Test.o [1]
intToStr(int, char *, int)
                        0x08000d5b   0x3e  Code  Gb  Test.o [1]
main                    0x08003d9d   0x18  Code  Gb  main.o [1]
myControlScreen         0x20000018   0xe8  Data  Lc  Test.o [1]
myControlScreenHandle   0x2000051f    0x1  Data  Lc  Test.o [1]
nClock                  0x20000100   0xac  Data  Gb  Test.o [1]
nClockHandle            0x2000050c    0x4  Data  Lc  Test.o [1]
next_abi_dtor_rec       0x20000510    0x4  Data  Lc  cppinit.o [3]
reverse(char *, int)    0x08000d3f   0x1c  Code  Gb  Test.o [1]


[1] = C:\Amit Caudhary\STM32_IAR\Projects\CppFirmware\Debug\Obj
[2] = command line
[3] = dl7M_tln.a
[4] = dlpp7M_tl_nc.a
[5] = m7M_tl.a
[6] = rt7M_tl.a
[7] = shb_l.a

  16 271 bytes of readonly  code memory
   1 241 bytes of readonly  data memory
   3 804 bytes of readwrite data memory

Errors: none
Warnings: none
