###############################################################################
#
# IAR ELF Linker V8.20.1.14183/W32 for ARM                20/Jan/2018  22:49:40
# Copyright 2007-2017 IAR Systems AB.
#
#    Output file  =  
#        C:\Amit
#        Caudhary\STM32_IAR\Projects\CppFirmware\Debug\Exe\Cpp_Firmware_STM32F103C8.out
#    Map file     =  
#        C:\Amit
#        Caudhary\STM32_IAR\Projects\CppFirmware\Debug\List\Cpp_Firmware_STM32F103C8.map
#    Command line =  
#        -f C:\Users\AMITCH~1\AppData\Local\Temp\EWEC97.tmp ("C:\Amit
#        Caudhary\STM32_IAR\Projects\CppFirmware\Debug\Obj\Clock.o" "C:\Amit
#        Caudhary\STM32_IAR\Projects\CppFirmware\Debug\Obj\ClockManager.o"
#        "C:\Amit
#        Caudhary\STM32_IAR\Projects\CppFirmware\Debug\Obj\ControlScreen.o"
#        "C:\Amit Caudhary\STM32_IAR\Projects\CppFirmware\Debug\Obj\DS3231.o"
#        "C:\Amit
#        Caudhary\STM32_IAR\Projects\CppFirmware\Debug\Obj\GpioInput.o"
#        "C:\Amit
#        Caudhary\STM32_IAR\Projects\CppFirmware\Debug\Obj\GpioOutput.o"
#        "C:\Amit Caudhary\STM32_IAR\Projects\CppFirmware\Debug\Obj\HwButton.o"
#        "C:\Amit
#        Caudhary\STM32_IAR\Projects\CppFirmware\Debug\Obj\HwButtonIntr.o"
#        "C:\Amit
#        Caudhary\STM32_IAR\Projects\CppFirmware\Debug\Obj\I2CDriver.o"
#        "C:\Amit Caudhary\STM32_IAR\Projects\CppFirmware\Debug\Obj\INA219.o"
#        "C:\Amit
#        Caudhary\STM32_IAR\Projects\CppFirmware\Debug\Obj\InterruptManager.o"
#        "C:\Amit Caudhary\STM32_IAR\Projects\CppFirmware\Debug\Obj\Led.o"
#        "C:\Amit Caudhary\STM32_IAR\Projects\CppFirmware\Debug\Obj\main.o"
#        "C:\Amit
#        Caudhary\STM32_IAR\Projects\CppFirmware\Debug\Obj\MilliTime.o"
#        "C:\Amit Caudhary\STM32_IAR\Projects\CppFirmware\Debug\Obj\misc.o"
#        "C:\Amit
#        Caudhary\STM32_IAR\Projects\CppFirmware\Debug\Obj\Nokia5110LCD.o"
#        "C:\Amit
#        Caudhary\STM32_IAR\Projects\CppFirmware\Debug\Obj\Peripheral.o"
#        "C:\Amit Caudhary\STM32_IAR\Projects\CppFirmware\Debug\Obj\Screen.o"
#        "C:\Amit
#        Caudhary\STM32_IAR\Projects\CppFirmware\Debug\Obj\SpiDriver.o"
#        "C:\Amit
#        Caudhary\STM32_IAR\Projects\CppFirmware\Debug\Obj\startup_stm32f10x_md.o"
#        "C:\Amit
#        Caudhary\STM32_IAR\Projects\CppFirmware\Debug\Obj\stm32f10x_exti.o"
#        "C:\Amit
#        Caudhary\STM32_IAR\Projects\CppFirmware\Debug\Obj\stm32f10x_gpio.o"
#        "C:\Amit
#        Caudhary\STM32_IAR\Projects\CppFirmware\Debug\Obj\stm32f10x_i2c.o"
#        "C:\Amit
#        Caudhary\STM32_IAR\Projects\CppFirmware\Debug\Obj\stm32f10x_it.o"
#        "C:\Amit
#        Caudhary\STM32_IAR\Projects\CppFirmware\Debug\Obj\stm32f10x_rcc.o"
#        "C:\Amit
#        Caudhary\STM32_IAR\Projects\CppFirmware\Debug\Obj\stm32f10x_spi.o"
#        "C:\Amit
#        Caudhary\STM32_IAR\Projects\CppFirmware\Debug\Obj\stm32f10x_usart.o"
#        "C:\Amit
#        Caudhary\STM32_IAR\Projects\CppFirmware\Debug\Obj\system_stm32f10x.o"
#        "C:\Amit
#        Caudhary\STM32_IAR\Projects\CppFirmware\Debug\Obj\SysTickTimer.o"
#        "C:\Amit Caudhary\STM32_IAR\Projects\CppFirmware\Debug\Obj\Test.o"
#        "C:\Amit Caudhary\STM32_IAR\Projects\CppFirmware\Debug\Obj\Time.o"
#        "C:\Amit Caudhary\STM32_IAR\Projects\CppFirmware\Debug\Obj\UI.o" -o
#        "C:\Amit
#        Caudhary\STM32_IAR\Projects\CppFirmware\Debug\Exe\Cpp_Firmware_STM32F103C8.out"
#        --redirect _Printf=_PrintfFullNoMb --redirect _Scanf=_ScanfFullNoMb
#        --map "C:\Amit
#        Caudhary\STM32_IAR\Projects\CppFirmware\Debug\List\Cpp_Firmware_STM32F103C8.map"
#        --config "C:\Program Files (x86)\IAR Systems\Embedded Workbench
#        8.0\arm\config\linker\ST\stm32f103x8.icf" --semihosting --entry
#        __iar_program_start --vfe --text_out locale)
#
###############################################################################

*******************************************************************************
*** RUNTIME MODEL ATTRIBUTES
***

CppFlavor                     = *
__CPP_Exceptions              = Disabled
__CPP_Language                = C++14
__Heap_Handler                = Basic
__SystemLibrary               = DLib
__dlib_dynamic_initialization = normal
__dlib_version                = 6


*******************************************************************************
*** HEAP SELECTION
***

The basic heap was selected because some modules are built with
size limitations (and not runtime checking), and --advanced_heap
was not specified.


*******************************************************************************
*** PLACEMENT SUMMARY
***

"A0":  place at 0x08000000 { ro section .intvec };
"P1":  place in [from 0x08000000 to 0x0800ffff] { ro };
define block CSTACK with size = 2K, alignment = 8 { };
define block HEAP with size = 2K, alignment = 8 { };
"P2":  place in [from 0x20000000 to 0x20004fff] {
          rw, block CSTACK, block HEAP };
initialize by copy { rw };

  Section                Kind        Address    Size  Object
  -------                ----        -------    ----  ------
"A0":                                           0xec
  .intvec                ro code  0x08000000    0xec  startup_stm32f10x_md.o [1]
                                - 0x080000ec    0xec

"P1":                                         0x4da2
  .text                  ro code  0x080000ec   0x842  DS3231.o [1]
  .text                  ro code  0x0800092e     0x2  Test.o [1]
  .text                  ro code  0x08000930    0xa6  ABImemcpy.o [6]
  .text                  ro code  0x080009d6     0xc  memcpy.o [6]
  .rodata                const    0x080009e2     0x1  unwind_debug.o [7]
  .text                  ro code  0x080009e4    0x1c  U32ToFlt.o [5]
  .text                  ro code  0x08000a00    0xd8  FltMul.o [5]
  .text                  ro code  0x08000ad8    0xe2  FltAdd.o [5]
  .text                  ro code  0x08000bbc   0x470  I2CDriver.o [1]
  .text                  ro code  0x0800102c    0x80  FltSub.o [5]
  .text                  ro code  0x080010ac    0x66  ABImemset.o [6]
  .text                  ro code  0x08001114   0x1e6  stm32f10x_i2c.o [1]
  .text                  ro code  0x080012fc    0x48  I2CDriver.o [1]
  .text                  ro code  0x08001344   0x144  stm32f10x_gpio.o [1]
  .text                  ro code  0x08001488    0x68  I2CDriver.o [1]
  .text                  ro code  0x080014f0    0x44  I2CDriver.o [1]
  .text                  ro code  0x08001534    0x44  I2CDriver.o [1]
  .text                  ro code  0x08001578   0x2dc  stm32f10x_rcc.o [1]
  .text                  ro code  0x08001854     0xc  I2CDriver.o [1]
  .text                  ro code  0x08001860   0x744  InterruptManager.o [1]
  .text                  ro code  0x08001fa4    0xb8  misc.o [1]
  .text                  ro code  0x0800205c    0xc0  stm32f10x_exti.o [1]
  .text                  ro code  0x0800211c   0x6c8  Test.o [1]
  .text                  ro code  0x080027e4   0x338  GpioInput.o [1]
  .text                  ro code  0x08002b1c    0x20  Led.o [1]
  .text                  ro code  0x08002b3c   0x26a  HwButtonIntr.o [1]
  .text                  ro code  0x08002da6    0x58  cxxabi.o [4]
  .text                  ro code  0x08002e00   0x19e  INA219.o [1]
  .text                  ro code  0x08002fa0   0x280  SpiDriver.o [1]
  .text                  ro code  0x08003220    0xea  GpioOutput.o [1]
  .text                  ro code  0x0800330c   0x208  Nokia5110LCD.o [1]
  .text                  ro code  0x08003514    0xe8  UI.o [1]
  .text                  ro code  0x080035fc   0x1da  ControlScreen.o [1]
  .text                  ro code  0x080037d8    0xa4  Screen.o [1]
  .text                  ro code  0x0800387c    0x20  Test.o [1]
  .text                  ro code  0x0800389c     0xe  Test.o [1]
  .text                  ro code  0x080038aa     0x8  Test.o [1]
  .text                  ro code  0x080038b2     0x8  Test.o [1]
  .text                  ro code  0x080038bc    0x24  Time.o [1]
  .text                  ro code  0x080038e0    0x96  Clock.o [1]
  .text                  ro code  0x08003976    0x18  Test.o [1]
  .text                  ro code  0x0800398e    0x26  Test.o [1]
  .text                  ro code  0x080039b4    0x18  Test.o [1]
  .text                  ro code  0x080039cc     0xc  Test.o [1]
  .text                  ro code  0x080039d8     0x6  Test.o [1]
  .text                  ro code  0x080039e0    0xc4  SysTickTimer.o [1]
  .text                  ro code  0x08003aa4    0x2a  FltToS32.o [5]
  .text                  ro code  0x08003ad0    0x24  S32ToFlt.o [5]
  .text                  ro code  0x08003af4   0x1a2  DblMul.o [5]
  .text                  ro code  0x08003c98    0x20  DblCmpEq.o [5]
  .text                  ro code  0x08003cb8   0x246  DblDiv.o [5]
  .text                  ro code  0x08003f00    0x48  FltToDbl.o [5]
  .text                  ro code  0x08003f48    0x68  DblToFlt.o [5]
  .text                  ro code  0x08003fb0     0xc  Time.o [1]
  .text                  ro code  0x08003fbc    0x18  Time.o [1]
  .text                  ro code  0x08003fd4     0xe  HwButtonIntr.o [1]
  .text                  ro code  0x08003fe2    0x10  HwButtonIntr.o [1]
  .text                  ro code  0x08003ff4    0xa0  cppinit.o [3]
  .text                  ro code  0x08004094    0x24  FltCmpLe.o [5]
  .text                  ro code  0x080040b8    0x22  S32ToDbl.o [5]
  .text                  ro code  0x080040dc    0xfc  FltDiv.o [5]
  .text                  ro code  0x080041d8    0x74  stm32f10x_spi.o [1]
  .text                  ro code  0x0800424c     0xe  SpiDriver.o [1]
  .text                  ro code  0x0800425a     0xe  SpiDriver.o [1]
  .text                  ro code  0x08004268     0x4  Test.o [1]
  .text                  ro code  0x0800426c    0x10  Screen.o [1]
  .text                  ro code  0x0800427c    0x34  Screen.o [1]
  .text                  ro code  0x080042b0    0x14  Time.o [1]
  .text                  ro code  0x080042c4    0x10  SysTickTimer.o [1]
  .rodata                const    0x080042d4   0x1e0  Nokia5110LCD.o [1]
  .text                  ro code  0x080044b4   0x158  system_stm32f10x.o [1]
  .text                  ro code  0x0800460c    0x9c  main.o [1]
  .text                  ro code  0x080046a8    0x84  HwButtonIntr.o [1]
  .text                  ro code  0x0800472c    0x74  ClockManager.o [1]
  .rodata                const    0x080047a0    0x58  Test.o [1]
  .rodata                const    0x080047f8    0x58  Test.o [1]
  .rodata                const    0x08004850    0x40  GpioInput.o [1]
  .rodata                const    0x08004890    0x40  GpioOutput.o [1]
  .rodata                const    0x080048d0    0x40  HwButtonIntr.o [1]
  .rodata                const    0x08004910    0x40  I2CDriver.o [1]
  .rodata                const    0x08004950    0x40  Led.o [1]
  .rodata                const    0x08004990    0x40  SpiDriver.o [1]
  .text                  ro code  0x080049d0    0x40  zero_init3.o [6]
  .text                  ro code  0x08004a10    0x3a  Peripheral.o [1]
  .text                  ro code  0x08004a4a     0x8  Peripheral.o [1]
  .text                  ro code  0x08004a52     0x8  Peripheral.o [1]
  .text                  ro code  0x08004a5a    0x38  packbits_init_single.o [6]
  .rodata                const    0x08004a94    0x30  DS3231.o [1]
  .rodata                const    0x08004ac4    0x30  DS3231.o [1]
  .text                  ro code  0x08004af4    0x28  data_init.o [6]
  .iar.init_table        const    0x08004b1c    0x24  - Linker created -
  .text                  ro code  0x08004b40    0x20  cmain_call_ctors.o [6]
  .text                  ro code  0x08004b60    0x1e  cmain.o [6]
  .text                  ro code  0x08004b7e     0x4  low_level_init.o [3]
  .text                  ro code  0x08004b82     0x4  exit.o [3]
  .text                  ro code  0x08004b88     0xe  cexit.o [6]
  .text                  ro code  0x08004b98    0x14  exit.o [7]
  .rodata                const    0x08004bac    0x1c  ControlScreen.o [1]
  .rodata                const    0x08004bc8    0x1c  DS3231.o [1]
  .rodata                const    0x08004be4    0x1c  DS3231.o [1]
  .rodata                const    0x08004c00    0x1c  Screen.o [1]
  .text                  ro code  0x08004c1c    0x1c  Test.o [1]
  .text                  ro code  0x08004c38    0x16  Test.o [1]
  .rodata                const    0x08004c50    0x10  INA219.o [1]
  .rodata                const    0x08004c60    0x10  Nokia5110LCD.o [1]
  .rodata                const    0x08004c70    0x10  UI.o [1]
  .text                  ro code  0x08004c80    0x10  startup_stm32f10x_md.o [1]
  .text                  ro code  0x08004c90    0x10  stm32f10x_it.o [1]
  .rodata                const    0x08004ca0     0xc  DS3231.o [1]
  .rodata                const    0x08004cac     0xc  DS3231.o [1]
  .rodata                const    0x08004cb8     0xc  DS3231.o [1]
  .rodata                const    0x08004cc4     0xc  DS3231.o [1]
  .rodata                const    0x08004cd0     0xc  DS3231.o [1]
  .rodata                const    0x08004cdc     0xc  DS3231.o [1]
  .rodata                const    0x08004ce8     0xc  DS3231.o [1]
  .rodata                const    0x08004cf4     0xc  DS3231.o [1]
  .rodata                const    0x08004d00     0xc  DS3231.o [1]
  .text                  ro code  0x08004d0c     0xc  cstartup_M.o [6]
  .text                  ro code  0x08004d18     0xa  ControlScreen.o [1]
  .rodata                const    0x08004d24     0x8  DS3231.o [1]
  .rodata                const    0x08004d2c     0x8  DS3231.o [1]
  .rodata                const    0x08004d34     0x8  DS3231.o [1]
  .rodata                const    0x08004d3c     0x8  DS3231.o [1]
  .rodata                const    0x08004d44     0x8  DS3231.o [1]
  .rodata                const    0x08004d4c     0x8  DS3231.o [1]
  .rodata                const    0x08004d54     0x8  DS3231.o [1]
  .rodata                const    0x08004d5c     0x8  DS3231.o [1]
  .rodata                const    0x08004d64     0x8  DS3231.o [1]
  .rodata                const    0x08004d6c     0x8  DS3231.o [1]
  .rodata                const    0x08004d74     0x8  DS3231.o [1]
  .rodata                const    0x08004d7c     0x8  Test.o [1]
  .rodata                const    0x08004d84     0x8  Test.o [1]
  .rodata                const    0x08004d8c     0x8  Test.o [1]
  .rodata                const    0x08004d94     0x4  DS3231.o [1]
  .rodata                const    0x08004d98     0x4  DS3231.o [1]
  .rodata                const    0x08004d9c     0x4  DS3231.o [1]
  .rodata                const    0x08004da0     0x4  DS3231.o [1]
  .rodata                const    0x08004da4     0x4  DS3231.o [1]
  .rodata                const    0x08004da8     0x4  DS3231.o [1]
  .rodata                const    0x08004dac     0x4  DS3231.o [1]
  .rodata                const    0x08004db0     0x4  DS3231.o [1]
  .rodata                const    0x08004db4     0x4  DS3231.o [1]
  .rodata                const    0x08004db8     0x4  DS3231.o [1]
  .rodata                const    0x08004dbc     0x4  DS3231.o [1]
  .rodata                const    0x08004dc0     0x4  DS3231.o [1]
  .rodata                const    0x08004dc4     0x4  DS3231.o [1]
  .rodata                const    0x08004dc8     0x4  DS3231.o [1]
  .rodata                const    0x08004dcc     0x4  DS3231.o [1]
  .rodata                const    0x08004dd0     0x4  DS3231.o [1]
  .rodata                const    0x08004dd4     0x4  DS3231.o [1]
  .rodata                const    0x08004dd8     0x4  DS3231.o [1]
  .rodata                const    0x08004ddc     0x4  DS3231.o [1]
  .text                  ro code  0x08004de0     0x4  startup_stm32f10x_md.o [1]
  .text                  ro code  0x08004de4     0x4  startup_stm32f10x_md.o [1]
  .text                  ro code  0x08004de8     0x4  startup_stm32f10x_md.o [1]
  .text                  ro code  0x08004dec     0x4  startup_stm32f10x_md.o [1]
  .text                  ro code  0x08004df0     0x4  startup_stm32f10x_md.o [1]
  .text                  ro code  0x08004df4     0x4  startup_stm32f10x_md.o [1]
  .text                  ro code  0x08004df8     0x4  startup_stm32f10x_md.o [1]
  .text                  ro code  0x08004dfc     0x4  startup_stm32f10x_md.o [1]
  .text                  ro code  0x08004e00     0x4  startup_stm32f10x_md.o [1]
  .text                  ro code  0x08004e04     0x4  startup_stm32f10x_md.o [1]
  .text                  ro code  0x08004e08     0x4  startup_stm32f10x_md.o [1]
  .text                  ro code  0x08004e0c     0x4  startup_stm32f10x_md.o [1]
  .text                  ro code  0x08004e10     0x4  startup_stm32f10x_md.o [1]
  .text                  ro code  0x08004e14     0x4  startup_stm32f10x_md.o [1]
  .text                  ro code  0x08004e18     0x4  startup_stm32f10x_md.o [1]
  .text                  ro code  0x08004e1c     0x4  startup_stm32f10x_md.o [1]
  .text                  ro code  0x08004e20     0x4  startup_stm32f10x_md.o [1]
  .text                  ro code  0x08004e24     0x4  startup_stm32f10x_md.o [1]
  .text                  ro code  0x08004e28     0x4  startup_stm32f10x_md.o [1]
  .text                  ro code  0x08004e2c     0x4  startup_stm32f10x_md.o [1]
  .text                  ro code  0x08004e30     0x4  startup_stm32f10x_md.o [1]
  .text                  ro code  0x08004e34     0x4  startup_stm32f10x_md.o [1]
  .text                  ro code  0x08004e38     0x4  startup_stm32f10x_md.o [1]
  .text                  ro code  0x08004e3c     0x4  startup_stm32f10x_md.o [1]
  .text                  ro code  0x08004e40     0x4  startup_stm32f10x_md.o [1]
  .text                  ro code  0x08004e44     0x4  startup_stm32f10x_md.o [1]
  .text                  ro code  0x08004e48     0x4  startup_stm32f10x_md.o [1]
  .text                  ro code  0x08004e4c     0x4  startup_stm32f10x_md.o [1]
  .text                  ro code  0x08004e50     0x4  startup_stm32f10x_md.o [1]
  .text                  ro code  0x08004e54     0x4  startup_stm32f10x_md.o [1]
  .text                  ro code  0x08004e58     0x4  startup_stm32f10x_md.o [1]
  .text                  ro code  0x08004e5c     0x4  startup_stm32f10x_md.o [1]
  .text                  ro code  0x08004e60     0x4  startup_stm32f10x_md.o [1]
  .text                  ro code  0x08004e64     0x4  startup_stm32f10x_md.o [1]
  .text                  ro code  0x08004e68     0x4  startup_stm32f10x_md.o [1]
  .text                  ro code  0x08004e6c     0x4  startup_stm32f10x_md.o [1]
  SHT$$PREINIT_ARRAY              0x08004e70     0x0  <Block>
  SHT$$INIT_ARRAY                 0x08004e70     0x4  <Block>
    .init_array          const    0x08004e70     0x4  Test.o [1]
  __iar_tls$$INIT_ARRAY           0x08004e74     0x0  <Block>
  .text                  ro code  0x08004e74     0x0  cstart_call_dtors.o [6]
  .rodata                const    0x08004e74     0x0  zero_init3.o [6]
  .rodata                const    0x08004e74     0x0  packbits_init_single.o [6]
  Initializer bytes      const    0x08004e74    0x1a  <for P2-1>
                                - 0x08004e8e  0x4da2

"P2", part 1 of 3:                              0x2d
  P2-1                            0x20000000    0x2d  <Init block>
    .data                inited   0x20000000     0xc  DS3231.o [1]
    .data                inited   0x2000000c     0xc  DS3231.o [1]
    .data                inited   0x20000018    0x10  stm32f10x_rcc.o [1]
    .data                inited   0x20000028     0x4  stm32f10x_rcc.o [1]
    .data                inited   0x2000002c     0x1  Test.o [1]
                                - 0x2000002d    0x2d

"P2", part 2 of 3:                             0x614
  .bss                   zero     0x20000030   0x17c  Test.o [1]
  .bss                   zero     0x200001ac    0xe8  Test.o [1]
  .bss                   zero     0x20000294    0x94  Test.o [1]
  .bss                   zero     0x20000328    0x58  Test.o [1]
  .bss                   zero     0x20000380    0x44  Test.o [1]
  .bss                   zero     0x200003c4    0x30  Test.o [1]
  .bss                   zero     0x200003f4    0x20  Test.o [1]
  .bss                   zero     0x20000414    0x18  Test.o [1]
  .bss                   zero     0x2000042c    0x18  Test.o [1]
  .bss                   zero     0x20000444    0x14  SpiDriver.o [1]
  .bss                   zero     0x20000458    0x14  Test.o [1]
  .bss                   zero     0x2000046c    0x14  Test.o [1]
  .bss                   zero     0x20000480    0x14  Test.o [1]
  .bss                   zero     0x20000494    0x14  Test.o [1]
  .bss                   zero     0x200004a8    0x14  Test.o [1]
  .bss                   zero     0x200004bc    0x10  Test.o [1]
  .bss                   zero     0x200004cc    0x10  Test.o [1]
  .bss                   zero     0x200004dc     0xc  Test.o [1]
  .bss                   zero     0x200004e8     0xc  Test.o [1]
  .bss                   zero     0x200004f4     0xc  Test.o [1]
  .bss                   zero     0x20000500     0xc  Test.o [1]
  .bss                   zero     0x2000050c     0xc  Test.o [1]
  .bss                   zero     0x20000518     0x4  ClockManager.o [1]
  .bss                   zero     0x2000051c     0x4  HwButtonIntr.o [1]
  .bss                   zero     0x20000520     0x4  HwButtonIntr.o [1]
  .bss                   zero     0x20000524     0x4  HwButtonIntr.o [1]
  .bss                   zero     0x20000528     0x4  I2CDriver.o [1]
  .bss                   zero     0x2000052c     0x4  InterruptManager.o [1]
  .bss                   zero     0x20000530     0x4  InterruptManager.o [1]
  .bss                   zero     0x20000534     0x4  InterruptManager.o [1]
  .bss                   zero     0x20000538     0x4  InterruptManager.o [1]
  .bss                   zero     0x2000053c     0x4  InterruptManager.o [1]
  .bss                   zero     0x20000540     0x4  InterruptManager.o [1]
  .bss                   zero     0x20000544     0x4  InterruptManager.o [1]
  .bss                   zero     0x20000548     0x4  InterruptManager.o [1]
  .bss                   zero     0x2000054c     0x4  InterruptManager.o [1]
  .bss                   zero     0x20000550     0x4  InterruptManager.o [1]
  .bss                   zero     0x20000554     0x4  InterruptManager.o [1]
  .bss                   zero     0x20000558     0x4  InterruptManager.o [1]
  .bss                   zero     0x2000055c     0x4  InterruptManager.o [1]
  .bss                   zero     0x20000560     0x4  InterruptManager.o [1]
  .bss                   zero     0x20000564     0x4  InterruptManager.o [1]
  .bss                   zero     0x20000568     0x4  InterruptManager.o [1]
  .bss                   zero     0x2000056c     0x4  InterruptManager.o [1]
  .bss                   zero     0x20000570     0x4  InterruptManager.o [1]
  .bss                   zero     0x20000574     0x4  InterruptManager.o [1]
  .bss                   zero     0x20000578     0x4  InterruptManager.o [1]
  .bss                   zero     0x2000057c     0x4  InterruptManager.o [1]
  .bss                   zero     0x20000580     0x4  InterruptManager.o [1]
  .bss                   zero     0x20000584     0x4  InterruptManager.o [1]
  .bss                   zero     0x20000588     0x4  InterruptManager.o [1]
  .bss                   zero     0x2000058c     0x4  InterruptManager.o [1]
  .bss                   zero     0x20000590     0x4  InterruptManager.o [1]
  .bss                   zero     0x20000594     0x4  InterruptManager.o [1]
  .bss                   zero     0x20000598     0x4  InterruptManager.o [1]
  .bss                   zero     0x2000059c     0x4  InterruptManager.o [1]
  .bss                   zero     0x200005a0     0x4  InterruptManager.o [1]
  .bss                   zero     0x200005a4     0x4  InterruptManager.o [1]
  .bss                   zero     0x200005a8     0x4  InterruptManager.o [1]
  .bss                   zero     0x200005ac     0x4  InterruptManager.o [1]
  .bss                   zero     0x200005b0     0x4  InterruptManager.o [1]
  .bss                   zero     0x200005b4     0x4  InterruptManager.o [1]
  .bss                   zero     0x200005b8     0x4  InterruptManager.o [1]
  .bss                   zero     0x200005bc     0x4  InterruptManager.o [1]
  .bss                   zero     0x200005c0     0x4  InterruptManager.o [1]
  .bss                   zero     0x200005c4     0x4  InterruptManager.o [1]
  .bss                   zero     0x200005c8     0x4  InterruptManager.o [1]
  .bss                   zero     0x200005cc     0x4  InterruptManager.o [1]
  .bss                   zero     0x200005d0     0x4  InterruptManager.o [1]
  .bss                   zero     0x200005d4     0x4  InterruptManager.o [1]
  .bss                   zero     0x200005d8     0x4  InterruptManager.o [1]
  .bss                   zero     0x200005dc     0x4  InterruptManager.o [1]
  .bss                   zero     0x200005e0     0x4  InterruptManager.o [1]
  .bss                   zero     0x200005e4     0x4  InterruptManager.o [1]
  .bss                   zero     0x200005e8     0x4  InterruptManager.o [1]
  .bss                   zero     0x200005ec     0x4  InterruptManager.o [1]
  .bss                   zero     0x200005f0     0x4  InterruptManager.o [1]
  .bss                   zero     0x200005f4     0x4  InterruptManager.o [1]
  .bss                   zero     0x200005f8     0x4  InterruptManager.o [1]
  .bss                   zero     0x200005fc     0x4  InterruptManager.o [1]
  .bss                   zero     0x20000600     0x4  InterruptManager.o [1]
  .bss                   zero     0x20000604     0x4  InterruptManager.o [1]
  .bss                   zero     0x20000608     0x4  InterruptManager.o [1]
  .bss                   zero     0x2000060c     0x4  InterruptManager.o [1]
  .bss                   zero     0x20000610     0x4  InterruptManager.o [1]
  .bss                   zero     0x20000614     0x4  InterruptManager.o [1]
  .bss                   zero     0x20000618     0x4  InterruptManager.o [1]
  .bss                   zero     0x2000061c     0x4  InterruptManager.o [1]
  .bss                   zero     0x20000620     0x4  InterruptManager.o [1]
  .bss                   zero     0x20000624     0x4  SysTickTimer.o [1]
  .bss                   zero     0x20000628     0x4  Test.o [1]
  .bss                   zero     0x2000062c     0x4  Test.o [1]
  .bss                   zero     0x20000630     0x4  cppinit.o [3]
  .bss                   zero     0x20000634     0x4  cppinit.o [3]
  .bss                   zero     0x20000638     0x2  HwButtonIntr.o [1]
  .bss                   zero     0x2000063a     0x1  ClockManager.o [1]
  .bss                   zero     0x2000063b     0x1  HwButtonIntr.o [1]
  .bss                   zero     0x2000063c     0x1  InterruptManager.o [1]
  .bss                   zero     0x2000063d     0x1  InterruptManager.o [1]
  .bss                   zero     0x2000063e     0x1  SpiDriver.o [1]
  .bss                   zero     0x2000063f     0x1  Test.o [1]
  .bss                   zero     0x20000640     0x1  Test.o [1]
  .bss                   zero     0x20000641     0x1  UI.o [1]
  .bss                   zero     0x20000642     0x1  UI.o [1]
  .bss                   zero     0x20000643     0x1  UI.o [1]
                                - 0x20000644   0x614

"P2", part 3 of 3:                             0x9bc
  .iar.dynexit                    0x20000644   0x1bc  <Block>
    .iar.dynexit         uninit   0x20000644     0xc  cppinit.o [3]
    .iar.dynexit         uninit   0x20000650   0x1b0  <Block tail>
  CSTACK                          0x20000800   0x800  <Block>
    CSTACK               uninit   0x20000800   0x800  <Block tail>
                                - 0x20001000   0x9bc


*******************************************************************************
*** INIT TABLE
***

          Address     Size
          -------     ----
Zero (__iar_zero_init3)
    1 destination range, total size 0x614:
          0x20000030  0x614

Copy/packbits (__iar_packbits_init_single3)
    1 source range, total size 0x1a (57% of destination):
          0x08004e74   0x1a
    1 destination range, total size 0x2d:
          0x20000000   0x2d

Extra (__iar_cstart_call_ctors)



*******************************************************************************
*** MODULE SUMMARY
***

    Module                  ro code  ro data  rw data
    ------                  -------  -------  -------
C:\Amit Caudhary\STM32_IAR\Projects\CppFirmware\Debug\Obj: [1]
    Clock.o                     150
    ClockManager.o              116                 5
    ControlScreen.o             484       28
    DS3231.o                  2 114      437       24
    GpioInput.o                 824       64
    GpioOutput.o                234       64
    HwButtonIntr.o              780       64       15
    I2CDriver.o               1 460       64        4
    INA219.o                    414       16
    InterruptManager.o        1 860               250
    Led.o                        32       64
    Nokia5110LCD.o              520      496
    Peripheral.o                 74
    Screen.o                    232       28
    SpiDriver.o                 668       64       21
    SysTickTimer.o              212                 4
    Test.o                    1 958      204    1 247
    Time.o                       92
    UI.o                        232       16        3
    main.o                      156
    misc.o                      184
    startup_stm32f10x_md.o      396
    stm32f10x_exti.o            192
    stm32f10x_gpio.o            324
    stm32f10x_i2c.o             486
    stm32f10x_it.o               16
    stm32f10x_rcc.o             732       12       20
    stm32f10x_spi.o             116
    system_stm32f10x.o          344
    -------------------------------------------------
    Total:                   15 402    1 621    1 593

command line: [2]
    -------------------------------------------------
    Total:

dl7M_tln.a: [3]
    cppinit.o                   160                20
    exit.o                        4
    low_level_init.o              4
    -------------------------------------------------
    Total:                      168                20

dlpp7M_tl_nc.a: [4]
    cxxabi.o                     88
    -------------------------------------------------
    Total:                       88

m7M_tl.a: [5]
    DblCmpEq.o                   32
    DblDiv.o                    582
    DblMul.o                    418
    DblToFlt.o                  104
    FltAdd.o                    226
    FltCmpLe.o                   36
    FltDiv.o                    252
    FltMul.o                    216
    FltSub.o                    128
    FltToDbl.o                   72
    FltToS32.o                   42
    S32ToDbl.o                   34
    S32ToFlt.o                   36
    U32ToFlt.o                   28
    -------------------------------------------------
    Total:                    2 206

rt7M_tl.a: [6]
    ABImemcpy.o                 166
    ABImemset.o                 102
    cexit.o                      14
    cmain.o                      30
    cmain_call_ctors.o           32
    cstart_call_dtors.o
    cstartup_M.o                 12
    data_init.o                  40
    memcpy.o                     12
    packbits_init_single.o       56
    zero_init3.o                 64
    -------------------------------------------------
    Total:                      528

shb_l.a: [7]
    exit.o                       20
    unwind_debug.o                         1
    -------------------------------------------------
    Total:                       20        1

    Gaps                         33        6
    Linker created                        37    2 480
-----------------------------------------------------
    Grand Total:             18 445    1 665    4 093


*******************************************************************************
*** ENTRY LIST
***

Entry                      Address   Size  Type      Object
-----                      -------   ----  ----      ------
.iar.dynexit$$Base      0x20000644          --   Gb  - Linker created -
.iar.dynexit$$Limit     0x20000800          --   Gb  - Linker created -
.iar.init_table$$Base   0x08004b1c          --   Gb  - Linker created -
.iar.init_table$$Limit  0x08004b40          --   Gb  - Linker created -
?main                   0x08004b61         Code  Gb  cmain.o [6]
ADCPrescTable           0x20000028    0x4  Data  Lc  stm32f10x_rcc.o [1]
APBAHBPrescTable        0x20000018   0x10  Data  Lc  stm32f10x_rcc.o [1]
App::Nokia5110LCD::Clear()
                        0x080033e7   0x26  Code  Gb  Nokia5110LCD.o [1]
App::Nokia5110LCD::DisplayInit()
                        0x08003353   0x5e  Code  Gb  Nokia5110LCD.o [1]
App::Nokia5110LCD::DrawBuffer(char *)
                        0x080034f1   0x24  Code  Gb  Nokia5110LCD.o [1]
App::Nokia5110LCD::DrawLine(unsigned char, unsigned char, char const *)
                        0x08003489   0x60  Code  Gb  Nokia5110LCD.o [1]
App::Nokia5110LCD::DrawString(char const *)
                        0x0800346f   0x1a  Code  Gb  Nokia5110LCD.o [1]
App::Nokia5110LCD::GoToXY(int, int)
                        0x0800340d   0x28  Code  Gb  Nokia5110LCD.o [1]
App::Nokia5110LCD::HwInit()
                        0x0800331d   0x36  Code  Gb  Nokia5110LCD.o [1]
App::Nokia5110LCD::LCDCharacter(char)
                        0x08003435   0x3a  Code  Gb  Nokia5110LCD.o [1]
App::Nokia5110LCD::Nokia5110LCD(Bsp::SpiDriver *, Bsp::GpioOutput *, Bsp::GpioOutput *, Bsp::GpioOutput *)
                        0x0800330d   0x10  Code  Gb  Nokia5110LCD.o [1]
App::Nokia5110LCD::Write(App::Nokia5110LCD::DC_t, unsigned char)
                        0x080033b1   0x36  Code  Gb  Nokia5110LCD.o [1]
App::UI::ActiveScreen   0x20000641    0x1  Data  Gb  UI.o [1]
App::UI::AddScreen(Bsp::Screen *)
                        0x0800398f   0x26  Code  Gb  Test.o [1]
App::UI::DisplayScreen()
                        0x0800358b   0x68  Code  Gb  UI.o [1]
App::UI::EventHamdler(Bsp::Screen::Event_t &)
                        0x0800354d   0x3e  Code  Gb  UI.o [1]
App::UI::GoToNextScreen()
                        0x0800427d   0x34  Code  Gb  Screen.o [1]
App::UI::GoToPreviousScreen()
                        0x0800426d   0x10  Code  Gb  Screen.o [1]
App::UI::Init()         0x08003519   0x34  Code  Gb  UI.o [1]
App::UI::PreviousActiveScreen
                        0x20000643    0x1  Data  Gb  UI.o [1]
App::UI::Run()          0x080038ab    0x8  Code  Gb  Test.o [1]
App::UI::SetActiveScreen(unsigned char)
                        0x080039b5   0x18  Code  Gb  Test.o [1]
App::UI::TotalRegisteredScreens
                        0x20000642    0x1  Data  Gb  UI.o [1]
App::UI::UI(App::Nokia5110LCD *)
                        0x08003515    0x4  Code  Gb  UI.o [1]
BackLightGpio           0x20000494   0x14  Data  Lc  Test.o [1]
Bsp::ClockManager::GetInstance()
                        0x0800472d   0x14  Code  Gb  ClockManager.o [1]
Bsp::ClockManager::GetInstance(){1}::ClockManager_Instance
                        0x2000063a    0x1  Data  Lc  ClockManager.o [1]
Bsp::ClockManager::PeripheralClockEnable(Bsp::PeripheralBase::Peripheral_t)
                        0x08004749   0x58  Code  Gb  ClockManager.o [1]
Bsp::ClockManager::m_pClockManager
                        0x20000518    0x4  Data  Gb  ClockManager.o [1]
Bsp::ControlScreen::AddHandler(unsigned char, void (*)(), void (*)())
                        0x0800365d   0x30  Code  Gb  ControlScreen.o [1]
Bsp::ControlScreen::AddText(char *)
                        0x08003977   0x18  Code  Gb  Test.o [1]
Bsp::ControlScreen::ControlScreen()
                        0x080035fd   0x40  Code  Gb  ControlScreen.o [1]
Bsp::ControlScreen::EventHandler(Bsp::Screen::Event_t)
                        0x080036f5   0x60  Code  Gb  ControlScreen.o [1]
Bsp::ControlScreen::GetActiveLine() const
                        0x080039d9    0x6  Code  Gb  Test.o [1]
Bsp::ControlScreen::GetScreenTextArray()
                        0x08004d19    0xa  Code  Gb  ControlScreen.o [1]
Bsp::ControlScreen::MovePointer(Bsp::ControlScreen::Direction_t)
                        0x08003755   0x82  Code  Gb  ControlScreen.o [1]
Bsp::ControlScreen::SetText(unsigned char, unsigned char, char const *, unsigned char)
                        0x0800368d   0x68  Code  Gb  ControlScreen.o [1]
Bsp::ControlScreen::~ControlScreen()
                        0x0800363d   0x1a  Code  Gb  ControlScreen.o [1]
Bsp::GpioInput::ConfigureInterrupt()
                        0x08002a3f   0x3e  Code  Gb  GpioInput.o [1]
Bsp::GpioInput::ExtLineInterruptConfig()
                        0x08002a7d   0x80  Code  Gb  GpioInput.o [1]
Bsp::GpioInput::GpioInput(GPIO_TypeDef *, unsigned short)
                        0x080027fb   0x18  Code  Gb  GpioInput.o [1]
Bsp::GpioInput::GpioInput(GPIO_TypeDef *, unsigned short, void (*)(), Bsp::Gpio::IntOnWhichEdge)
                        0x08002813   0x1a  Code  Gb  GpioInput.o [1]
Bsp::GpioInput::GpioInput(GPIO_TypeDef *, unsigned short, void (*)(), Bsp::Gpio::IntOnWhichEdge, Bsp::Gpio::EXTIMode)
                        0x0800282d   0x1a  Code  Gb  GpioInput.o [1]
Bsp::GpioInput::GpioInput(GPIO_TypeDef *, unsigned short, void (*)(), Bsp::Gpio::IntOnWhichEdge, Bsp::Gpio::EXTIMode) [subobject]
                        0x080027e5   0x16  Code  Gb  GpioInput.o [1]
Bsp::GpioInput::HwInit()
                        0x080029b3   0x8c  Code  Gb  GpioInput.o [1]
Bsp::GpioInput::MapPin2ExtLine()
                        0x08002847   0xb6  Code  Gb  GpioInput.o [1]
Bsp::GpioInput::MapPin2PinSource()
                        0x080028fd   0xb6  Code  Gb  GpioInput.o [1]
Bsp::GpioOutput::ClearOutput()
                        0x0800425b    0xe  Code  Gb  SpiDriver.o [1]
Bsp::GpioOutput::GpioOutput(GPIO_TypeDef *, unsigned short)
                        0x0800322b    0xe  Code  Gb  GpioOutput.o [1]
Bsp::GpioOutput::GpioOutput(GPIO_TypeDef *, unsigned short) [subobject]
                        0x08003221    0xa  Code  Gb  GpioOutput.o [1]
Bsp::GpioOutput::HwInit()
                        0x08003239   0x8a  Code  Gb  GpioOutput.o [1]
Bsp::GpioOutput::ReadOutputValue()
                        0x080039cd    0xc  Code  Gb  Test.o [1]
Bsp::GpioOutput::SetOutput()
                        0x0800424d    0xe  Code  Gb  SpiDriver.o [1]
Bsp::GpioOutput::ToggleOutput()
                        0x080032e1   0x2a  Code  Gb  GpioOutput.o [1]
Bsp::HwButtonIntr::ClearEvent(Bsp::HwButtonIntr::BtnEvent_t)
                        0x08003fe3   0x10  Code  Gb  HwButtonIntr.o [1]
Bsp::HwButtonIntr::EventHandler()
                        0x08002cd9   0xa6  Code  Gb  HwButtonIntr.o [1]
Bsp::HwButtonIntr::HwButtonIntr(GPIO_TypeDef *, unsigned short, Bsp::Gpio::IntOnWhichEdge, Bsp::Gpio::EXTIMode)
                        0x08002b3d   0x5c  Code  Gb  HwButtonIntr.o [1]
Bsp::HwButtonIntr::HwInit()
                        0x08002b99    0xa  Code  Gb  HwButtonIntr.o [1]
Bsp::HwButtonIntr::ISR()
                        0x080046a9   0x84  Code  Gb  HwButtonIntr.o [1]
Bsp::HwButtonIntr::RegisterEventHandler(Bsp::HwButtonIntr::BtnEvent_t, void (*)())
                        0x08002d7f   0x28  Code  Gb  HwButtonIntr.o [1]
Bsp::HwButtonIntr::RunStateMachine()
                        0x08002ba3  0x116  Code  Gb  HwButtonIntr.o [1]
Bsp::HwButtonIntr::RunStateMachine()::ElapsedTime
                        0x2000051c    0x4  Data  Lc  HwButtonIntr.o [1]
Bsp::HwButtonIntr::RunStateMachine(){1}{10}::LastClickStateEntered
                        0x20000520    0x4  Data  Lc  HwButtonIntr.o [1]
Bsp::HwButtonIntr::RunStateMachine(){1}{10}::temp
                        0x20000524    0x4  Data  Lc  HwButtonIntr.o [1]
Bsp::HwButtonIntr::SetEvent(Bsp::HwButtonIntr::BtnEvent_t)
                        0x08003fd5    0xe  Code  Gb  HwButtonIntr.o [1]
Bsp::HwButtonIntr::m_CurrentState
                        0x2000063b    0x1  Data  Gb  HwButtonIntr.o [1]
Bsp::HwButtonIntr::m_Pin
                        0x20000638    0x2  Data  Gb  HwButtonIntr.o [1]
Bsp::I2CDriver::HwInit()
                        0x08000c67   0xe4  Code  Gb  I2CDriver.o [1]
Bsp::I2CDriver::HwReset()
                        0x080012fd   0x48  Code  Gb  I2CDriver.o [1]
Bsp::I2CDriver::HwSendAddressWithDirection(unsigned char, Bsp::I2CDriver::I2CDir_t)
                        0x08000beb   0x7a  Code  Gb  I2CDriver.o [1]
Bsp::I2CDriver::HwStart()
                        0x08001489   0x68  Code  Gb  I2CDriver.o [1]
Bsp::I2CDriver::HwStop()
                        0x08001535   0x44  Code  Gb  I2CDriver.o [1]
Bsp::I2CDriver::HwWriteDataRegistor(unsigned char)
                        0x08001855    0xc  Code  Gb  I2CDriver.o [1]
Bsp::I2CDriver::I2CDriver(Bsp::I2CDriver::I2CInstance_t, void (*)(), Bsp::I2CDriver::I2CMode_t, Bsp::I2CDriver::I2CBaudRate_t)
                        0x08000bbd   0x2e  Code  Gb  I2CDriver.o [1]
Bsp::I2CDriver::Receive(u8, u8 *, u32)::Timeout
                        0x20000528    0x4  Data  Lc  I2CDriver.o [1]
Bsp::I2CDriver::Receive(unsigned char, unsigned char *, unsigned int)
                        0x08000db5  0x244  Code  Gb  I2CDriver.o [1]
Bsp::I2CDriver::Send(unsigned char, unsigned char *, unsigned int)
                        0x08000d4b   0x6a  Code  Gb  I2CDriver.o [1]
Bsp::I2CDriver::Transmit(unsigned char)
                        0x080014f1   0x44  Code  Gb  I2CDriver.o [1]
Bsp::I2CDriver::~I2CDriver()
                        0x08000c65    0x2  Code  Gb  I2CDriver.o [1]
Bsp::INA219::GetBusVoltage_V()
                        0x08002f1d   0x1a  Code  Gb  INA219.o [1]
Bsp::INA219::GetBusVoltage_raw()
                        0x08002ee1   0x1a  Code  Gb  INA219.o [1]
Bsp::INA219::GetCurrent_mA()
                        0x08002f49   0x20  Code  Gb  INA219.o [1]
Bsp::INA219::GetCurrent_raw()
                        0x08002efb   0x22  Code  Gb  INA219.o [1]
Bsp::INA219::GetPower_mW()
                        0x08002f69   0x36  Code  Gb  INA219.o [1]
Bsp::INA219::INA219(Bsp::I2CDriver *, unsigned char)
                        0x08002e01    0xa  Code  Gb  INA219.o [1]
Bsp::INA219::ReadRegister(unsigned char, unsigned short *)
                        0x08002e77   0x3a  Code  Gb  INA219.o [1]
Bsp::INA219::Run(Bsp::INA219::Power_t *)
                        0x08002e0d   0x46  Code  Gb  INA219.o [1]
Bsp::INA219::SetCalibration_32V_2A()
                        0x08002eb1   0x30  Code  Gb  INA219.o [1]
Bsp::INA219::WriteRegister(unsigned char, unsigned short)
                        0x08002e53   0x24  Code  Gb  INA219.o [1]
Bsp::INA219::~INA219()  0x08002e0b    0x2  Code  Gb  INA219.o [1]
Bsp::InterruptManager::EnableInterrupt(Bsp::InterruptManager::IRQn)
                        0x08001c2f   0x36  Code  Gb  InterruptManager.o [1]
Bsp::InterruptManager::GetInstance()
                        0x08001c01   0x2e  Code  Gb  InterruptManager.o [1]
Bsp::InterruptManager::GetInstance(){1}::InterruptManager_Instance
                        0x2000063d    0x1  Data  Lc  InterruptManager.o [1]
Bsp::InterruptManager::GetInstance(){1}::static guard for InterruptManager_Instance
                        0x2000063c    0x1  Data  Lc  InterruptManager.o [1]
Bsp::InterruptManager::NVICConfig(Bsp::InterruptManager::IRQn, unsigned char, unsigned char)
                        0x08001c65   0x3e  Code  Gb  InterruptManager.o [1]
Bsp::InterruptManager::RegisterInterrupt(void (*)(), Bsp::InterruptManager::IRQn)
                        0x08001861  0x3a0  Code  Gb  InterruptManager.o [1]
Bsp::InterruptManager::m_ADC1_2_IRQHandler
                        0x20000598    0x4  Data  Gb  InterruptManager.o [1]
Bsp::InterruptManager::m_BusFault_Handler
                        0x2000053c    0x4  Data  Gb  InterruptManager.o [1]
Bsp::InterruptManager::m_CAN1_RX1_IRQHandler
                        0x200005a4    0x4  Data  Gb  InterruptManager.o [1]
Bsp::InterruptManager::m_CAN1_SCE_IRQHandler
                        0x200005a8    0x4  Data  Gb  InterruptManager.o [1]
Bsp::InterruptManager::m_DMA1_Channel1_IRQHandler
                        0x20000580    0x4  Data  Gb  InterruptManager.o [1]
Bsp::InterruptManager::m_DMA1_Channel2_IRQHandler
                        0x20000584    0x4  Data  Gb  InterruptManager.o [1]
Bsp::InterruptManager::m_DMA1_Channel4_IRQHandler
                        0x20000588    0x4  Data  Gb  InterruptManager.o [1]
Bsp::InterruptManager::m_DMA1_Channel5_IRQHandler
                        0x2000058c    0x4  Data  Gb  InterruptManager.o [1]
Bsp::InterruptManager::m_DMA1_Channel6_IRQHandler
                        0x20000590    0x4  Data  Gb  InterruptManager.o [1]
Bsp::InterruptManager::m_DMA1_Channel7_IRQHandler
                        0x20000594    0x4  Data  Gb  InterruptManager.o [1]
Bsp::InterruptManager::m_DebugMon_Handler
                        0x20000548    0x4  Data  Gb  InterruptManager.o [1]
Bsp::InterruptManager::m_EXTI0_IRQHandler
                        0x2000056c    0x4  Data  Gb  InterruptManager.o [1]
Bsp::InterruptManager::m_EXTI10_IRQHandler
                        0x2000060c    0x4  Data  Gb  InterruptManager.o [1]
Bsp::InterruptManager::m_EXTI11_IRQHandler
                        0x20000610    0x4  Data  Gb  InterruptManager.o [1]
Bsp::InterruptManager::m_EXTI12_IRQHandler
                        0x20000614    0x4  Data  Gb  InterruptManager.o [1]
Bsp::InterruptManager::m_EXTI13_IRQHandler
                        0x20000618    0x4  Data  Gb  InterruptManager.o [1]
Bsp::InterruptManager::m_EXTI14_IRQHandler
                        0x2000061c    0x4  Data  Gb  InterruptManager.o [1]
Bsp::InterruptManager::m_EXTI15_10_IRQHandler
                        0x200005ec    0x4  Data  Gb  InterruptManager.o [1]
Bsp::InterruptManager::m_EXTI15_IRQHandler
                        0x20000620    0x4  Data  Gb  InterruptManager.o [1]
Bsp::InterruptManager::m_EXTI1_IRQHandler
                        0x20000570    0x4  Data  Gb  InterruptManager.o [1]
Bsp::InterruptManager::m_EXTI2_IRQHandler
                        0x20000574    0x4  Data  Gb  InterruptManager.o [1]
Bsp::InterruptManager::m_EXTI3_IRQHandler
                        0x20000578    0x4  Data  Gb  InterruptManager.o [1]
Bsp::InterruptManager::m_EXTI4_IRQHandler
                        0x2000057c    0x4  Data  Gb  InterruptManager.o [1]
Bsp::InterruptManager::m_EXTI5_IRQHandler
                        0x200005f8    0x4  Data  Gb  InterruptManager.o [1]
Bsp::InterruptManager::m_EXTI6_IRQHandler
                        0x200005fc    0x4  Data  Gb  InterruptManager.o [1]
Bsp::InterruptManager::m_EXTI7_IRQHandler
                        0x20000600    0x4  Data  Gb  InterruptManager.o [1]
Bsp::InterruptManager::m_EXTI8_IRQHandler
                        0x20000604    0x4  Data  Gb  InterruptManager.o [1]
Bsp::InterruptManager::m_EXTI9_5_IRQHandler
                        0x200005ac    0x4  Data  Gb  InterruptManager.o [1]
Bsp::InterruptManager::m_EXTI9_IRQHandler
                        0x20000608    0x4  Data  Gb  InterruptManager.o [1]
Bsp::InterruptManager::m_FLASH_IRQHandler
                        0x20000564    0x4  Data  Gb  InterruptManager.o [1]
Bsp::InterruptManager::m_HardFault_Handler
                        0x20000534    0x4  Data  Gb  InterruptManager.o [1]
Bsp::InterruptManager::m_I2C1_ER_IRQHandler
                        0x200005cc    0x4  Data  Gb  InterruptManager.o [1]
Bsp::InterruptManager::m_I2C2_ER_IRQHandler
                        0x200005d4    0x4  Data  Gb  InterruptManager.o [1]
Bsp::InterruptManager::m_I2C2_EV_IRQHandler
                        0x200005d0    0x4  Data  Gb  InterruptManager.o [1]
Bsp::InterruptManager::m_MemManage_Handler
                        0x20000538    0x4  Data  Gb  InterruptManager.o [1]
Bsp::InterruptManager::m_NMI_Handler
                        0x20000530    0x4  Data  Gb  InterruptManager.o [1]
Bsp::InterruptManager::m_PVD_IRQHandler
                        0x20000558    0x4  Data  Gb  InterruptManager.o [1]
Bsp::InterruptManager::m_PendSV_Handler
                        0x2000054c    0x4  Data  Gb  InterruptManager.o [1]
Bsp::InterruptManager::m_RCC_IRQHandler
                        0x20000568    0x4  Data  Gb  InterruptManager.o [1]
Bsp::InterruptManager::m_RTCAlarm_IRQHandler
                        0x200005f0    0x4  Data  Gb  InterruptManager.o [1]
Bsp::InterruptManager::m_RTC_IRQHandler
                        0x20000560    0x4  Data  Gb  InterruptManager.o [1]
Bsp::InterruptManager::m_SPI1_IRQHandler
                        0x200005d8    0x4  Data  Gb  InterruptManager.o [1]
Bsp::InterruptManager::m_SPI2_IRQHandler
                        0x200005dc    0x4  Data  Gb  InterruptManager.o [1]
Bsp::InterruptManager::m_SVC_Handler
                        0x20000544    0x4  Data  Gb  InterruptManager.o [1]
Bsp::InterruptManager::m_SysTick_Handler
                        0x20000550    0x4  Data  Gb  InterruptManager.o [1]
Bsp::InterruptManager::m_TAMPER_IRQHandler
                        0x2000055c    0x4  Data  Gb  InterruptManager.o [1]
Bsp::InterruptManager::m_TIM1_BRK_IRQHandler
                        0x200005b0    0x4  Data  Gb  InterruptManager.o [1]
Bsp::InterruptManager::m_TIM1_CC_IRQHandler
                        0x200005bc    0x4  Data  Gb  InterruptManager.o [1]
Bsp::InterruptManager::m_TIM1_TRG_COM_IRQHandler
                        0x200005b8    0x4  Data  Gb  InterruptManager.o [1]
Bsp::InterruptManager::m_TIM1_UP_IRQHandler
                        0x200005b4    0x4  Data  Gb  InterruptManager.o [1]
Bsp::InterruptManager::m_TIM2_IRQHandler
                        0x200005c0    0x4  Data  Gb  InterruptManager.o [1]
Bsp::InterruptManager::m_TIM3_IRQHandler
                        0x200005c4    0x4  Data  Gb  InterruptManager.o [1]
Bsp::InterruptManager::m_TIM4_IRQHandler
                        0x200005c8    0x4  Data  Gb  InterruptManager.o [1]
Bsp::InterruptManager::m_USART1_IRQHandler
                        0x200005e0    0x4  Data  Gb  InterruptManager.o [1]
Bsp::InterruptManager::m_USART2_IRQHandler
                        0x200005e4    0x4  Data  Gb  InterruptManager.o [1]
Bsp::InterruptManager::m_USART3_IRQHandler
                        0x200005e8    0x4  Data  Gb  InterruptManager.o [1]
Bsp::InterruptManager::m_USBWakeUp_IRQHandler
                        0x200005f4    0x4  Data  Gb  InterruptManager.o [1]
Bsp::InterruptManager::m_USB_HP_CAN1_TX_IRQHandler
                        0x2000059c    0x4  Data  Gb  InterruptManager.o [1]
Bsp::InterruptManager::m_USB_LP_CAN1_RX0_IRQHandler
                        0x200005a0    0x4  Data  Gb  InterruptManager.o [1]
Bsp::InterruptManager::m_UsageFault_Handler
                        0x20000540    0x4  Data  Gb  InterruptManager.o [1]
Bsp::InterruptManager::m_WWDG_IRQHandler
                        0x20000554    0x4  Data  Gb  InterruptManager.o [1]
Bsp::InterruptManager::m_pInterruptManager
                        0x2000052c    0x4  Data  Gb  InterruptManager.o [1]
Bsp::Peripheral::GetClockManager()
                        0x08004a4b    0x8  Code  Gb  Peripheral.o [1]
Bsp::Peripheral::GetInterruptManager()
                        0x08004a53    0x8  Code  Gb  Peripheral.o [1]
Bsp::Peripheral::HwClockEnable(Bsp::PeripheralBase::Peripheral_t)
                        0x08004a11   0x12  Code  Gb  Peripheral.o [1]
Bsp::Peripheral::HwEnableInterrupt(Bsp::PeripheralBase::IRQn)
                        0x08004a39   0x12  Code  Gb  Peripheral.o [1]
Bsp::Peripheral::RegisterInterrupt(void (*)(), Bsp::PeripheralBase::IRQn, unsigned char)
                        0x08004a23   0x16  Code  Gb  Peripheral.o [1]
Bsp::Screen::AddText(char *)
                        0x0800380b    0xe  Code  Gb  Screen.o [1]
Bsp::Screen::EventHandler(Bsp::Screen::Event_t)
                        0x08003861   0x1c  Code  Gb  Screen.o [1]
Bsp::Screen::GetScreenTextArray()
                        0x08004269    0x4  Code  Gb  Test.o [1]
Bsp::Screen::Screen()   0x080037e9   0x18  Code  Gb  Screen.o [1]
Bsp::Screen::Screen() [subobject]
                        0x080037d9    0x8  Code  Gb  Screen.o [1]
Bsp::Screen::SetText(unsigned char, unsigned char, char const *, unsigned char)
                        0x08003819   0x48  Code  Gb  Screen.o [1]
Bsp::Screen::~Screen()  0x08003809    0x2  Code  Gb  Screen.o [1]
Bsp::Screen::~Screen() [subobject]
                        0x080037e1    0x8  Code  Gb  Screen.o [1]
Bsp::SpiDriver::ChipSelect(Bsp::SpiDriver::ChipSelect_t)
                        0x080031d5   0x18  Code  Gb  SpiDriver.o [1]
Bsp::SpiDriver::HwInit()
                        0x08002fc5  0x1ee  Code  Gb  SpiDriver.o [1]
Bsp::SpiDriver::HwInit()::ChipSelectObj
                        0x20000444   0x14  Data  Lc  SpiDriver.o [1]
Bsp::SpiDriver::HwInit()::static guard for ChipSelectObj
                        0x2000063e    0x1  Data  Lc  SpiDriver.o [1]
Bsp::SpiDriver::SendByte(unsigned char)
                        0x080031ed   0x34  Code  Gb  SpiDriver.o [1]
Bsp::SpiDriver::SpiDriver(Bsp::SpiDriver::SpiInstance_t, void (*)(), Bsp::SpiDriver::SpiMode_t, Bsp::SpiDriver::SpiBaudRate_t)
                        0x08002fa1   0x24  Code  Gb  SpiDriver.o [1]
Bsp::SysTickTimer::DelayTicks(unsigned int)
                        0x08003a71   0x34  Code  Gb  SysTickTimer.o [1]
Bsp::SysTickTimer::GetTicks()
                        0x08003fb1    0xc  Code  Gb  Time.o [1]
Bsp::SysTickTimer::GetTicksSince(unsigned int)
                        0x08003fbd   0x18  Code  Gb  Time.o [1]
Bsp::SysTickTimer::HwInit(unsigned int)
                        0x08003a4d   0x24  Code  Gb  SysTickTimer.o [1]
Bsp::SysTickTimer::IncrementTicks()
                        0x080042c5   0x10  Code  Gb  SysTickTimer.o [1]
Bsp::SysTickTimer::m_ticks
                        0x20000624    0x4  Data  Gb  SysTickTimer.o [1]
BusFault_Handler        0x08004c97    0x2  Code  Gb  stm32f10x_it.o [1]
CSTACK$$Base            0x20000800          --   Gb  - Linker created -
CSTACK$$Limit           0x20001000          --   Gb  - Linker created -
ClickEvent()            0x0800256d    0x8  Code  Gb  Test.o [1]
CreateUI()              0x08002525   0x46  Code  Gb  Test.o [1]
Create_Alarm_Clock()    0x080024db   0x4a  Code  Gb  Test.o [1]
Create_Alarm_Clock()::static guard for time
                        0x20000640    0x1  Data  Lc  Test.o [1]
Create_Alarm_Clock()::time
                        0x2000050c    0xc  Data  Lc  Test.o [1]
DS3231::DS3231(Bsp::I2CDriver *, unsigned char)
                        0x0800010d    0x6  Code  Gb  DS3231.o [1]
DS3231::_burstRead()    0x0800090b   0x24  Code  Gb  DS3231.o [1]
DS3231::_decode(unsigned char)
                        0x0800083d   0x1c  Code  Gb  DS3231.o [1]
DS3231::_decodeH(unsigned char)
                        0x08000859   0x2e  Code  Gb  DS3231.o [1]
DS3231::_decodeY(unsigned char)
                        0x08000887   0x18  Code  Gb  DS3231.o [1]
DS3231::_encode(unsigned char)
                        0x0800089f   0x1e  Code  Gb  DS3231.o [1]
DS3231::_readRegister(unsigned char)
                        0x080008d5   0x26  Code  Gb  DS3231.o [1]
DS3231::_writeRegister(unsigned char, unsigned char)
                        0x080008bd   0x18  Code  Gb  DS3231.o [1]
DS3231::begin()         0x080008fb   0x10  Code  Gb  DS3231.o [1]
DS3231::getDOWStr(unsigned char)
                        0x0800070d   0x68  Code  Gb  DS3231.o [1]
DS3231::getDateStr(uint8_t, uint8_t, char)::output
                        0x2000000c    0xc  Data  Lc  DS3231.o [1]
DS3231::getDateStr(unsigned char, unsigned char, char)
                        0x08000373  0x39a  Code  Gb  DS3231.o [1]
DS3231::getMonthStr(unsigned char)
                        0x08000775   0x68  Code  Gb  DS3231.o [1]
DS3231::getTemp()       0x080007fd   0x40  Code  Gb  DS3231.o [1]
DS3231::getTime()       0x08000113   0x70  Code  Gb  DS3231.o [1]
DS3231::getTimeStr(uint8_t)::output
                        0x20000000    0xc  Data  Lc  DS3231.o [1]
DS3231::getTimeStr(unsigned char)
                        0x0800026b  0x108  Code  Gb  DS3231.o [1]
DS3231::setDOW(unsigned char)
                        0x08000251   0x1a  Code  Gb  DS3231.o [1]
DS3231::setDate(unsigned char, unsigned char, unsigned short)
                        0x080001df   0x72  Code  Gb  DS3231.o [1]
DS3231::setTime(unsigned char, unsigned char, unsigned char)
                        0x08000183   0x5c  Code  Gb  DS3231.o [1]
DataCommandSelectGpio   0x2000046c   0x14  Data  Lc  Test.o [1]
DateNTime::DateNTime()  0x080000ed   0x20  Code  Gb  DS3231.o [1]
DebugMon_Handler        0x08004c9d    0x2  Code  Gb  stm32f10x_it.o [1]
DtorRecArray            0x20000644    0xc  Data  Lc  cppinit.o [3]
EXTI0_IRQHandler        0x08001e27   0x18  Code  Gb  InterruptManager.o [1]
EXTI15_10_IRQHandler    0x08001d4d   0xda  Code  Gb  InterruptManager.o [1]
EXTI1_IRQHandler        0x08001e3f   0x18  Code  Gb  InterruptManager.o [1]
EXTI2_IRQHandler        0x08001e57   0x18  Code  Gb  InterruptManager.o [1]
EXTI3_IRQHandler        0x08001e6f   0x18  Code  Gb  InterruptManager.o [1]
EXTI4_IRQHandler        0x08001e87   0x18  Code  Gb  InterruptManager.o [1]
EXTI9_5_IRQHandler      0x08001ca3   0xaa  Code  Gb  InterruptManager.o [1]
EXTI_ClearITPendingBit  0x08002101    0x6  Code  Gb  stm32f10x_exti.o [1]
EXTI_GetITStatus        0x080020e1   0x20  Code  Gb  stm32f10x_exti.o [1]
EXTI_Init               0x0800205d   0x84  Code  Gb  stm32f10x_exti.o [1]
GPIO_EXTILineConfig     0x0800142f   0x56  Code  Gb  stm32f10x_gpio.o [1]
GPIO_Init               0x08001345   0xc4  Code  Gb  stm32f10x_gpio.o [1]
GPIO_ReadOutputDataBit  0x08001409   0x14  Code  Gb  stm32f10x_gpio.o [1]
GPIO_WriteBit           0x0800141d   0x12  Code  Gb  stm32f10x_gpio.o [1]
GpioInput_ISR()         0x080022f1   0x10  Code  Gb  Test.o [1]
GpioInput_ISR()::i      0x20000628    0x4  Data  Lc  Test.o [1]
HardFault_Handler       0x08004c93    0x2  Code  Gb  stm32f10x_it.o [1]
HwButton_A2             0x20000294   0x94  Data  Lc  Test.o [1]
I2C_AcknowledgeConfig   0x08001239   0x1c  Code  Gb  stm32f10x_i2c.o [1]
I2C_CheckEvent          0x08001295   0x24  Code  Gb  stm32f10x_i2c.o [1]
I2C_Cmd                 0x080011e5   0x1c  Code  Gb  stm32f10x_i2c.o [1]
I2C_GenerateSTART       0x08001201   0x1c  Code  Gb  stm32f10x_i2c.o [1]
I2C_GenerateSTOP        0x0800121d   0x1c  Code  Gb  stm32f10x_i2c.o [1]
I2C_GetFlagStatus       0x080012b9   0x42  Code  Gb  stm32f10x_i2c.o [1]
I2C_Init                0x08001115   0xc4  Code  Gb  stm32f10x_i2c.o [1]
I2C_PECPositionConfig   0x08001277   0x1e  Code  Gb  stm32f10x_i2c.o [1]
I2C_ReceiveData         0x0800125b    0x6  Code  Gb  stm32f10x_i2c.o [1]
I2C_Send7bitAddress     0x08001261   0x16  Code  Gb  stm32f10x_i2c.o [1]
I2C_SendData            0x08001255    0x6  Code  Gb  stm32f10x_i2c.o [1]
INA219_I2C              0x20000380   0x44  Data  Lc  Test.o [1]
INA219_Obj              0x2000042c   0x18  Data  Lc  Test.o [1]
Init_Tests()            0x08002245   0xaa  Code  Gb  Test.o [1]
Led::Led(GPIO_TypeDef *, unsigned short)
                        0x08002b1d   0x1a  Code  Gb  Led.o [1]
Led::Toggle()           0x080038b3    0x8  Code  Gb  Test.o [1]
Led_PC13                0x20000414   0x18  Data  Lc  Test.o [1]
Line0Menu0LongLongTouchHandler()
                        0x080025d9   0x16  Code  Gb  Test.o [1]
Line0Menu0LongTouchHandler()
                        0x08002585    0xa  Code  Gb  Test.o [1]
LongLongPressEvent()    0x0800257d    0x8  Code  Gb  Test.o [1]
LongPressEvent()        0x08002575    0x8  Code  Gb  Test.o [1]
LongTouchBackLightHandler()
                        0x08002591   0x46  Code  Gb  Test.o [1]
MemManage_Handler       0x08004c95    0x2  Code  Gb  stm32f10x_it.o [1]
MilliSecTimer           0x200004f4    0xc  Data  Gb  Test.o [1]
MyUI                    0x200003c4   0x30  Data  Gb  Test.o [1]
NMI_Handler             0x08004c91    0x2  Code  Gb  stm32f10x_it.o [1]
NVIC_Init               0x08001faf   0x60  Code  Gb  misc.o [1]
NVIC_PriorityGroupConfig
                        0x08001fa5    0xa  Code  Gb  misc.o [1]
NVIC_SetVectorTable     0x0800200f    0xc  Code  Gb  misc.o [1]
NokiaLCD                0x200004bc   0x10  Data  Gb  Test.o [1]
OneSecondHandler()      0x080024d1    0xa  Code  Gb  Test.o [1]
PendSV_Handler          0x08004c9f    0x2  Code  Gb  stm32f10x_it.o [1]
Power                   0x200004dc    0xc  Data  Lc  Test.o [1]
PowerMonitorScreen      0x20000328   0x58  Data  Lc  Test.o [1]
RCC_AHBPeriphClockCmd   0x08001757   0x20  Code  Gb  stm32f10x_rcc.o [1]
RCC_APB1PeriphClockCmd  0x08001797   0x20  Code  Gb  stm32f10x_rcc.o [1]
RCC_APB1PeriphResetCmd  0x080017b7   0x20  Code  Gb  stm32f10x_rcc.o [1]
RCC_APB2PeriphClockCmd  0x08001777   0x20  Code  Gb  stm32f10x_rcc.o [1]
RCC_DeInit              0x08001579   0x60  Code  Gb  stm32f10x_rcc.o [1]
RCC_GetClocksFreq       0x0800169d   0xba  Code  Gb  stm32f10x_rcc.o [1]
RCC_GetFlagStatus       0x080017d7   0x3c  Code  Gb  stm32f10x_rcc.o [1]
RCC_GetSYSCLKSource     0x0800165b    0xa  Code  Gb  stm32f10x_rcc.o [1]
RCC_HCLKConfig          0x08001665   0x12  Code  Gb  stm32f10x_rcc.o [1]
RCC_HSEConfig           0x080015d9   0x54  Code  Gb  stm32f10x_rcc.o [1]
RCC_PCLK1Config         0x08001677   0x12  Code  Gb  stm32f10x_rcc.o [1]
RCC_PCLK2Config         0x08001689   0x14  Code  Gb  stm32f10x_rcc.o [1]
RCC_PLLCmd              0x08001641    0x8  Code  Gb  stm32f10x_rcc.o [1]
RCC_PLLConfig           0x0800162d   0x14  Code  Gb  stm32f10x_rcc.o [1]
RCC_SYSCLKConfig        0x08001649   0x12  Code  Gb  stm32f10x_rcc.o [1]
Region$$Table$$Base     0x08004b1c          --   Gb  - Linker created -
Region$$Table$$Limit    0x08004b40          --   Gb  - Linker created -
ResetPinGpio            0x20000480   0x14  Data  Lc  Test.o [1]
RunTests()              0x08002301  0x1c6  Code  Gb  Test.o [1]
SHT$$INIT_ARRAY$$Base   0x08004e70          --   Gb  - Linker created -
SHT$$INIT_ARRAY$$Limit  0x08004e74          --   Gb  - Linker created -
SHT$$PREINIT_ARRAY$$Base
                        0x08004e70          --   Gb  - Linker created -
SHT$$PREINIT_ARRAY$$Limit
                        0x08004e70          --   Gb  - Linker created -
SPI_Cmd                 0x08004217   0x1c  Code  Gb  stm32f10x_spi.o [1]
SPI_I2S_GetFlagStatus   0x0800423b   0x12  Code  Gb  stm32f10x_spi.o [1]
SPI_I2S_ReceiveData     0x08004237    0x4  Code  Gb  stm32f10x_spi.o [1]
SPI_I2S_SendData        0x08004233    0x4  Code  Gb  stm32f10x_spi.o [1]
SPI_Init                0x080041d9   0x3e  Code  Gb  stm32f10x_spi.o [1]
SVC_Handler             0x08004c9b    0x2  Code  Gb  stm32f10x_it.o [1]
SpiDriverLCD            0x200003f4   0x20  Data  Lc  Test.o [1]
SysTick_CLKSourceConfig
                        0x0800201b   0x20  Code  Gb  misc.o [1]
SysTick_Handler         0x08003a45    0x8  Code  Gb  SysTickTimer.o [1]
SystemInit              0x080044b5   0x54  Code  Gb  system_stm32f10x.o [1]
TestGpio_WithoutInterrupt
                        0x20000458   0x14  Data  Lc  Test.o [1]
UsageFault_Handler      0x08004c99    0x2  Code  Gb  stm32f10x_it.o [1]
Utility::Clock::Alarm_t::Alarm_t()
                        0x08004c39   0x16  Code  Gb  Test.o [1]
Utility::Clock::Alarm_t::~Alarm_t()
                        0x0800092f    0x2  Code  Gb  Test.o [1]
Utility::Clock::Clock()
                        0x0800387d   0x20  Code  Gb  Test.o [1]
Utility::Clock::CreateAlarm(Utility::Clock::AlarmType_t, Utility::Time, void (*)())
                        0x080038e1   0x7e  Code  Gb  Clock.o [1]
Utility::Clock::StartAlarm(unsigned int)
                        0x0800395f   0x18  Code  Gb  Clock.o [1]
Utility::Clock::~Clock()
                        0x08004c1d   0x1c  Code  Gb  Test.o [1]
Utility::MilliTime::MilliTime()
                        0x0800389d    0xe  Code  Gb  Test.o [1]
Utility::Time::Time()   0x080042b1   0x14  Code  Gb  Time.o [1]
Utility::Time::Time(unsigned char, unsigned char, unsigned char, unsigned int)
                        0x080038bd   0x24  Code  Gb  Time.o [1]
Virtual function table for Bsp::ControlScreen
                        0x08004bac   0x1c  Data  Gb  ControlScreen.o [1]
Virtual function table for Bsp::GpioInput
                        0x08004850   0x40  Data  Gb  GpioInput.o [1]
Virtual function table for Bsp::GpioOutput
                        0x08004890   0x40  Data  Gb  GpioOutput.o [1]
Virtual function table for Bsp::HwButtonIntr
                        0x080048d0   0x40  Data  Gb  HwButtonIntr.o [1]
Virtual function table for Bsp::I2CDriver
                        0x08004910   0x40  Data  Gb  I2CDriver.o [1]
Virtual function table for Bsp::INA219
                        0x08004c50   0x10  Data  Gb  INA219.o [1]
Virtual function table for Bsp::Screen
                        0x08004c00   0x1c  Data  Gb  Screen.o [1]
Virtual function table for Bsp::SpiDriver
                        0x08004990   0x40  Data  Gb  SpiDriver.o [1]
Virtual function table for Led
                        0x08004950   0x40  Data  Gb  Led.o [1]
[local to Nokia5110LCD_cpp]::App::ASCII
                        0x080042d4  0x1e0  Data  Lc  Nokia5110LCD.o [1]
[local to SysTickTimer_cpp]::NVIC_SetPriority(IRQn, unsigned int)
                        0x080039e1   0x22  Code  Lc  SysTickTimer.o [1]
[local to SysTickTimer_cpp]::SysTick_Config(unsigned int)
                        0x08003a03   0x2e  Code  Lc  SysTickTimer.o [1]
[local to main_cpp]::prvSetupHardware()
                        0x08004625   0x7e  Code  Lc  main.o [1]
[local to system_stm32f10x_c]::SetSysClock()
                        0x08004509    0x8  Code  Lc  system_stm32f10x.o [1]
[local to system_stm32f10x_c]::SetSysClockTo72()
                        0x08004511   0xe0  Code  Lc  system_stm32f10x.o [1]
__aeabi_atexit          0x08002df5    0xa  Code  Gb  cxxabi.o [4]
__aeabi_cdcmpeq         0x08003c99         Code  Gb  DblCmpEq.o [5]
__aeabi_cfcmple         0x08004095         Code  Gb  FltCmpLe.o [5]
__aeabi_d2f             0x08003f49         Code  Gb  DblToFlt.o [5]
__aeabi_ddiv            0x08003cb9         Code  Gb  DblDiv.o [5]
__aeabi_dmul            0x08003af5         Code  Gb  DblMul.o [5]
__aeabi_f2d             0x08003f01         Code  Gb  FltToDbl.o [5]
__aeabi_f2iz            0x08003aa5         Code  Gb  FltToS32.o [5]
__aeabi_fadd            0x08000ad9         Code  Gb  FltAdd.o [5]
__aeabi_fdiv            0x080040dd         Code  Gb  FltDiv.o [5]
__aeabi_fmul            0x08000a01         Code  Gb  FltMul.o [5]
__aeabi_fsub            0x0800102d         Code  Gb  FltSub.o [5]
__aeabi_i2d             0x080040b9         Code  Gb  S32ToDbl.o [5]
__aeabi_i2f             0x08003ad1         Code  Gb  S32ToFlt.o [5]
__aeabi_memcpy          0x08000931         Code  Gb  ABImemcpy.o [6]
__aeabi_memcpy4         0x08000951         Code  Gb  ABImemcpy.o [6]
__aeabi_memcpy8         0x08000951         Code  Gb  ABImemcpy.o [6]
__aeabi_memset          0x080010ad         Code  Gb  ABImemset.o [6]
__aeabi_ui2f            0x080009e5         Code  Gb  U32ToFlt.o [5]
__aeabi_vec_ctor_nocookie_nodtor
                        0x08002da7   0x28  Code  Gb  cxxabi.o [4]
__aeabi_vec_dtor        0x08002dcf   0x26  Code  Gb  cxxabi.o [4]
__call_ctors            0x08003ff5   0x18  Code  Gb  cppinit.o [3]
__call_dtors            0x08004043    0xc  Code  Gb  cppinit.o [3]
__call_dtors0           0x0800404f   0x36  Code  Gb  cppinit.o [3]
__cexit_call_dtors      0x08004b8b         Code  Gb  cexit.o [6]
__cmain                 0x08004b61         Code  Gb  cmain.o [6]
__cstart_call_dtors     0x08004e74         Data  Gb  cstart_call_dtors.o [6]
__cxa_atexit            0x0800400d   0x36  Code  Gb  cppinit.o [3]
__dso_handle            0x20000634    0x4  Data  Gb  cppinit.o [3]
__exit                  0x08004b99   0x14  Code  Gb  exit.o [7]
__iar_Memset            0x080010ad         Code  Gb  ABImemset.o [6]
__iar_Memset_word       0x080010b5         Code  Gb  ABImemset.o [6]
__iar_cstart_call_ctors
                        0x08004b41   0x20  Code  Gb  cmain_call_ctors.o [6]
__iar_data_init3        0x08004af5   0x28  Code  Gb  data_init.o [6]
__iar_debug_exceptions  0x080009e2    0x1  Data  Gb  unwind_debug.o [7]
__iar_fadd              0x08001039         Code  Gb  FltSub.o [5]
__iar_fsub              0x08000ae5         Code  Gb  FltAdd.o [5]
__iar_fsubStart         0x08000af5         Code  Gb  FltAdd.o [5]
__iar_packbits_init_single3
                        0x08004a5b   0x38  Code  Gb  packbits_init_single.o [6]
__iar_program_start     0x08004d0d         Code  Gb  cstartup_M.o [6]
__iar_systems$$module {Abs}
                        0x00000001         Data  Gb  command line/config [2]
__iar_tls$$INIT_ARRAY$$Base
                        0x08004e74          --   Gb  - Linker created -
__iar_tls$$INIT_ARRAY$$Limit
                        0x08004e74          --   Gb  - Linker created -
__iar_zero_init3        0x080049d1   0x40  Code  Gb  zero_init3.o [6]
__low_level_init        0x08004b7f    0x4  Code  Gb  low_level_init.o [3]
__sti__routine          0x0800211d  0x128  Code  Lc  Test.o [1]
__vector_table          0x08000000         Data  Gb  startup_stm32f10x_md.o [1]
_call_main              0x08004b6d         Code  Gb  cmain.o [6]
_exit                   0x08004b89         Code  Gb  cexit.o [6]
_main                   0x08004b7b         Code  Gb  cmain.o [6]
aCurrent                0x200004a8   0x14  Data  Gb  Test.o [1]
aVoltage                0x200004e8    0xc  Data  Gb  Test.o [1]
exit                    0x08004b83    0x4  Code  Gb  exit.o [3]
ftoa(float, char *, int)
                        0x08002649   0xde  Code  Gb  Test.o [1]
gEvent                  0x2000002c    0x1  Data  Gb  Test.o [1]
intToStr(int, char *, int)
                        0x0800260b   0x3e  Code  Gb  Test.o [1]
main                    0x0800460d   0x18  Code  Gb  main.o [1]
memcpy                  0x080009d7    0xc  Code  Gb  memcpy.o [6]
myControlScreen         0x200001ac   0xe8  Data  Lc  Test.o [1]
myControlScreenHandle   0x2000063f    0x1  Data  Lc  Test.o [1]
nClock                  0x20000030  0x17c  Data  Gb  Test.o [1]
nClockHandle            0x2000062c    0x4  Data  Lc  Test.o [1]
next_abi_dtor_rec       0x20000630    0x4  Data  Lc  cppinit.o [3]
reverse(char *, int)    0x080025ef   0x1c  Code  Gb  Test.o [1]
rtc                     0x200004cc   0x10  Data  Lc  Test.o [1]
t                       0x20000500    0xc  Data  Gb  Test.o [1]


[1] = C:\Amit Caudhary\STM32_IAR\Projects\CppFirmware\Debug\Obj
[2] = command line
[3] = dl7M_tln.a
[4] = dlpp7M_tl_nc.a
[5] = m7M_tl.a
[6] = rt7M_tl.a
[7] = shb_l.a

  18 445 bytes of readonly  code memory
   1 665 bytes of readonly  data memory
   4 093 bytes of readwrite data memory

Errors: none
Warnings: none
