###############################################################################
#
# IAR ELF Linker V8.20.1.14183/W32 for ARM                16/Jan/2018  23:49:28
# Copyright 2007-2017 IAR Systems AB.
#
#    Output file  =  
#        C:\Amit
#        Caudhary\STM32_IAR\Projects\CppFirmware\Debug\Exe\Cpp_Firmware_STM32F103C8.out
#    Map file     =  
#        C:\Amit
#        Caudhary\STM32_IAR\Projects\CppFirmware\Debug\List\Cpp_Firmware_STM32F103C8.map
#    Command line =  
#        -f C:\Users\AMITCH~1\AppData\Local\Temp\EWCBFF.tmp ("C:\Amit
#        Caudhary\STM32_IAR\Projects\CppFirmware\Debug\Obj\ClockManager.o"
#        "C:\Amit
#        Caudhary\STM32_IAR\Projects\CppFirmware\Debug\Obj\ControlScreen.o"
#        "C:\Amit
#        Caudhary\STM32_IAR\Projects\CppFirmware\Debug\Obj\GpioInput.o"
#        "C:\Amit
#        Caudhary\STM32_IAR\Projects\CppFirmware\Debug\Obj\GpioOutput.o"
#        "C:\Amit Caudhary\STM32_IAR\Projects\CppFirmware\Debug\Obj\HwButton.o"
#        "C:\Amit
#        Caudhary\STM32_IAR\Projects\CppFirmware\Debug\Obj\HwButtonIntr.o"
#        "C:\Amit
#        Caudhary\STM32_IAR\Projects\CppFirmware\Debug\Obj\I2CDriver.o"
#        "C:\Amit Caudhary\STM32_IAR\Projects\CppFirmware\Debug\Obj\INA219.o"
#        "C:\Amit
#        Caudhary\STM32_IAR\Projects\CppFirmware\Debug\Obj\InterruptManager.o"
#        "C:\Amit Caudhary\STM32_IAR\Projects\CppFirmware\Debug\Obj\Led.o"
#        "C:\Amit Caudhary\STM32_IAR\Projects\CppFirmware\Debug\Obj\main.o"
#        "C:\Amit Caudhary\STM32_IAR\Projects\CppFirmware\Debug\Obj\misc.o"
#        "C:\Amit
#        Caudhary\STM32_IAR\Projects\CppFirmware\Debug\Obj\Nokia5110LCD.o"
#        "C:\Amit
#        Caudhary\STM32_IAR\Projects\CppFirmware\Debug\Obj\Peripheral.o"
#        "C:\Amit Caudhary\STM32_IAR\Projects\CppFirmware\Debug\Obj\Screen.o"
#        "C:\Amit
#        Caudhary\STM32_IAR\Projects\CppFirmware\Debug\Obj\SpiDriver.o"
#        "C:\Amit
#        Caudhary\STM32_IAR\Projects\CppFirmware\Debug\Obj\startup_stm32f10x_md.o"
#        "C:\Amit
#        Caudhary\STM32_IAR\Projects\CppFirmware\Debug\Obj\stm32f10x_exti.o"
#        "C:\Amit
#        Caudhary\STM32_IAR\Projects\CppFirmware\Debug\Obj\stm32f10x_gpio.o"
#        "C:\Amit
#        Caudhary\STM32_IAR\Projects\CppFirmware\Debug\Obj\stm32f10x_i2c.o"
#        "C:\Amit
#        Caudhary\STM32_IAR\Projects\CppFirmware\Debug\Obj\stm32f10x_it.o"
#        "C:\Amit
#        Caudhary\STM32_IAR\Projects\CppFirmware\Debug\Obj\stm32f10x_rcc.o"
#        "C:\Amit
#        Caudhary\STM32_IAR\Projects\CppFirmware\Debug\Obj\stm32f10x_spi.o"
#        "C:\Amit
#        Caudhary\STM32_IAR\Projects\CppFirmware\Debug\Obj\stm32f10x_usart.o"
#        "C:\Amit
#        Caudhary\STM32_IAR\Projects\CppFirmware\Debug\Obj\system_stm32f10x.o"
#        "C:\Amit
#        Caudhary\STM32_IAR\Projects\CppFirmware\Debug\Obj\SysTickTimer.o"
#        "C:\Amit Caudhary\STM32_IAR\Projects\CppFirmware\Debug\Obj\Test.o"
#        "C:\Amit Caudhary\STM32_IAR\Projects\CppFirmware\Debug\Obj\UI.o" -o
#        "C:\Amit
#        Caudhary\STM32_IAR\Projects\CppFirmware\Debug\Exe\Cpp_Firmware_STM32F103C8.out"
#        --redirect _Printf=_PrintfFullNoMb --redirect _Scanf=_ScanfFullNoMb
#        --map "C:\Amit
#        Caudhary\STM32_IAR\Projects\CppFirmware\Debug\List\Cpp_Firmware_STM32F103C8.map"
#        --config "C:\Program Files (x86)\IAR Systems\Embedded Workbench
#        8.0\arm\config\linker\ST\stm32f103x8.icf" --semihosting --entry
#        __iar_program_start --vfe --text_out locale)
#
###############################################################################

*******************************************************************************
*** RUNTIME MODEL ATTRIBUTES
***

CppFlavor                     = *
__CPP_Exceptions              = Disabled
__CPP_Language                = C++14
__Heap_Handler                = Basic
__SystemLibrary               = DLib
__dlib_dynamic_initialization = normal
__dlib_version                = 6


*******************************************************************************
*** HEAP SELECTION
***

The basic heap was selected because some modules are built with
size limitations (and not runtime checking), and --advanced_heap
was not specified.


*******************************************************************************
*** PLACEMENT SUMMARY
***

"A0":  place at 0x08000000 { ro section .intvec };
"P1":  place in [from 0x08000000 to 0x0800ffff] { ro };
define block CSTACK with size = 2K, alignment = 8 { };
define block HEAP with size = 2K, alignment = 8 { };
"P2":  place in [from 0x20000000 to 0x20004fff] {
          rw, block CSTACK, block HEAP };
initialize by copy { rw };

  Section                Kind        Address    Size  Object
  -------                ----        -------    ----  ------
"A0":                                           0xec
  .intvec                ro code  0x08000000    0xec  startup_stm32f10x_md.o [1]
                                - 0x080000ec    0xec

"P1":                                         0x4078
  .text                  ro code  0x080000ec   0x744  InterruptManager.o [1]
  .text                  ro code  0x08000830    0xb8  misc.o [1]
  .text                  ro code  0x080008e8    0xc0  stm32f10x_exti.o [1]
  .text                  ro code  0x080009a8   0x598  Test.o [1]
  .text                  ro code  0x08000f40   0x338  GpioInput.o [1]
  .text                  ro code  0x08001278    0x20  Led.o [1]
  .text                  ro code  0x08001298   0x26a  HwButtonIntr.o [1]
  .rodata                const    0x08001502     0x1  unwind_debug.o [7]
  .text                  ro code  0x08001504   0x470  I2CDriver.o [1]
  .text                  ro code  0x08001974     0xa  cxxabi.o [4]
  .text                  ro code  0x08001980   0x19e  INA219.o [1]
  .text                  ro code  0x08001b20   0x280  SpiDriver.o [1]
  .text                  ro code  0x08001da0    0xea  GpioOutput.o [1]
  .text                  ro code  0x08001e8c   0x208  Nokia5110LCD.o [1]
  .text                  ro code  0x08002094    0xe8  UI.o [1]
  .text                  ro code  0x0800217c   0x172  ControlScreen.o [1]
  .text                  ro code  0x080022f0    0x9e  Screen.o [1]
  .text                  ro code  0x0800238e     0x8  Test.o [1]
  .text                  ro code  0x08002396    0x18  Test.o [1]
  .text                  ro code  0x080023ae    0x26  Test.o [1]
  .text                  ro code  0x080023d4    0x18  Test.o [1]
  .text                  ro code  0x080023ec     0x8  Test.o [1]
  .text                  ro code  0x080023f4    0xc4  SysTickTimer.o [1]
  .text                  ro code  0x080024b8    0x2a  FltToS32.o [5]
  .text                  ro code  0x080024e4    0x24  S32ToFlt.o [5]
  .text                  ro code  0x08002508    0x80  FltSub.o [5]
  .text                  ro code  0x08002588   0x1a2  DblMul.o [5]
  .text                  ro code  0x0800272c    0x20  DblCmpEq.o [5]
  .text                  ro code  0x0800274c   0x246  DblDiv.o [5]
  .text                  ro code  0x08002994    0x48  FltToDbl.o [5]
  .text                  ro code  0x080029dc    0x68  DblToFlt.o [5]
  .text                  ro code  0x08002a44   0x130  stm32f10x_gpio.o [1]
  .text                  ro code  0x08002b74     0xc  SysTickTimer.o [1]
  .text                  ro code  0x08002b80    0x18  HwButtonIntr.o [1]
  .text                  ro code  0x08002b98     0xe  HwButtonIntr.o [1]
  .text                  ro code  0x08002ba6    0x10  HwButtonIntr.o [1]
  .text                  ro code  0x08002bb8    0x66  ABImemset.o [6]
  .text                  ro code  0x08002c20   0x1e6  stm32f10x_i2c.o [1]
  .text                  ro code  0x08002e08    0x48  I2CDriver.o [1]
  .text                  ro code  0x08002e50    0x68  I2CDriver.o [1]
  .text                  ro code  0x08002eb8    0x44  I2CDriver.o [1]
  .text                  ro code  0x08002efc    0x44  I2CDriver.o [1]
  .text                  ro code  0x08002f40    0xa0  cppinit.o [3]
  .text                  ro code  0x08002fe0    0x24  FltCmpLe.o [5]
  .text                  ro code  0x08003004    0x22  S32ToDbl.o [5]
  .text                  ro code  0x08003028    0x1c  U32ToFlt.o [5]
  .text                  ro code  0x08003044    0xfc  FltDiv.o [5]
  .text                  ro code  0x08003140    0x74  stm32f10x_spi.o [1]
  .text                  ro code  0x080031b4     0xe  SpiDriver.o [1]
  .text                  ro code  0x080031c2     0xe  SpiDriver.o [1]
  .text                  ro code  0x080031d0    0xa6  ABImemcpy.o [6]
  .text                  ro code  0x08003278    0x10  Screen.o [1]
  .text                  ro code  0x08003288    0x34  Screen.o [1]
  .text                  ro code  0x080032bc     0x4  Test.o [1]
  .text                  ro code  0x080032c0    0x10  SysTickTimer.o [1]
  .text                  ro code  0x080032d0   0x2dc  stm32f10x_rcc.o [1]
  .text                  ro code  0x080035ac    0xd6  FltAdd.o [5]
  .text                  ro code  0x08003682     0xc  I2CDriver.o [1]
  .rodata                const    0x08003690   0x1e0  Nokia5110LCD.o [1]
  .text                  ro code  0x08003870   0x158  system_stm32f10x.o [1]
  .text                  ro code  0x080039c8    0x9c  main.o [1]
  .text                  ro code  0x08003a64    0x84  HwButtonIntr.o [1]
  .text                  ro code  0x08003ae8    0x74  ClockManager.o [1]
  .rodata                const    0x08003b5c    0x58  Test.o [1]
  .rodata                const    0x08003bb4    0x58  Test.o [1]
  .rodata                const    0x08003c0c    0x58  Test.o [1]
  .rodata                const    0x08003c64    0x58  Test.o [1]
  .rodata                const    0x08003cbc    0x58  Test.o [1]
  .rodata                const    0x08003d14    0x40  GpioInput.o [1]
  .rodata                const    0x08003d54    0x40  GpioOutput.o [1]
  .rodata                const    0x08003d94    0x40  HwButtonIntr.o [1]
  .rodata                const    0x08003dd4    0x40  I2CDriver.o [1]
  .rodata                const    0x08003e14    0x40  Led.o [1]
  .rodata                const    0x08003e54    0x40  SpiDriver.o [1]
  .text                  ro code  0x08003e94    0x40  zero_init3.o [6]
  .text                  ro code  0x08003ed4    0x3a  Peripheral.o [1]
  .text                  ro code  0x08003f0e     0x8  Peripheral.o [1]
  .text                  ro code  0x08003f16     0x8  Peripheral.o [1]
  .text                  ro code  0x08003f1e    0x2c  copy_init3.o [6]
  .text                  ro code  0x08003f4c    0x28  data_init.o [6]
  .iar.init_table        const    0x08003f74    0x28  - Linker created -
  .text                  ro code  0x08003f9c    0x20  cmain_call_ctors.o [6]
  .text                  ro code  0x08003fbc    0x1e  cmain.o [6]
  .text                  ro code  0x08003fda     0x4  low_level_init.o [3]
  .text                  ro code  0x08003fde     0x4  exit.o [3]
  .text                  ro code  0x08003fe4     0xe  cexit.o [6]
  .text                  ro code  0x08003ff4    0x14  exit.o [7]
  .rodata                const    0x08004008    0x18  ControlScreen.o [1]
  .rodata                const    0x08004020    0x18  Screen.o [1]
  Initializer bytes      const    0x08004038    0x18  <for P2-1>
  .rodata                const    0x08004050    0x10  INA219.o [1]
  .rodata                const    0x08004060    0x10  Nokia5110LCD.o [1]
  .rodata                const    0x08004070    0x10  UI.o [1]
  .text                  ro code  0x08004080    0x10  startup_stm32f10x_md.o [1]
  .text                  ro code  0x08004090    0x10  stm32f10x_it.o [1]
  .text                  ro code  0x080040a0     0xc  cstartup_M.o [6]
  .text                  ro code  0x080040ac     0xa  ControlScreen.o [1]
  .rodata                const    0x080040b8     0x8  Test.o [1]
  .rodata                const    0x080040c0     0x8  Test.o [1]
  .rodata                const    0x080040c8     0x8  Test.o [1]
  .text                  ro code  0x080040d0     0x4  startup_stm32f10x_md.o [1]
  .text                  ro code  0x080040d4     0x4  startup_stm32f10x_md.o [1]
  .text                  ro code  0x080040d8     0x4  startup_stm32f10x_md.o [1]
  .text                  ro code  0x080040dc     0x4  startup_stm32f10x_md.o [1]
  .text                  ro code  0x080040e0     0x4  startup_stm32f10x_md.o [1]
  .text                  ro code  0x080040e4     0x4  startup_stm32f10x_md.o [1]
  .text                  ro code  0x080040e8     0x4  startup_stm32f10x_md.o [1]
  .text                  ro code  0x080040ec     0x4  startup_stm32f10x_md.o [1]
  .text                  ro code  0x080040f0     0x4  startup_stm32f10x_md.o [1]
  .text                  ro code  0x080040f4     0x4  startup_stm32f10x_md.o [1]
  .text                  ro code  0x080040f8     0x4  startup_stm32f10x_md.o [1]
  .text                  ro code  0x080040fc     0x4  startup_stm32f10x_md.o [1]
  .text                  ro code  0x08004100     0x4  startup_stm32f10x_md.o [1]
  .text                  ro code  0x08004104     0x4  startup_stm32f10x_md.o [1]
  .text                  ro code  0x08004108     0x4  startup_stm32f10x_md.o [1]
  .text                  ro code  0x0800410c     0x4  startup_stm32f10x_md.o [1]
  .text                  ro code  0x08004110     0x4  startup_stm32f10x_md.o [1]
  .text                  ro code  0x08004114     0x4  startup_stm32f10x_md.o [1]
  .text                  ro code  0x08004118     0x4  startup_stm32f10x_md.o [1]
  .text                  ro code  0x0800411c     0x4  startup_stm32f10x_md.o [1]
  .text                  ro code  0x08004120     0x4  startup_stm32f10x_md.o [1]
  .text                  ro code  0x08004124     0x4  startup_stm32f10x_md.o [1]
  .text                  ro code  0x08004128     0x4  startup_stm32f10x_md.o [1]
  .text                  ro code  0x0800412c     0x4  startup_stm32f10x_md.o [1]
  .text                  ro code  0x08004130     0x4  startup_stm32f10x_md.o [1]
  .text                  ro code  0x08004134     0x4  startup_stm32f10x_md.o [1]
  .text                  ro code  0x08004138     0x4  startup_stm32f10x_md.o [1]
  .text                  ro code  0x0800413c     0x4  startup_stm32f10x_md.o [1]
  .text                  ro code  0x08004140     0x4  startup_stm32f10x_md.o [1]
  .text                  ro code  0x08004144     0x4  startup_stm32f10x_md.o [1]
  .text                  ro code  0x08004148     0x4  startup_stm32f10x_md.o [1]
  .text                  ro code  0x0800414c     0x4  startup_stm32f10x_md.o [1]
  .text                  ro code  0x08004150     0x4  startup_stm32f10x_md.o [1]
  .text                  ro code  0x08004154     0x4  startup_stm32f10x_md.o [1]
  .text                  ro code  0x08004158     0x4  startup_stm32f10x_md.o [1]
  .text                  ro code  0x0800415c     0x4  startup_stm32f10x_md.o [1]
  SHT$$PREINIT_ARRAY              0x08004160     0x0  <Block>
  SHT$$INIT_ARRAY                 0x08004160     0x4  <Block>
    .init_array          const    0x08004160     0x4  Test.o [1]
  __iar_tls$$INIT_ARRAY           0x08004164     0x0  <Block>
  .text                  ro code  0x08004164     0x0  cstart_call_dtors.o [6]
  .rodata                const    0x08004164     0x0  zero_init3.o [6]
  .rodata                const    0x08004164     0x0  copy_init3.o [6]
                                - 0x08004164  0x4078

"P2", part 1 of 3:                              0x18
  P2-1                            0x20000000    0x15  <Init block>
    .data                inited   0x20000000    0x10  stm32f10x_rcc.o [1]
    .data                inited   0x20000010     0x4  stm32f10x_rcc.o [1]
    .data                inited   0x20000014     0x1  Test.o [1]
                                - 0x20000015    0x15

"P2", part 2 of 3:                             0x5f4
  .bss                   zero     0x20000018    0xe8  Test.o [1]
  .bss                   zero     0x20000100    0xe8  Test.o [1]
  .bss                   zero     0x200001e8    0x94  Test.o [1]
  .bss                   zero     0x2000027c    0x58  Test.o [1]
  .bss                   zero     0x200002d4    0x58  Test.o [1]
  .bss                   zero     0x2000032c    0x58  Test.o [1]
  .bss                   zero     0x20000384    0x44  Test.o [1]
  .bss                   zero     0x200003c8    0x30  Test.o [1]
  .bss                   zero     0x200003f8    0x20  Test.o [1]
  .bss                   zero     0x20000418    0x18  Test.o [1]
  .bss                   zero     0x20000430    0x18  Test.o [1]
  .bss                   zero     0x20000448    0x14  SpiDriver.o [1]
  .bss                   zero     0x2000045c    0x14  Test.o [1]
  .bss                   zero     0x20000470    0x14  Test.o [1]
  .bss                   zero     0x20000484    0x14  Test.o [1]
  .bss                   zero     0x20000498    0x14  Test.o [1]
  .bss                   zero     0x200004ac    0x10  Test.o [1]
  .bss                   zero     0x200004bc     0xc  Test.o [1]
  .bss                   zero     0x200004c8     0xc  Test.o [1]
  .bss                   zero     0x200004d4     0xc  Test.o [1]
  .bss                   zero     0x200004e0     0x4  ClockManager.o [1]
  .bss                   zero     0x200004e4     0x4  HwButtonIntr.o [1]
  .bss                   zero     0x200004e8     0x4  HwButtonIntr.o [1]
  .bss                   zero     0x200004ec     0x4  HwButtonIntr.o [1]
  .bss                   zero     0x200004f0     0x4  I2CDriver.o [1]
  .bss                   zero     0x200004f4     0x4  InterruptManager.o [1]
  .bss                   zero     0x200004f8     0x4  InterruptManager.o [1]
  .bss                   zero     0x200004fc     0x4  InterruptManager.o [1]
  .bss                   zero     0x20000500     0x4  InterruptManager.o [1]
  .bss                   zero     0x20000504     0x4  InterruptManager.o [1]
  .bss                   zero     0x20000508     0x4  InterruptManager.o [1]
  .bss                   zero     0x2000050c     0x4  InterruptManager.o [1]
  .bss                   zero     0x20000510     0x4  InterruptManager.o [1]
  .bss                   zero     0x20000514     0x4  InterruptManager.o [1]
  .bss                   zero     0x20000518     0x4  InterruptManager.o [1]
  .bss                   zero     0x2000051c     0x4  InterruptManager.o [1]
  .bss                   zero     0x20000520     0x4  InterruptManager.o [1]
  .bss                   zero     0x20000524     0x4  InterruptManager.o [1]
  .bss                   zero     0x20000528     0x4  InterruptManager.o [1]
  .bss                   zero     0x2000052c     0x4  InterruptManager.o [1]
  .bss                   zero     0x20000530     0x4  InterruptManager.o [1]
  .bss                   zero     0x20000534     0x4  InterruptManager.o [1]
  .bss                   zero     0x20000538     0x4  InterruptManager.o [1]
  .bss                   zero     0x2000053c     0x4  InterruptManager.o [1]
  .bss                   zero     0x20000540     0x4  InterruptManager.o [1]
  .bss                   zero     0x20000544     0x4  InterruptManager.o [1]
  .bss                   zero     0x20000548     0x4  InterruptManager.o [1]
  .bss                   zero     0x2000054c     0x4  InterruptManager.o [1]
  .bss                   zero     0x20000550     0x4  InterruptManager.o [1]
  .bss                   zero     0x20000554     0x4  InterruptManager.o [1]
  .bss                   zero     0x20000558     0x4  InterruptManager.o [1]
  .bss                   zero     0x2000055c     0x4  InterruptManager.o [1]
  .bss                   zero     0x20000560     0x4  InterruptManager.o [1]
  .bss                   zero     0x20000564     0x4  InterruptManager.o [1]
  .bss                   zero     0x20000568     0x4  InterruptManager.o [1]
  .bss                   zero     0x2000056c     0x4  InterruptManager.o [1]
  .bss                   zero     0x20000570     0x4  InterruptManager.o [1]
  .bss                   zero     0x20000574     0x4  InterruptManager.o [1]
  .bss                   zero     0x20000578     0x4  InterruptManager.o [1]
  .bss                   zero     0x2000057c     0x4  InterruptManager.o [1]
  .bss                   zero     0x20000580     0x4  InterruptManager.o [1]
  .bss                   zero     0x20000584     0x4  InterruptManager.o [1]
  .bss                   zero     0x20000588     0x4  InterruptManager.o [1]
  .bss                   zero     0x2000058c     0x4  InterruptManager.o [1]
  .bss                   zero     0x20000590     0x4  InterruptManager.o [1]
  .bss                   zero     0x20000594     0x4  InterruptManager.o [1]
  .bss                   zero     0x20000598     0x4  InterruptManager.o [1]
  .bss                   zero     0x2000059c     0x4  InterruptManager.o [1]
  .bss                   zero     0x200005a0     0x4  InterruptManager.o [1]
  .bss                   zero     0x200005a4     0x4  InterruptManager.o [1]
  .bss                   zero     0x200005a8     0x4  InterruptManager.o [1]
  .bss                   zero     0x200005ac     0x4  InterruptManager.o [1]
  .bss                   zero     0x200005b0     0x4  InterruptManager.o [1]
  .bss                   zero     0x200005b4     0x4  InterruptManager.o [1]
  .bss                   zero     0x200005b8     0x4  InterruptManager.o [1]
  .bss                   zero     0x200005bc     0x4  InterruptManager.o [1]
  .bss                   zero     0x200005c0     0x4  InterruptManager.o [1]
  .bss                   zero     0x200005c4     0x4  InterruptManager.o [1]
  .bss                   zero     0x200005c8     0x4  InterruptManager.o [1]
  .bss                   zero     0x200005cc     0x4  InterruptManager.o [1]
  .bss                   zero     0x200005d0     0x4  InterruptManager.o [1]
  .bss                   zero     0x200005d4     0x4  InterruptManager.o [1]
  .bss                   zero     0x200005d8     0x4  InterruptManager.o [1]
  .bss                   zero     0x200005dc     0x4  InterruptManager.o [1]
  .bss                   zero     0x200005e0     0x4  InterruptManager.o [1]
  .bss                   zero     0x200005e4     0x4  InterruptManager.o [1]
  .bss                   zero     0x200005e8     0x4  InterruptManager.o [1]
  .bss                   zero     0x200005ec     0x4  SysTickTimer.o [1]
  .bss                   zero     0x200005f0     0x4  Test.o [1]
  .bss                   zero     0x200005f4     0x4  cppinit.o [3]
  .bss                   zero     0x200005f8     0x4  cppinit.o [3]
  .bss                   zero     0x200005fc     0x2  HwButtonIntr.o [1]
  .bss                   zero     0x200005fe     0x1  ClockManager.o [1]
  .bss                   zero     0x200005ff     0x1  HwButtonIntr.o [1]
  .bss                   zero     0x20000600     0x1  InterruptManager.o [1]
  .bss                   zero     0x20000601     0x1  InterruptManager.o [1]
  .bss                   zero     0x20000602     0x1  SpiDriver.o [1]
  .bss                   zero     0x20000603     0x1  Test.o [1]
  .bss                   zero     0x20000604     0x1  Test.o [1]
  .bss                   zero     0x20000605     0x1  Test.o [1]
  .bss                   zero     0x20000606     0x1  Test.o [1]
  .bss                   zero     0x20000607     0x1  UI.o [1]
  .bss                   zero     0x20000608     0x1  UI.o [1]
  .bss                   zero     0x20000609     0x1  UI.o [1]
                                - 0x2000060a   0x5f2

"P2", part 3 of 3:                             0x9d4
  .iar.dynexit                    0x2000060c   0x1d4  <Block>
    .iar.dynexit         uninit   0x2000060c     0xc  cppinit.o [3]
    .iar.dynexit         uninit   0x20000618   0x1c8  <Block tail>
  CSTACK                          0x200007e0   0x800  <Block>
    CSTACK               uninit   0x200007e0   0x800  <Block tail>
                                - 0x20000fe0   0x9d4


*******************************************************************************
*** INIT TABLE
***

          Address     Size
          -------     ----
Zero (__iar_zero_init3)
    1 destination range, total size 0x5f2:
          0x20000018  0x5f2

Copy (__iar_copy_init3)
    1 source range, total size 0x18 (114% of destination):
          0x08004038   0x18
    1 destination range, total size 0x15:
          0x20000000   0x15

Extra (__iar_cstart_call_ctors)



*******************************************************************************
*** MODULE SUMMARY
***

    Module                  ro code  ro data  rw data
    ------                  -------  -------  -------
C:\Amit Caudhary\STM32_IAR\Projects\CppFirmware\Debug\Obj: [1]
    ClockManager.o              116                 5
    ControlScreen.o             380       24
    GpioInput.o                 824       64
    GpioOutput.o                234       64
    HwButtonIntr.o              804       64       15
    I2CDriver.o               1 460       64        4
    INA219.o                    414       16
    InterruptManager.o        1 860               250
    Led.o                        32       64
    Nokia5110LCD.o              520      496
    Peripheral.o                 74
    Screen.o                    226       24
    SpiDriver.o                 668       64       21
    SysTickTimer.o              224                 4
    Test.o                    1 538      469    1 213
    UI.o                        232       16        3
    main.o                      156
    misc.o                      184
    startup_stm32f10x_md.o      396
    stm32f10x_exti.o            192
    stm32f10x_gpio.o            304
    stm32f10x_i2c.o             486
    stm32f10x_it.o               16
    stm32f10x_rcc.o             732       20       20
    stm32f10x_spi.o             116
    system_stm32f10x.o          344
    -------------------------------------------------
    Total:                   12 532    1 449    1 535

command line: [2]
    -------------------------------------------------
    Total:

dl7M_tln.a: [3]
    cppinit.o                   160                20
    exit.o                        4
    low_level_init.o              4
    -------------------------------------------------
    Total:                      168                20

dlpp7M_tl_nc.a: [4]
    cxxabi.o                     10
    -------------------------------------------------
    Total:                       10

m7M_tl.a: [5]
    DblCmpEq.o                   32
    DblDiv.o                    582
    DblMul.o                    418
    DblToFlt.o                  104
    FltAdd.o                    214
    FltCmpLe.o                   36
    FltDiv.o                    252
    FltSub.o                    128
    FltToDbl.o                   72
    FltToS32.o                   42
    S32ToDbl.o                   34
    S32ToFlt.o                   36
    U32ToFlt.o                   28
    -------------------------------------------------
    Total:                    1 978

rt7M_tl.a: [6]
    ABImemcpy.o                 166
    ABImemset.o                 102
    cexit.o                      14
    cmain.o                      30
    cmain_call_ctors.o           32
    copy_init3.o                 44
    cstart_call_dtors.o
    cstartup_M.o                 12
    data_init.o                  40
    zero_init3.o                 64
    -------------------------------------------------
    Total:                      504

shb_l.a: [7]
    exit.o                       20
    unwind_debug.o                         1
    -------------------------------------------------
    Total:                       20        1

    Gaps                         31        4
    Linker created                        43    2 504
-----------------------------------------------------
    Grand Total:             15 243    1 497    4 059


*******************************************************************************
*** ENTRY LIST
***

Entry                      Address   Size  Type      Object
-----                      -------   ----  ----      ------
.iar.dynexit$$Base      0x2000060c          --   Gb  - Linker created -
.iar.dynexit$$Limit     0x200007e0          --   Gb  - Linker created -
.iar.init_table$$Base   0x08003f74          --   Gb  - Linker created -
.iar.init_table$$Limit  0x08003f9c          --   Gb  - Linker created -
?main                   0x08003fbd         Code  Gb  cmain.o [6]
ADCPrescTable           0x20000010    0x4  Data  Lc  stm32f10x_rcc.o [1]
APBAHBPrescTable        0x20000000   0x10  Data  Lc  stm32f10x_rcc.o [1]
Aarav                   0x200002d4   0x58  Data  Lc  Test.o [1]
AaravScreenHandle       0x20000605    0x1  Data  Lc  Test.o [1]
App::Nokia5110LCD::Clear()
                        0x08001f67   0x26  Code  Gb  Nokia5110LCD.o [1]
App::Nokia5110LCD::DisplayInit()
                        0x08001ed3   0x5e  Code  Gb  Nokia5110LCD.o [1]
App::Nokia5110LCD::DrawBuffer(char *)
                        0x08002071   0x24  Code  Gb  Nokia5110LCD.o [1]
App::Nokia5110LCD::DrawLine(unsigned char, unsigned char, char const *)
                        0x08002009   0x60  Code  Gb  Nokia5110LCD.o [1]
App::Nokia5110LCD::DrawString(char const *)
                        0x08001fef   0x1a  Code  Gb  Nokia5110LCD.o [1]
App::Nokia5110LCD::GoToXY(int, int)
                        0x08001f8d   0x28  Code  Gb  Nokia5110LCD.o [1]
App::Nokia5110LCD::HwInit()
                        0x08001e9d   0x36  Code  Gb  Nokia5110LCD.o [1]
App::Nokia5110LCD::LCDCharacter(char)
                        0x08001fb5   0x3a  Code  Gb  Nokia5110LCD.o [1]
App::Nokia5110LCD::Nokia5110LCD(Bsp::SpiDriver *, Bsp::GpioOutput *, Bsp::GpioOutput *, Bsp::GpioOutput *)
                        0x08001e8d   0x10  Code  Gb  Nokia5110LCD.o [1]
App::Nokia5110LCD::Write(App::Nokia5110LCD::DC_t, unsigned char)
                        0x08001f31   0x36  Code  Gb  Nokia5110LCD.o [1]
App::UI::ActiveScreen   0x20000607    0x1  Data  Gb  UI.o [1]
App::UI::AddScreen(Bsp::Screen *)
                        0x080023af   0x26  Code  Gb  Test.o [1]
App::UI::DisplayScreen()
                        0x0800210b   0x68  Code  Gb  UI.o [1]
App::UI::EventHamdler(Bsp::Screen::Event_t &)
                        0x080020cd   0x3e  Code  Gb  UI.o [1]
App::UI::GoToNextScreen()
                        0x08003289   0x34  Code  Gb  Screen.o [1]
App::UI::GoToPreviousScreen()
                        0x08003279   0x10  Code  Gb  Screen.o [1]
App::UI::Init()         0x08002099   0x34  Code  Gb  UI.o [1]
App::UI::PreviousActiveScreen
                        0x20000609    0x1  Data  Gb  UI.o [1]
App::UI::Run()          0x0800238f    0x8  Code  Gb  Test.o [1]
App::UI::SetActiveScreen(unsigned char)
                        0x080023d5   0x18  Code  Gb  Test.o [1]
App::UI::TotalRegisteredScreens
                        0x20000608    0x1  Data  Gb  UI.o [1]
App::UI::UI(App::Nokia5110LCD *)
                        0x08002095    0x4  Code  Gb  UI.o [1]
BackLightGpio           0x20000498   0x14  Data  Lc  Test.o [1]
Bsp::ClockManager::GetInstance()
                        0x08003ae9   0x14  Code  Gb  ClockManager.o [1]
Bsp::ClockManager::GetInstance(){1}::ClockManager_Instance
                        0x200005fe    0x1  Data  Lc  ClockManager.o [1]
Bsp::ClockManager::PeripheralClockEnable(Bsp::PeripheralBase::Peripheral_t)
                        0x08003b05   0x58  Code  Gb  ClockManager.o [1]
Bsp::ClockManager::m_pClockManager
                        0x200004e0    0x4  Data  Gb  ClockManager.o [1]
Bsp::ControlScreen::AddHandler(unsigned char, void (*)(), void (*)())
                        0x080021dd   0x30  Code  Gb  ControlScreen.o [1]
Bsp::ControlScreen::AddText(char *)
                        0x08002397   0x18  Code  Gb  Test.o [1]
Bsp::ControlScreen::ControlScreen()
                        0x0800217d   0x40  Code  Gb  ControlScreen.o [1]
Bsp::ControlScreen::EventHandler(Bsp::Screen::Event_t)
                        0x0800220d   0x60  Code  Gb  ControlScreen.o [1]
Bsp::ControlScreen::GetScreenTextArray()
                        0x080040ad    0xa  Code  Gb  ControlScreen.o [1]
Bsp::ControlScreen::MovePointer(Bsp::ControlScreen::Direction_t)
                        0x0800226d   0x82  Code  Gb  ControlScreen.o [1]
Bsp::ControlScreen::~ControlScreen()
                        0x080021bd   0x1a  Code  Gb  ControlScreen.o [1]
Bsp::GpioInput::ConfigureInterrupt()
                        0x0800119b   0x3e  Code  Gb  GpioInput.o [1]
Bsp::GpioInput::ExtLineInterruptConfig()
                        0x080011d9   0x80  Code  Gb  GpioInput.o [1]
Bsp::GpioInput::GpioInput(GPIO_TypeDef *, unsigned short)
                        0x08000f57   0x18  Code  Gb  GpioInput.o [1]
Bsp::GpioInput::GpioInput(GPIO_TypeDef *, unsigned short, void (*)(), Bsp::Gpio::IntOnWhichEdge)
                        0x08000f6f   0x1a  Code  Gb  GpioInput.o [1]
Bsp::GpioInput::GpioInput(GPIO_TypeDef *, unsigned short, void (*)(), Bsp::Gpio::IntOnWhichEdge, Bsp::Gpio::EXTIMode)
                        0x08000f89   0x1a  Code  Gb  GpioInput.o [1]
Bsp::GpioInput::GpioInput(GPIO_TypeDef *, unsigned short, void (*)(), Bsp::Gpio::IntOnWhichEdge, Bsp::Gpio::EXTIMode) [subobject]
                        0x08000f41   0x16  Code  Gb  GpioInput.o [1]
Bsp::GpioInput::HwInit()
                        0x0800110f   0x8c  Code  Gb  GpioInput.o [1]
Bsp::GpioInput::MapPin2ExtLine()
                        0x08000fa3   0xb6  Code  Gb  GpioInput.o [1]
Bsp::GpioInput::MapPin2PinSource()
                        0x08001059   0xb6  Code  Gb  GpioInput.o [1]
Bsp::GpioOutput::ClearOutput()
                        0x080031c3    0xe  Code  Gb  SpiDriver.o [1]
Bsp::GpioOutput::GpioOutput(GPIO_TypeDef *, unsigned short)
                        0x08001dab    0xe  Code  Gb  GpioOutput.o [1]
Bsp::GpioOutput::GpioOutput(GPIO_TypeDef *, unsigned short) [subobject]
                        0x08001da1    0xa  Code  Gb  GpioOutput.o [1]
Bsp::GpioOutput::HwInit()
                        0x08001db9   0x8a  Code  Gb  GpioOutput.o [1]
Bsp::GpioOutput::SetOutput()
                        0x080031b5    0xe  Code  Gb  SpiDriver.o [1]
Bsp::GpioOutput::ToggleOutput()
                        0x08001e61   0x2a  Code  Gb  GpioOutput.o [1]
Bsp::HwButtonIntr::ClearEvent(Bsp::HwButtonIntr::BtnEvent_t)
                        0x08002ba7   0x10  Code  Gb  HwButtonIntr.o [1]
Bsp::HwButtonIntr::EventHandler()
                        0x08001435   0xa6  Code  Gb  HwButtonIntr.o [1]
Bsp::HwButtonIntr::HwButtonIntr(GPIO_TypeDef *, unsigned short, Bsp::Gpio::IntOnWhichEdge, Bsp::Gpio::EXTIMode)
                        0x08001299   0x5c  Code  Gb  HwButtonIntr.o [1]
Bsp::HwButtonIntr::HwInit()
                        0x080012f5    0xa  Code  Gb  HwButtonIntr.o [1]
Bsp::HwButtonIntr::ISR()
                        0x08003a65   0x84  Code  Gb  HwButtonIntr.o [1]
Bsp::HwButtonIntr::RegisterEventHandler(Bsp::HwButtonIntr::BtnEvent_t, void (*)())
                        0x080014db   0x28  Code  Gb  HwButtonIntr.o [1]
Bsp::HwButtonIntr::RunStateMachine()
                        0x080012ff  0x116  Code  Gb  HwButtonIntr.o [1]
Bsp::HwButtonIntr::RunStateMachine()::ElapsedTime
                        0x200004e4    0x4  Data  Lc  HwButtonIntr.o [1]
Bsp::HwButtonIntr::RunStateMachine(){1}{10}::LastClickStateEntered
                        0x200004e8    0x4  Data  Lc  HwButtonIntr.o [1]
Bsp::HwButtonIntr::RunStateMachine(){1}{10}::temp
                        0x200004ec    0x4  Data  Lc  HwButtonIntr.o [1]
Bsp::HwButtonIntr::SetEvent(Bsp::HwButtonIntr::BtnEvent_t)
                        0x08002b99    0xe  Code  Gb  HwButtonIntr.o [1]
Bsp::HwButtonIntr::m_CurrentState
                        0x200005ff    0x1  Data  Gb  HwButtonIntr.o [1]
Bsp::HwButtonIntr::m_Pin
                        0x200005fc    0x2  Data  Gb  HwButtonIntr.o [1]
Bsp::I2CDriver::HwInit()
                        0x080015af   0xe4  Code  Gb  I2CDriver.o [1]
Bsp::I2CDriver::HwReset()
                        0x08002e09   0x48  Code  Gb  I2CDriver.o [1]
Bsp::I2CDriver::HwSendAddressWithDirection(unsigned char, Bsp::I2CDriver::I2CDir_t)
                        0x08001533   0x7a  Code  Gb  I2CDriver.o [1]
Bsp::I2CDriver::HwStart()
                        0x08002e51   0x68  Code  Gb  I2CDriver.o [1]
Bsp::I2CDriver::HwStop()
                        0x08002efd   0x44  Code  Gb  I2CDriver.o [1]
Bsp::I2CDriver::HwWriteDataRegistor(unsigned char)
                        0x08003683    0xc  Code  Gb  I2CDriver.o [1]
Bsp::I2CDriver::I2CDriver(Bsp::I2CDriver::I2CInstance_t, void (*)(), Bsp::I2CDriver::I2CMode_t, Bsp::I2CDriver::I2CBaudRate_t)
                        0x08001505   0x2e  Code  Gb  I2CDriver.o [1]
Bsp::I2CDriver::Receive(u8, u8 *, u32)::Timeout
                        0x200004f0    0x4  Data  Lc  I2CDriver.o [1]
Bsp::I2CDriver::Receive(unsigned char, unsigned char *, unsigned int)
                        0x080016fd  0x244  Code  Gb  I2CDriver.o [1]
Bsp::I2CDriver::Send(unsigned char, unsigned char *, unsigned int)
                        0x08001693   0x6a  Code  Gb  I2CDriver.o [1]
Bsp::I2CDriver::Transmit(unsigned char)
                        0x08002eb9   0x44  Code  Gb  I2CDriver.o [1]
Bsp::I2CDriver::~I2CDriver()
                        0x080015ad    0x2  Code  Gb  I2CDriver.o [1]
Bsp::INA219::GetBusVoltage_V()
                        0x08001a9d   0x1a  Code  Gb  INA219.o [1]
Bsp::INA219::GetBusVoltage_raw()
                        0x08001a61   0x1a  Code  Gb  INA219.o [1]
Bsp::INA219::GetCurrent_mA()
                        0x08001ac9   0x20  Code  Gb  INA219.o [1]
Bsp::INA219::GetCurrent_raw()
                        0x08001a7b   0x22  Code  Gb  INA219.o [1]
Bsp::INA219::GetPower_mW()
                        0x08001ae9   0x36  Code  Gb  INA219.o [1]
Bsp::INA219::INA219(Bsp::I2CDriver *, unsigned char)
                        0x08001981    0xa  Code  Gb  INA219.o [1]
Bsp::INA219::ReadRegister(unsigned char, unsigned short *)
                        0x080019f7   0x3a  Code  Gb  INA219.o [1]
Bsp::INA219::Run(Bsp::INA219::Power_t *)
                        0x0800198d   0x46  Code  Gb  INA219.o [1]
Bsp::INA219::SetCalibration_32V_2A()
                        0x08001a31   0x30  Code  Gb  INA219.o [1]
Bsp::INA219::WriteRegister(unsigned char, unsigned short)
                        0x080019d3   0x24  Code  Gb  INA219.o [1]
Bsp::INA219::~INA219()  0x0800198b    0x2  Code  Gb  INA219.o [1]
Bsp::InterruptManager::EnableInterrupt(Bsp::InterruptManager::IRQn)
                        0x080004bb   0x36  Code  Gb  InterruptManager.o [1]
Bsp::InterruptManager::GetInstance()
                        0x0800048d   0x2e  Code  Gb  InterruptManager.o [1]
Bsp::InterruptManager::GetInstance(){1}::InterruptManager_Instance
                        0x20000601    0x1  Data  Lc  InterruptManager.o [1]
Bsp::InterruptManager::GetInstance(){1}::static guard for InterruptManager_Instance
                        0x20000600    0x1  Data  Lc  InterruptManager.o [1]
Bsp::InterruptManager::NVICConfig(Bsp::InterruptManager::IRQn, unsigned char, unsigned char)
                        0x080004f1   0x3e  Code  Gb  InterruptManager.o [1]
Bsp::InterruptManager::RegisterInterrupt(void (*)(), Bsp::InterruptManager::IRQn)
                        0x080000ed  0x3a0  Code  Gb  InterruptManager.o [1]
Bsp::InterruptManager::m_ADC1_2_IRQHandler
                        0x20000560    0x4  Data  Gb  InterruptManager.o [1]
Bsp::InterruptManager::m_BusFault_Handler
                        0x20000504    0x4  Data  Gb  InterruptManager.o [1]
Bsp::InterruptManager::m_CAN1_RX1_IRQHandler
                        0x2000056c    0x4  Data  Gb  InterruptManager.o [1]
Bsp::InterruptManager::m_CAN1_SCE_IRQHandler
                        0x20000570    0x4  Data  Gb  InterruptManager.o [1]
Bsp::InterruptManager::m_DMA1_Channel1_IRQHandler
                        0x20000548    0x4  Data  Gb  InterruptManager.o [1]
Bsp::InterruptManager::m_DMA1_Channel2_IRQHandler
                        0x2000054c    0x4  Data  Gb  InterruptManager.o [1]
Bsp::InterruptManager::m_DMA1_Channel4_IRQHandler
                        0x20000550    0x4  Data  Gb  InterruptManager.o [1]
Bsp::InterruptManager::m_DMA1_Channel5_IRQHandler
                        0x20000554    0x4  Data  Gb  InterruptManager.o [1]
Bsp::InterruptManager::m_DMA1_Channel6_IRQHandler
                        0x20000558    0x4  Data  Gb  InterruptManager.o [1]
Bsp::InterruptManager::m_DMA1_Channel7_IRQHandler
                        0x2000055c    0x4  Data  Gb  InterruptManager.o [1]
Bsp::InterruptManager::m_DebugMon_Handler
                        0x20000510    0x4  Data  Gb  InterruptManager.o [1]
Bsp::InterruptManager::m_EXTI0_IRQHandler
                        0x20000534    0x4  Data  Gb  InterruptManager.o [1]
Bsp::InterruptManager::m_EXTI10_IRQHandler
                        0x200005d4    0x4  Data  Gb  InterruptManager.o [1]
Bsp::InterruptManager::m_EXTI11_IRQHandler
                        0x200005d8    0x4  Data  Gb  InterruptManager.o [1]
Bsp::InterruptManager::m_EXTI12_IRQHandler
                        0x200005dc    0x4  Data  Gb  InterruptManager.o [1]
Bsp::InterruptManager::m_EXTI13_IRQHandler
                        0x200005e0    0x4  Data  Gb  InterruptManager.o [1]
Bsp::InterruptManager::m_EXTI14_IRQHandler
                        0x200005e4    0x4  Data  Gb  InterruptManager.o [1]
Bsp::InterruptManager::m_EXTI15_10_IRQHandler
                        0x200005b4    0x4  Data  Gb  InterruptManager.o [1]
Bsp::InterruptManager::m_EXTI15_IRQHandler
                        0x200005e8    0x4  Data  Gb  InterruptManager.o [1]
Bsp::InterruptManager::m_EXTI1_IRQHandler
                        0x20000538    0x4  Data  Gb  InterruptManager.o [1]
Bsp::InterruptManager::m_EXTI2_IRQHandler
                        0x2000053c    0x4  Data  Gb  InterruptManager.o [1]
Bsp::InterruptManager::m_EXTI3_IRQHandler
                        0x20000540    0x4  Data  Gb  InterruptManager.o [1]
Bsp::InterruptManager::m_EXTI4_IRQHandler
                        0x20000544    0x4  Data  Gb  InterruptManager.o [1]
Bsp::InterruptManager::m_EXTI5_IRQHandler
                        0x200005c0    0x4  Data  Gb  InterruptManager.o [1]
Bsp::InterruptManager::m_EXTI6_IRQHandler
                        0x200005c4    0x4  Data  Gb  InterruptManager.o [1]
Bsp::InterruptManager::m_EXTI7_IRQHandler
                        0x200005c8    0x4  Data  Gb  InterruptManager.o [1]
Bsp::InterruptManager::m_EXTI8_IRQHandler
                        0x200005cc    0x4  Data  Gb  InterruptManager.o [1]
Bsp::InterruptManager::m_EXTI9_5_IRQHandler
                        0x20000574    0x4  Data  Gb  InterruptManager.o [1]
Bsp::InterruptManager::m_EXTI9_IRQHandler
                        0x200005d0    0x4  Data  Gb  InterruptManager.o [1]
Bsp::InterruptManager::m_FLASH_IRQHandler
                        0x2000052c    0x4  Data  Gb  InterruptManager.o [1]
Bsp::InterruptManager::m_HardFault_Handler
                        0x200004fc    0x4  Data  Gb  InterruptManager.o [1]
Bsp::InterruptManager::m_I2C1_ER_IRQHandler
                        0x20000594    0x4  Data  Gb  InterruptManager.o [1]
Bsp::InterruptManager::m_I2C2_ER_IRQHandler
                        0x2000059c    0x4  Data  Gb  InterruptManager.o [1]
Bsp::InterruptManager::m_I2C2_EV_IRQHandler
                        0x20000598    0x4  Data  Gb  InterruptManager.o [1]
Bsp::InterruptManager::m_MemManage_Handler
                        0x20000500    0x4  Data  Gb  InterruptManager.o [1]
Bsp::InterruptManager::m_NMI_Handler
                        0x200004f8    0x4  Data  Gb  InterruptManager.o [1]
Bsp::InterruptManager::m_PVD_IRQHandler
                        0x20000520    0x4  Data  Gb  InterruptManager.o [1]
Bsp::InterruptManager::m_PendSV_Handler
                        0x20000514    0x4  Data  Gb  InterruptManager.o [1]
Bsp::InterruptManager::m_RCC_IRQHandler
                        0x20000530    0x4  Data  Gb  InterruptManager.o [1]
Bsp::InterruptManager::m_RTCAlarm_IRQHandler
                        0x200005b8    0x4  Data  Gb  InterruptManager.o [1]
Bsp::InterruptManager::m_RTC_IRQHandler
                        0x20000528    0x4  Data  Gb  InterruptManager.o [1]
Bsp::InterruptManager::m_SPI1_IRQHandler
                        0x200005a0    0x4  Data  Gb  InterruptManager.o [1]
Bsp::InterruptManager::m_SPI2_IRQHandler
                        0x200005a4    0x4  Data  Gb  InterruptManager.o [1]
Bsp::InterruptManager::m_SVC_Handler
                        0x2000050c    0x4  Data  Gb  InterruptManager.o [1]
Bsp::InterruptManager::m_SysTick_Handler
                        0x20000518    0x4  Data  Gb  InterruptManager.o [1]
Bsp::InterruptManager::m_TAMPER_IRQHandler
                        0x20000524    0x4  Data  Gb  InterruptManager.o [1]
Bsp::InterruptManager::m_TIM1_BRK_IRQHandler
                        0x20000578    0x4  Data  Gb  InterruptManager.o [1]
Bsp::InterruptManager::m_TIM1_CC_IRQHandler
                        0x20000584    0x4  Data  Gb  InterruptManager.o [1]
Bsp::InterruptManager::m_TIM1_TRG_COM_IRQHandler
                        0x20000580    0x4  Data  Gb  InterruptManager.o [1]
Bsp::InterruptManager::m_TIM1_UP_IRQHandler
                        0x2000057c    0x4  Data  Gb  InterruptManager.o [1]
Bsp::InterruptManager::m_TIM2_IRQHandler
                        0x20000588    0x4  Data  Gb  InterruptManager.o [1]
Bsp::InterruptManager::m_TIM3_IRQHandler
                        0x2000058c    0x4  Data  Gb  InterruptManager.o [1]
Bsp::InterruptManager::m_TIM4_IRQHandler
                        0x20000590    0x4  Data  Gb  InterruptManager.o [1]
Bsp::InterruptManager::m_USART1_IRQHandler
                        0x200005a8    0x4  Data  Gb  InterruptManager.o [1]
Bsp::InterruptManager::m_USART2_IRQHandler
                        0x200005ac    0x4  Data  Gb  InterruptManager.o [1]
Bsp::InterruptManager::m_USART3_IRQHandler
                        0x200005b0    0x4  Data  Gb  InterruptManager.o [1]
Bsp::InterruptManager::m_USBWakeUp_IRQHandler
                        0x200005bc    0x4  Data  Gb  InterruptManager.o [1]
Bsp::InterruptManager::m_USB_HP_CAN1_TX_IRQHandler
                        0x20000564    0x4  Data  Gb  InterruptManager.o [1]
Bsp::InterruptManager::m_USB_LP_CAN1_RX0_IRQHandler
                        0x20000568    0x4  Data  Gb  InterruptManager.o [1]
Bsp::InterruptManager::m_UsageFault_Handler
                        0x20000508    0x4  Data  Gb  InterruptManager.o [1]
Bsp::InterruptManager::m_WWDG_IRQHandler
                        0x2000051c    0x4  Data  Gb  InterruptManager.o [1]
Bsp::InterruptManager::m_pInterruptManager
                        0x200004f4    0x4  Data  Gb  InterruptManager.o [1]
Bsp::Peripheral::GetClockManager()
                        0x08003f0f    0x8  Code  Gb  Peripheral.o [1]
Bsp::Peripheral::GetInterruptManager()
                        0x08003f17    0x8  Code  Gb  Peripheral.o [1]
Bsp::Peripheral::HwClockEnable(Bsp::PeripheralBase::Peripheral_t)
                        0x08003ed5   0x12  Code  Gb  Peripheral.o [1]
Bsp::Peripheral::HwEnableInterrupt(Bsp::PeripheralBase::IRQn)
                        0x08003efd   0x12  Code  Gb  Peripheral.o [1]
Bsp::Peripheral::RegisterInterrupt(void (*)(), Bsp::PeripheralBase::IRQn, unsigned char)
                        0x08003ee7   0x16  Code  Gb  Peripheral.o [1]
Bsp::Screen::AddText(char *)
                        0x08002323    0xe  Code  Gb  Screen.o [1]
Bsp::Screen::EventHandler(Bsp::Screen::Event_t)
                        0x08002373   0x1c  Code  Gb  Screen.o [1]
Bsp::Screen::GetScreenTextArray()
                        0x080032bd    0x4  Code  Gb  Test.o [1]
Bsp::Screen::Screen()   0x08002301   0x18  Code  Gb  Screen.o [1]
Bsp::Screen::Screen() [subobject]
                        0x080022f1    0x8  Code  Gb  Screen.o [1]
Bsp::Screen::SetText(unsigned char, unsigned char, char const *, unsigned char)
                        0x08002331   0x42  Code  Gb  Screen.o [1]
Bsp::Screen::~Screen()  0x08002321    0x2  Code  Gb  Screen.o [1]
Bsp::Screen::~Screen() [subobject]
                        0x080022f9    0x8  Code  Gb  Screen.o [1]
Bsp::SpiDriver::ChipSelect(Bsp::SpiDriver::ChipSelect_t)
                        0x08001d55   0x18  Code  Gb  SpiDriver.o [1]
Bsp::SpiDriver::HwInit()
                        0x08001b45  0x1ee  Code  Gb  SpiDriver.o [1]
Bsp::SpiDriver::HwInit()::ChipSelectObj
                        0x20000448   0x14  Data  Lc  SpiDriver.o [1]
Bsp::SpiDriver::HwInit()::static guard for ChipSelectObj
                        0x20000602    0x1  Data  Lc  SpiDriver.o [1]
Bsp::SpiDriver::SendByte(unsigned char)
                        0x08001d6d   0x34  Code  Gb  SpiDriver.o [1]
Bsp::SpiDriver::SpiDriver(Bsp::SpiDriver::SpiInstance_t, void (*)(), Bsp::SpiDriver::SpiMode_t, Bsp::SpiDriver::SpiBaudRate_t)
                        0x08001b21   0x24  Code  Gb  SpiDriver.o [1]
Bsp::SysTickTimer::DelayTicks(unsigned int)
                        0x08002485   0x34  Code  Gb  SysTickTimer.o [1]
Bsp::SysTickTimer::GetTicks()
                        0x08002b75    0xc  Code  Gb  SysTickTimer.o [1]
Bsp::SysTickTimer::GetTicksSince(unsigned int)
                        0x08002b81   0x18  Code  Gb  HwButtonIntr.o [1]
Bsp::SysTickTimer::HwInit(unsigned int)
                        0x08002461   0x24  Code  Gb  SysTickTimer.o [1]
Bsp::SysTickTimer::IncrementTicks()
                        0x080032c1   0x10  Code  Gb  SysTickTimer.o [1]
Bsp::SysTickTimer::m_ticks
                        0x200005ec    0x4  Data  Gb  SysTickTimer.o [1]
BusFault_Handler        0x08004097    0x2  Code  Gb  stm32f10x_it.o [1]
CSTACK$$Base            0x200007e0          --   Gb  - Linker created -
CSTACK$$Limit           0x20000fe0          --   Gb  - Linker created -
ClickEvent()            0x08000ce9    0x8  Code  Gb  Test.o [1]
CreateUI()              0x08000c35   0xb0  Code  Gb  Test.o [1]
DataCommandSelectGpio   0x20000470   0x14  Data  Lc  Test.o [1]
DebugMon_Handler        0x0800409d    0x2  Code  Gb  stm32f10x_it.o [1]
DtorRecArray            0x2000060c    0xc  Data  Lc  cppinit.o [3]
EXTI0_IRQHandler        0x080006b3   0x18  Code  Gb  InterruptManager.o [1]
EXTI15_10_IRQHandler    0x080005d9   0xda  Code  Gb  InterruptManager.o [1]
EXTI1_IRQHandler        0x080006cb   0x18  Code  Gb  InterruptManager.o [1]
EXTI2_IRQHandler        0x080006e3   0x18  Code  Gb  InterruptManager.o [1]
EXTI3_IRQHandler        0x080006fb   0x18  Code  Gb  InterruptManager.o [1]
EXTI4_IRQHandler        0x08000713   0x18  Code  Gb  InterruptManager.o [1]
EXTI9_5_IRQHandler      0x0800052f   0xaa  Code  Gb  InterruptManager.o [1]
EXTI_ClearITPendingBit  0x0800098d    0x6  Code  Gb  stm32f10x_exti.o [1]
EXTI_GetITStatus        0x0800096d   0x20  Code  Gb  stm32f10x_exti.o [1]
EXTI_Init               0x080008e9   0x84  Code  Gb  stm32f10x_exti.o [1]
GPIO_EXTILineConfig     0x08002b1b   0x56  Code  Gb  stm32f10x_gpio.o [1]
GPIO_Init               0x08002a45   0xc4  Code  Gb  stm32f10x_gpio.o [1]
GPIO_WriteBit           0x08002b09   0x12  Code  Gb  stm32f10x_gpio.o [1]
GpioInput_ISR()         0x08000b51   0x10  Code  Gb  Test.o [1]
GpioInput_ISR()::i      0x200005f0    0x4  Data  Lc  Test.o [1]
HardFault_Handler       0x08004093    0x2  Code  Gb  stm32f10x_it.o [1]
HwButton_A2             0x200001e8   0x94  Data  Lc  Test.o [1]
I2C_AcknowledgeConfig   0x08002d45   0x1c  Code  Gb  stm32f10x_i2c.o [1]
I2C_CheckEvent          0x08002da1   0x24  Code  Gb  stm32f10x_i2c.o [1]
I2C_Cmd                 0x08002cf1   0x1c  Code  Gb  stm32f10x_i2c.o [1]
I2C_GenerateSTART       0x08002d0d   0x1c  Code  Gb  stm32f10x_i2c.o [1]
I2C_GenerateSTOP        0x08002d29   0x1c  Code  Gb  stm32f10x_i2c.o [1]
I2C_GetFlagStatus       0x08002dc5   0x42  Code  Gb  stm32f10x_i2c.o [1]
I2C_Init                0x08002c21   0xc4  Code  Gb  stm32f10x_i2c.o [1]
I2C_PECPositionConfig   0x08002d83   0x1e  Code  Gb  stm32f10x_i2c.o [1]
I2C_ReceiveData         0x08002d67    0x6  Code  Gb  stm32f10x_i2c.o [1]
I2C_Send7bitAddress     0x08002d6d   0x16  Code  Gb  stm32f10x_i2c.o [1]
I2C_SendData            0x08002d61    0x6  Code  Gb  stm32f10x_i2c.o [1]
INA219_I2C              0x20000384   0x44  Data  Lc  Test.o [1]
INA219_Obj              0x20000430   0x18  Data  Lc  Test.o [1]
Init_Tests()            0x08000adb   0x76  Code  Gb  Test.o [1]
Led::Led(GPIO_TypeDef *, unsigned short)
                        0x08001279   0x1a  Code  Gb  Led.o [1]
Led::Toggle()           0x080023ed    0x8  Code  Gb  Test.o [1]
Led_PC13                0x20000418   0x18  Data  Lc  Test.o [1]
Line0Menu0LongLongTouchHandler()
                        0x08000d3d   0x16  Code  Gb  Test.o [1]
Line0Menu0LongTouchHandler()
                        0x08000d01    0xa  Code  Gb  Test.o [1]
Line1AaravLongTouchHandler()
                        0x08000d0d    0xc  Code  Gb  Test.o [1]
Line2TanyaLongTouchHandler()
                        0x08000d19    0xc  Code  Gb  Test.o [1]
Line5Menu0LongTouchHandler()
                        0x08000d25    0xc  Code  Gb  Test.o [1]
Line5MenuScreenLongTouchHandler()
                        0x08000d31    0xc  Code  Gb  Test.o [1]
LongLongPressEvent()    0x08000cf9    0x8  Code  Gb  Test.o [1]
LongPressEvent()        0x08000cf1    0x8  Code  Gb  Test.o [1]
MemManage_Handler       0x08004095    0x2  Code  Gb  stm32f10x_it.o [1]
MenuScreen              0x20000018   0xe8  Data  Lc  Test.o [1]
MenuScreenHandle        0x20000603    0x1  Data  Lc  Test.o [1]
MyUI                    0x200003c8   0x30  Data  Gb  Test.o [1]
NMI_Handler             0x08004091    0x2  Code  Gb  stm32f10x_it.o [1]
NVIC_Init               0x0800083b   0x60  Code  Gb  misc.o [1]
NVIC_PriorityGroupConfig
                        0x08000831    0xa  Code  Gb  misc.o [1]
NVIC_SetVectorTable     0x0800089b    0xc  Code  Gb  misc.o [1]
NokiaLCD                0x200004ac   0x10  Data  Gb  Test.o [1]
PendSV_Handler          0x0800409f    0x2  Code  Gb  stm32f10x_it.o [1]
Power                   0x200004bc    0xc  Data  Lc  Test.o [1]
PowerMonitorScreen      0x2000027c   0x58  Data  Lc  Test.o [1]
RCC_AHBPeriphClockCmd   0x080034af   0x20  Code  Gb  stm32f10x_rcc.o [1]
RCC_APB1PeriphClockCmd  0x080034ef   0x20  Code  Gb  stm32f10x_rcc.o [1]
RCC_APB1PeriphResetCmd  0x0800350f   0x20  Code  Gb  stm32f10x_rcc.o [1]
RCC_APB2PeriphClockCmd  0x080034cf   0x20  Code  Gb  stm32f10x_rcc.o [1]
RCC_DeInit              0x080032d1   0x60  Code  Gb  stm32f10x_rcc.o [1]
RCC_GetClocksFreq       0x080033f5   0xba  Code  Gb  stm32f10x_rcc.o [1]
RCC_GetFlagStatus       0x0800352f   0x3c  Code  Gb  stm32f10x_rcc.o [1]
RCC_GetSYSCLKSource     0x080033b3    0xa  Code  Gb  stm32f10x_rcc.o [1]
RCC_HCLKConfig          0x080033bd   0x12  Code  Gb  stm32f10x_rcc.o [1]
RCC_HSEConfig           0x08003331   0x54  Code  Gb  stm32f10x_rcc.o [1]
RCC_PCLK1Config         0x080033cf   0x12  Code  Gb  stm32f10x_rcc.o [1]
RCC_PCLK2Config         0x080033e1   0x14  Code  Gb  stm32f10x_rcc.o [1]
RCC_PLLCmd              0x08003399    0x8  Code  Gb  stm32f10x_rcc.o [1]
RCC_PLLConfig           0x08003385   0x14  Code  Gb  stm32f10x_rcc.o [1]
RCC_SYSCLKConfig        0x080033a1   0x12  Code  Gb  stm32f10x_rcc.o [1]
Region$$Table$$Base     0x08003f74          --   Gb  - Linker created -
Region$$Table$$Limit    0x08003f9c          --   Gb  - Linker created -
ResetPinGpio            0x20000484   0x14  Data  Lc  Test.o [1]
RunTests()              0x08000b61   0xd4  Code  Gb  Test.o [1]
SHT$$INIT_ARRAY$$Base   0x08004160          --   Gb  - Linker created -
SHT$$INIT_ARRAY$$Limit  0x08004164          --   Gb  - Linker created -
SHT$$PREINIT_ARRAY$$Base
                        0x08004160          --   Gb  - Linker created -
SHT$$PREINIT_ARRAY$$Limit
                        0x08004160          --   Gb  - Linker created -
SPI_Cmd                 0x0800317f   0x1c  Code  Gb  stm32f10x_spi.o [1]
SPI_I2S_GetFlagStatus   0x080031a3   0x12  Code  Gb  stm32f10x_spi.o [1]
SPI_I2S_ReceiveData     0x0800319f    0x4  Code  Gb  stm32f10x_spi.o [1]
SPI_I2S_SendData        0x0800319b    0x4  Code  Gb  stm32f10x_spi.o [1]
SPI_Init                0x08003141   0x3e  Code  Gb  stm32f10x_spi.o [1]
SVC_Handler             0x0800409b    0x2  Code  Gb  stm32f10x_it.o [1]
SpiDriverLCD            0x200003f8   0x20  Data  Lc  Test.o [1]
SysTick_CLKSourceConfig
                        0x080008a7   0x20  Code  Gb  misc.o [1]
SysTick_Handler         0x08002459    0x8  Code  Gb  SysTickTimer.o [1]
SystemInit              0x08003871   0x54  Code  Gb  system_stm32f10x.o [1]
Tanya                   0x2000032c   0x58  Data  Lc  Test.o [1]
TanyaScreenHandle       0x20000606    0x1  Data  Lc  Test.o [1]
TestGpio_WithoutInterrupt
                        0x2000045c   0x14  Data  Lc  Test.o [1]
UsageFault_Handler      0x08004099    0x2  Code  Gb  stm32f10x_it.o [1]
Virtual function table for Bsp::ControlScreen
                        0x08004008   0x18  Data  Gb  ControlScreen.o [1]
Virtual function table for Bsp::GpioInput
                        0x08003d14   0x40  Data  Gb  GpioInput.o [1]
Virtual function table for Bsp::GpioOutput
                        0x08003d54   0x40  Data  Gb  GpioOutput.o [1]
Virtual function table for Bsp::HwButtonIntr
                        0x08003d94   0x40  Data  Gb  HwButtonIntr.o [1]
Virtual function table for Bsp::I2CDriver
                        0x08003dd4   0x40  Data  Gb  I2CDriver.o [1]
Virtual function table for Bsp::INA219
                        0x08004050   0x10  Data  Gb  INA219.o [1]
Virtual function table for Bsp::Screen
                        0x08004020   0x18  Data  Gb  Screen.o [1]
Virtual function table for Bsp::SpiDriver
                        0x08003e54   0x40  Data  Gb  SpiDriver.o [1]
Virtual function table for Led
                        0x08003e14   0x40  Data  Gb  Led.o [1]
[local to Nokia5110LCD_cpp]::App::ASCII
                        0x08003690  0x1e0  Data  Lc  Nokia5110LCD.o [1]
[local to SysTickTimer_cpp]::NVIC_SetPriority(IRQn, unsigned int)
                        0x080023f5   0x22  Code  Lc  SysTickTimer.o [1]
[local to SysTickTimer_cpp]::SysTick_Config(unsigned int)
                        0x08002417   0x2e  Code  Lc  SysTickTimer.o [1]
[local to main_cpp]::prvSetupHardware()
                        0x080039e1   0x7e  Code  Lc  main.o [1]
[local to system_stm32f10x_c]::SetSysClock()
                        0x080038c5    0x8  Code  Lc  system_stm32f10x.o [1]
[local to system_stm32f10x_c]::SetSysClockTo72()
                        0x080038cd   0xe0  Code  Lc  system_stm32f10x.o [1]
__aeabi_atexit          0x08001975    0xa  Code  Gb  cxxabi.o [4]
__aeabi_cdcmpeq         0x0800272d         Code  Gb  DblCmpEq.o [5]
__aeabi_cfcmple         0x08002fe1         Code  Gb  FltCmpLe.o [5]
__aeabi_d2f             0x080029dd         Code  Gb  DblToFlt.o [5]
__aeabi_ddiv            0x0800274d         Code  Gb  DblDiv.o [5]
__aeabi_dmul            0x08002589         Code  Gb  DblMul.o [5]
__aeabi_f2d             0x08002995         Code  Gb  FltToDbl.o [5]
__aeabi_f2iz            0x080024b9         Code  Gb  FltToS32.o [5]
__aeabi_fdiv            0x08003045         Code  Gb  FltDiv.o [5]
__aeabi_fsub            0x08002509         Code  Gb  FltSub.o [5]
__aeabi_i2d             0x08003005         Code  Gb  S32ToDbl.o [5]
__aeabi_i2f             0x080024e5         Code  Gb  S32ToFlt.o [5]
__aeabi_memcpy          0x080031d1         Code  Gb  ABImemcpy.o [6]
__aeabi_memcpy4         0x080031f1         Code  Gb  ABImemcpy.o [6]
__aeabi_memcpy8         0x080031f1         Code  Gb  ABImemcpy.o [6]
__aeabi_memset          0x08002bb9         Code  Gb  ABImemset.o [6]
__aeabi_ui2f            0x08003029         Code  Gb  U32ToFlt.o [5]
__call_ctors            0x08002f41   0x18  Code  Gb  cppinit.o [3]
__call_dtors            0x08002f8f    0xc  Code  Gb  cppinit.o [3]
__call_dtors0           0x08002f9b   0x36  Code  Gb  cppinit.o [3]
__cexit_call_dtors      0x08003fe7         Code  Gb  cexit.o [6]
__cmain                 0x08003fbd         Code  Gb  cmain.o [6]
__cstart_call_dtors     0x08004164         Data  Gb  cstart_call_dtors.o [6]
__cxa_atexit            0x08002f59   0x36  Code  Gb  cppinit.o [3]
__dso_handle            0x200005f8    0x4  Data  Gb  cppinit.o [3]
__exit                  0x08003ff5   0x14  Code  Gb  exit.o [7]
__iar_Memset            0x08002bb9         Code  Gb  ABImemset.o [6]
__iar_Memset_word       0x08002bc1         Code  Gb  ABImemset.o [6]
__iar_copy_init3        0x08003f1f   0x2c  Code  Gb  copy_init3.o [6]
__iar_cstart_call_ctors
                        0x08003f9d   0x20  Code  Gb  cmain_call_ctors.o [6]
__iar_data_init3        0x08003f4d   0x28  Code  Gb  data_init.o [6]
__iar_debug_exceptions  0x08001502    0x1  Data  Gb  unwind_debug.o [7]
__iar_fadd              0x08002515         Code  Gb  FltSub.o [5]
__iar_fsub              0x080035ad         Code  Gb  FltAdd.o [5]
__iar_fsubStart         0x080035bd         Code  Gb  FltAdd.o [5]
__iar_program_start     0x080040a1         Code  Gb  cstartup_M.o [6]
__iar_systems$$module {Abs}
                        0x00000001         Data  Gb  command line/config [2]
__iar_tls$$INIT_ARRAY$$Base
                        0x08004164          --   Gb  - Linker created -
__iar_tls$$INIT_ARRAY$$Limit
                        0x08004164          --   Gb  - Linker created -
__iar_zero_init3        0x08003e95   0x40  Code  Gb  zero_init3.o [6]
__low_level_init        0x08003fdb    0x4  Code  Gb  low_level_init.o [3]
__sti__routine          0x080009a9  0x132  Code  Lc  Test.o [1]
__vector_table          0x08000000         Data  Gb  startup_stm32f10x_md.o [1]
_call_main              0x08003fc9         Code  Gb  cmain.o [6]
_exit                   0x08003fe5         Code  Gb  cexit.o [6]
_main                   0x08003fd7         Code  Gb  cmain.o [6]
aCurrent                0x200004c8    0xc  Data  Gb  Test.o [1]
aVoltage                0x200004d4    0xc  Data  Gb  Test.o [1]
exit                    0x08003fdf    0x4  Code  Gb  exit.o [3]
ftoa(float, char *, int)
                        0x08000dad   0xde  Code  Gb  Test.o [1]
gEvent                  0x20000014    0x1  Data  Gb  Test.o [1]
intToStr(int, char *, int)
                        0x08000d6f   0x3e  Code  Gb  Test.o [1]
main                    0x080039c9   0x18  Code  Gb  main.o [1]
myControlScreen         0x20000100   0xe8  Data  Lc  Test.o [1]
myControlScreenHandle   0x20000604    0x1  Data  Lc  Test.o [1]
next_abi_dtor_rec       0x200005f4    0x4  Data  Lc  cppinit.o [3]
reverse(char *, int)    0x08000d53   0x1c  Code  Gb  Test.o [1]


[1] = C:\Amit Caudhary\STM32_IAR\Projects\CppFirmware\Debug\Obj
[2] = command line
[3] = dl7M_tln.a
[4] = dlpp7M_tl_nc.a
[5] = m7M_tl.a
[6] = rt7M_tl.a
[7] = shb_l.a

  15 243 bytes of readonly  code memory
   1 497 bytes of readonly  data memory
   4 059 bytes of readwrite data memory

Errors: none
Warnings: none
