###############################################################################
#
# IAR ELF Linker V8.20.1.14183/W32 for ARM                14/Jan/2018  23:16:21
# Copyright 2007-2017 IAR Systems AB.
#
#    Output file  =  
#        C:\Amit
#        Caudhary\STM32_IAR\Projects\CppFirmware\Debug\Exe\Cpp_Firmware_STM32F103C8.out
#    Map file     =  
#        C:\Amit
#        Caudhary\STM32_IAR\Projects\CppFirmware\Debug\List\Cpp_Firmware_STM32F103C8.map
#    Command line =  
#        -f C:\Users\AMITCH~1\AppData\Local\Temp\EW8437.tmp ("C:\Amit
#        Caudhary\STM32_IAR\Projects\CppFirmware\Debug\Obj\ClockManager.o"
#        "C:\Amit
#        Caudhary\STM32_IAR\Projects\CppFirmware\Debug\Obj\GpioInput.o"
#        "C:\Amit
#        Caudhary\STM32_IAR\Projects\CppFirmware\Debug\Obj\GpioOutput.o"
#        "C:\Amit Caudhary\STM32_IAR\Projects\CppFirmware\Debug\Obj\HwButton.o"
#        "C:\Amit
#        Caudhary\STM32_IAR\Projects\CppFirmware\Debug\Obj\HwButtonIntr.o"
#        "C:\Amit
#        Caudhary\STM32_IAR\Projects\CppFirmware\Debug\Obj\I2CDriver.o"
#        "C:\Amit
#        Caudhary\STM32_IAR\Projects\CppFirmware\Debug\Obj\InterruptManager.o"
#        "C:\Amit Caudhary\STM32_IAR\Projects\CppFirmware\Debug\Obj\Led.o"
#        "C:\Amit Caudhary\STM32_IAR\Projects\CppFirmware\Debug\Obj\main.o"
#        "C:\Amit Caudhary\STM32_IAR\Projects\CppFirmware\Debug\Obj\misc.o"
#        "C:\Amit
#        Caudhary\STM32_IAR\Projects\CppFirmware\Debug\Obj\Peripheral.o"
#        "C:\Amit
#        Caudhary\STM32_IAR\Projects\CppFirmware\Debug\Obj\startup_stm32f10x_md.o"
#        "C:\Amit
#        Caudhary\STM32_IAR\Projects\CppFirmware\Debug\Obj\stm32f10x_exti.o"
#        "C:\Amit
#        Caudhary\STM32_IAR\Projects\CppFirmware\Debug\Obj\stm32f10x_gpio.o"
#        "C:\Amit
#        Caudhary\STM32_IAR\Projects\CppFirmware\Debug\Obj\stm32f10x_i2c.o"
#        "C:\Amit
#        Caudhary\STM32_IAR\Projects\CppFirmware\Debug\Obj\stm32f10x_it.o"
#        "C:\Amit
#        Caudhary\STM32_IAR\Projects\CppFirmware\Debug\Obj\stm32f10x_rcc.o"
#        "C:\Amit
#        Caudhary\STM32_IAR\Projects\CppFirmware\Debug\Obj\stm32f10x_spi.o"
#        "C:\Amit
#        Caudhary\STM32_IAR\Projects\CppFirmware\Debug\Obj\stm32f10x_usart.o"
#        "C:\Amit
#        Caudhary\STM32_IAR\Projects\CppFirmware\Debug\Obj\system_stm32f10x.o"
#        "C:\Amit
#        Caudhary\STM32_IAR\Projects\CppFirmware\Debug\Obj\SysTickTimer.o"
#        "C:\Amit Caudhary\STM32_IAR\Projects\CppFirmware\Debug\Obj\Test.o" -o
#        "C:\Amit
#        Caudhary\STM32_IAR\Projects\CppFirmware\Debug\Exe\Cpp_Firmware_STM32F103C8.out"
#        --redirect _Printf=_PrintfFullNoMb --redirect _Scanf=_ScanfFullNoMb
#        --map "C:\Amit
#        Caudhary\STM32_IAR\Projects\CppFirmware\Debug\List\Cpp_Firmware_STM32F103C8.map"
#        --config "C:\Program Files (x86)\IAR Systems\Embedded Workbench
#        8.0\arm\config\linker\ST\stm32f103x8.icf" --semihosting --entry
#        __iar_program_start --vfe --text_out locale)
#
###############################################################################

*******************************************************************************
*** RUNTIME MODEL ATTRIBUTES
***

CppFlavor                     = *
__CPP_Exceptions              = Disabled
__CPP_Language                = C++14
__Heap_Handler                = Basic
__SystemLibrary               = DLib
__dlib_dynamic_initialization = normal
__dlib_version                = 6


*******************************************************************************
*** HEAP SELECTION
***

The basic heap was selected because some modules are built with
size limitations (and not runtime checking), and --advanced_heap
was not specified.


*******************************************************************************
*** PLACEMENT SUMMARY
***

"A0":  place at 0x08000000 { ro section .intvec };
"P1":  place in [from 0x08000000 to 0x0800ffff] { ro };
define block CSTACK with size = 2K, alignment = 8 { };
define block HEAP with size = 2K, alignment = 8 { };
"P2":  place in [from 0x20000000 to 0x20004fff] {
          rw, block CSTACK, block HEAP };
initialize by copy { rw };

  Section                Kind        Address    Size  Object
  -------                ----        -------    ----  ------
"A0":                                           0xec
  .intvec                ro code  0x08000000    0xec  startup_stm32f10x_md.o [1]
                                - 0x080000ec    0xec

"P1":                                         0x20b8
  .text                  ro code  0x080000ec   0x744  InterruptManager.o [1]
  .text                  ro code  0x08000830    0xb8  misc.o [1]
  .text                  ro code  0x080008e8    0xc0  stm32f10x_exti.o [1]
  .text                  ro code  0x080009a8   0x338  GpioInput.o [1]
  .text                  ro code  0x08000ce0   0x130  stm32f10x_gpio.o [1]
  .text                  ro code  0x08000e10   0x2dc  stm32f10x_rcc.o [1]
  .text                  ro code  0x080010ec   0x26a  HwButtonIntr.o [1]
  .rodata                const    0x08001356     0x1  unwind_debug.o [6]
  .text                  ro code  0x08001358     0xc  SysTickTimer.o [1]
  .text                  ro code  0x08001364    0x18  HwButtonIntr.o [1]
  .text                  ro code  0x0800137c     0xe  HwButtonIntr.o [1]
  .text                  ro code  0x0800138a    0x10  HwButtonIntr.o [1]
  .text                  ro code  0x0800139c   0x220  I2CDriver.o [1]
  .text                  ro code  0x080015bc   0x184  stm32f10x_i2c.o [1]
  .text                  ro code  0x08001740   0x158  system_stm32f10x.o [1]
  .text                  ro code  0x08001898   0x11c  Test.o [1]
  .text                  ro code  0x080019b4    0x78  Led.o [1]
  .text                  ro code  0x08001a2c     0xa  cxxabi.o [4]
  .text                  ro code  0x08001a38    0xc0  GpioOutput.o [1]
  .text                  ro code  0x08001af8     0xe  Led.o [1]
  .text                  ro code  0x08001b06     0xe  Led.o [1]
  .text                  ro code  0x08001b14    0xc4  SysTickTimer.o [1]
  .text                  ro code  0x08001bd8    0xa0  cppinit.o [3]
  .text                  ro code  0x08001c78    0x10  SysTickTimer.o [1]
  .text                  ro code  0x08001c88    0x9c  main.o [1]
  .text                  ro code  0x08001d24    0x84  HwButtonIntr.o [1]
  .text                  ro code  0x08001da8    0x74  ClockManager.o [1]
  .rodata                const    0x08001e1c    0x40  GpioInput.o [1]
  .rodata                const    0x08001e5c    0x40  GpioOutput.o [1]
  .rodata                const    0x08001e9c    0x40  HwButtonIntr.o [1]
  .rodata                const    0x08001edc    0x40  I2CDriver.o [1]
  .rodata                const    0x08001f1c    0x40  Led.o [1]
  .text                  ro code  0x08001f5c    0x40  zero_init3.o [5]
  .text                  ro code  0x08001f9c    0x3a  Peripheral.o [1]
  .text                  ro code  0x08001fd6     0x8  Peripheral.o [1]
  .text                  ro code  0x08001fde     0x8  Peripheral.o [1]
  .text                  ro code  0x08001fe6    0x2c  copy_init3.o [5]
  .text                  ro code  0x08002014    0x28  data_init.o [5]
  .iar.init_table        const    0x0800203c    0x28  - Linker created -
  .text                  ro code  0x08002064    0x20  cmain_call_ctors.o [5]
  .text                  ro code  0x08002084    0x1e  cmain.o [5]
  .text                  ro code  0x080020a2     0x4  low_level_init.o [3]
  .text                  ro code  0x080020a6     0x4  exit.o [3]
  .text                  ro code  0x080020ac     0xe  cexit.o [5]
  .text                  ro code  0x080020bc    0x14  exit.o [6]
  Initializer bytes      const    0x080020d0    0x14  <for P2-1>
  .text                  ro code  0x080020e4    0x10  startup_stm32f10x_md.o [1]
  .text                  ro code  0x080020f4    0x10  stm32f10x_it.o [1]
  .text                  ro code  0x08002104     0xc  cstartup_M.o [5]
  .text                  ro code  0x08002110     0x4  startup_stm32f10x_md.o [1]
  .text                  ro code  0x08002114     0x4  startup_stm32f10x_md.o [1]
  .text                  ro code  0x08002118     0x4  startup_stm32f10x_md.o [1]
  .text                  ro code  0x0800211c     0x4  startup_stm32f10x_md.o [1]
  .text                  ro code  0x08002120     0x4  startup_stm32f10x_md.o [1]
  .text                  ro code  0x08002124     0x4  startup_stm32f10x_md.o [1]
  .text                  ro code  0x08002128     0x4  startup_stm32f10x_md.o [1]
  .text                  ro code  0x0800212c     0x4  startup_stm32f10x_md.o [1]
  .text                  ro code  0x08002130     0x4  startup_stm32f10x_md.o [1]
  .text                  ro code  0x08002134     0x4  startup_stm32f10x_md.o [1]
  .text                  ro code  0x08002138     0x4  startup_stm32f10x_md.o [1]
  .text                  ro code  0x0800213c     0x4  startup_stm32f10x_md.o [1]
  .text                  ro code  0x08002140     0x4  startup_stm32f10x_md.o [1]
  .text                  ro code  0x08002144     0x4  startup_stm32f10x_md.o [1]
  .text                  ro code  0x08002148     0x4  startup_stm32f10x_md.o [1]
  .text                  ro code  0x0800214c     0x4  startup_stm32f10x_md.o [1]
  .text                  ro code  0x08002150     0x4  startup_stm32f10x_md.o [1]
  .text                  ro code  0x08002154     0x4  startup_stm32f10x_md.o [1]
  .text                  ro code  0x08002158     0x4  startup_stm32f10x_md.o [1]
  .text                  ro code  0x0800215c     0x4  startup_stm32f10x_md.o [1]
  .text                  ro code  0x08002160     0x4  startup_stm32f10x_md.o [1]
  .text                  ro code  0x08002164     0x4  startup_stm32f10x_md.o [1]
  .text                  ro code  0x08002168     0x4  startup_stm32f10x_md.o [1]
  .text                  ro code  0x0800216c     0x4  startup_stm32f10x_md.o [1]
  .text                  ro code  0x08002170     0x4  startup_stm32f10x_md.o [1]
  .text                  ro code  0x08002174     0x4  startup_stm32f10x_md.o [1]
  .text                  ro code  0x08002178     0x4  startup_stm32f10x_md.o [1]
  .text                  ro code  0x0800217c     0x4  startup_stm32f10x_md.o [1]
  .text                  ro code  0x08002180     0x4  startup_stm32f10x_md.o [1]
  .text                  ro code  0x08002184     0x4  startup_stm32f10x_md.o [1]
  .text                  ro code  0x08002188     0x4  startup_stm32f10x_md.o [1]
  .text                  ro code  0x0800218c     0x4  startup_stm32f10x_md.o [1]
  .text                  ro code  0x08002190     0x4  startup_stm32f10x_md.o [1]
  .text                  ro code  0x08002194     0x4  startup_stm32f10x_md.o [1]
  .text                  ro code  0x08002198     0x4  startup_stm32f10x_md.o [1]
  .text                  ro code  0x0800219c     0x4  startup_stm32f10x_md.o [1]
  SHT$$PREINIT_ARRAY              0x080021a0     0x0  <Block>
  SHT$$INIT_ARRAY                 0x080021a0     0x4  <Block>
    .init_array          const    0x080021a0     0x4  Test.o [1]
  __iar_tls$$INIT_ARRAY           0x080021a4     0x0  <Block>
  .text                  ro code  0x080021a4     0x0  cstart_call_dtors.o [5]
  .rodata                const    0x080021a4     0x0  zero_init3.o [5]
  .rodata                const    0x080021a4     0x0  copy_init3.o [5]
                                - 0x080021a4  0x20b8

"P2", part 1 of 3:                              0x14
  P2-1                            0x20000000    0x14  <Init block>
    .data                inited   0x20000000    0x10  stm32f10x_rcc.o [1]
    .data                inited   0x20000010     0x4  stm32f10x_rcc.o [1]
                                - 0x20000014    0x14

"P2", part 2 of 3:                             0x204
  .bss                   zero     0x20000014    0x94  Test.o [1]
  .bss                   zero     0x200000a8    0x18  Test.o [1]
  .bss                   zero     0x200000c0    0x18  Test.o [1]
  .bss                   zero     0x200000d8    0x14  Test.o [1]
  .bss                   zero     0x200000ec     0xc  Test.o [1]
  .bss                   zero     0x200000f8     0x4  ClockManager.o [1]
  .bss                   zero     0x200000fc     0x4  HwButtonIntr.o [1]
  .bss                   zero     0x20000100     0x4  HwButtonIntr.o [1]
  .bss                   zero     0x20000104     0x4  HwButtonIntr.o [1]
  .bss                   zero     0x20000108     0x4  InterruptManager.o [1]
  .bss                   zero     0x2000010c     0x4  InterruptManager.o [1]
  .bss                   zero     0x20000110     0x4  InterruptManager.o [1]
  .bss                   zero     0x20000114     0x4  InterruptManager.o [1]
  .bss                   zero     0x20000118     0x4  InterruptManager.o [1]
  .bss                   zero     0x2000011c     0x4  InterruptManager.o [1]
  .bss                   zero     0x20000120     0x4  InterruptManager.o [1]
  .bss                   zero     0x20000124     0x4  InterruptManager.o [1]
  .bss                   zero     0x20000128     0x4  InterruptManager.o [1]
  .bss                   zero     0x2000012c     0x4  InterruptManager.o [1]
  .bss                   zero     0x20000130     0x4  InterruptManager.o [1]
  .bss                   zero     0x20000134     0x4  InterruptManager.o [1]
  .bss                   zero     0x20000138     0x4  InterruptManager.o [1]
  .bss                   zero     0x2000013c     0x4  InterruptManager.o [1]
  .bss                   zero     0x20000140     0x4  InterruptManager.o [1]
  .bss                   zero     0x20000144     0x4  InterruptManager.o [1]
  .bss                   zero     0x20000148     0x4  InterruptManager.o [1]
  .bss                   zero     0x2000014c     0x4  InterruptManager.o [1]
  .bss                   zero     0x20000150     0x4  InterruptManager.o [1]
  .bss                   zero     0x20000154     0x4  InterruptManager.o [1]
  .bss                   zero     0x20000158     0x4  InterruptManager.o [1]
  .bss                   zero     0x2000015c     0x4  InterruptManager.o [1]
  .bss                   zero     0x20000160     0x4  InterruptManager.o [1]
  .bss                   zero     0x20000164     0x4  InterruptManager.o [1]
  .bss                   zero     0x20000168     0x4  InterruptManager.o [1]
  .bss                   zero     0x2000016c     0x4  InterruptManager.o [1]
  .bss                   zero     0x20000170     0x4  InterruptManager.o [1]
  .bss                   zero     0x20000174     0x4  InterruptManager.o [1]
  .bss                   zero     0x20000178     0x4  InterruptManager.o [1]
  .bss                   zero     0x2000017c     0x4  InterruptManager.o [1]
  .bss                   zero     0x20000180     0x4  InterruptManager.o [1]
  .bss                   zero     0x20000184     0x4  InterruptManager.o [1]
  .bss                   zero     0x20000188     0x4  InterruptManager.o [1]
  .bss                   zero     0x2000018c     0x4  InterruptManager.o [1]
  .bss                   zero     0x20000190     0x4  InterruptManager.o [1]
  .bss                   zero     0x20000194     0x4  InterruptManager.o [1]
  .bss                   zero     0x20000198     0x4  InterruptManager.o [1]
  .bss                   zero     0x2000019c     0x4  InterruptManager.o [1]
  .bss                   zero     0x200001a0     0x4  InterruptManager.o [1]
  .bss                   zero     0x200001a4     0x4  InterruptManager.o [1]
  .bss                   zero     0x200001a8     0x4  InterruptManager.o [1]
  .bss                   zero     0x200001ac     0x4  InterruptManager.o [1]
  .bss                   zero     0x200001b0     0x4  InterruptManager.o [1]
  .bss                   zero     0x200001b4     0x4  InterruptManager.o [1]
  .bss                   zero     0x200001b8     0x4  InterruptManager.o [1]
  .bss                   zero     0x200001bc     0x4  InterruptManager.o [1]
  .bss                   zero     0x200001c0     0x4  InterruptManager.o [1]
  .bss                   zero     0x200001c4     0x4  InterruptManager.o [1]
  .bss                   zero     0x200001c8     0x4  InterruptManager.o [1]
  .bss                   zero     0x200001cc     0x4  InterruptManager.o [1]
  .bss                   zero     0x200001d0     0x4  InterruptManager.o [1]
  .bss                   zero     0x200001d4     0x4  InterruptManager.o [1]
  .bss                   zero     0x200001d8     0x4  InterruptManager.o [1]
  .bss                   zero     0x200001dc     0x4  InterruptManager.o [1]
  .bss                   zero     0x200001e0     0x4  InterruptManager.o [1]
  .bss                   zero     0x200001e4     0x4  InterruptManager.o [1]
  .bss                   zero     0x200001e8     0x4  InterruptManager.o [1]
  .bss                   zero     0x200001ec     0x4  InterruptManager.o [1]
  .bss                   zero     0x200001f0     0x4  InterruptManager.o [1]
  .bss                   zero     0x200001f4     0x4  InterruptManager.o [1]
  .bss                   zero     0x200001f8     0x4  InterruptManager.o [1]
  .bss                   zero     0x200001fc     0x4  InterruptManager.o [1]
  .bss                   zero     0x20000200     0x4  SysTickTimer.o [1]
  .bss                   zero     0x20000204     0x4  Test.o [1]
  .bss                   zero     0x20000208     0x4  cppinit.o [3]
  .bss                   zero     0x2000020c     0x4  cppinit.o [3]
  .bss                   zero     0x20000210     0x2  HwButtonIntr.o [1]
  .bss                   zero     0x20000212     0x1  ClockManager.o [1]
  .bss                   zero     0x20000213     0x1  HwButtonIntr.o [1]
  .bss                   zero     0x20000214     0x1  InterruptManager.o [1]
  .bss                   zero     0x20000215     0x1  InterruptManager.o [1]
                                - 0x20000216   0x202

"P2", part 3 of 3:                             0x990
  .iar.dynexit                    0x20000218   0x18c  <Block>
    .iar.dynexit         uninit   0x20000218     0xc  cppinit.o [3]
    .iar.dynexit         uninit   0x20000224   0x180  <Block tail>
  CSTACK                          0x200003a8   0x800  <Block>
    CSTACK               uninit   0x200003a8   0x800  <Block tail>
                                - 0x20000ba8   0x990


*******************************************************************************
*** INIT TABLE
***

          Address     Size
          -------     ----
Zero (__iar_zero_init3)
    1 destination range, total size 0x202:
          0x20000014  0x202

Copy (__iar_copy_init3)
    1 source range, total size 0x14:
          0x080020d0   0x14
    1 destination range, total size 0x14:
          0x20000000   0x14

Extra (__iar_cstart_call_ctors)



*******************************************************************************
*** MODULE SUMMARY
***

    Module                  ro code  ro data  rw data
    ------                  -------  -------  -------
C:\Amit Caudhary\STM32_IAR\Projects\CppFirmware\Debug\Obj: [1]
    ClockManager.o              116                 5
    GpioInput.o                 824       64
    GpioOutput.o                192       64
    HwButtonIntr.o              804       64       15
    I2CDriver.o                 544       64
    InterruptManager.o        1 860               250
    Led.o                       148       64
    Peripheral.o                 74
    SysTickTimer.o              224                 4
    Test.o                      284        4      232
    main.o                      156
    misc.o                      184
    startup_stm32f10x_md.o      396
    stm32f10x_exti.o            192
    stm32f10x_gpio.o            304
    stm32f10x_i2c.o             388
    stm32f10x_it.o               16
    stm32f10x_rcc.o             732       20       20
    system_stm32f10x.o          344
    -------------------------------------------------
    Total:                    7 782      344      526

command line: [2]
    -------------------------------------------------
    Total:

dl7M_tln.a: [3]
    cppinit.o                   160                20
    exit.o                        4
    low_level_init.o              4
    -------------------------------------------------
    Total:                      168                20

dlpp7M_tl_nc.a: [4]
    cxxabi.o                     10
    -------------------------------------------------
    Total:                       10

rt7M_tl.a: [5]
    cexit.o                      14
    cmain.o                      30
    cmain_call_ctors.o           32
    copy_init3.o                 44
    cstart_call_dtors.o
    cstartup_M.o                 12
    data_init.o                  40
    zero_init3.o                 64
    -------------------------------------------------
    Total:                      236

shb_l.a: [6]
    exit.o                       20
    unwind_debug.o                         1
    -------------------------------------------------
    Total:                       20        1

    Gaps                         11
    Linker created                        40    2 432
-----------------------------------------------------
    Grand Total:              8 227      385    2 978


*******************************************************************************
*** ENTRY LIST
***

Entry                      Address   Size  Type      Object
-----                      -------   ----  ----      ------
.iar.dynexit$$Base      0x20000218          --   Gb  - Linker created -
.iar.dynexit$$Limit     0x200003a4          --   Gb  - Linker created -
.iar.init_table$$Base   0x0800203c          --   Gb  - Linker created -
.iar.init_table$$Limit  0x08002064          --   Gb  - Linker created -
?main                   0x08002085         Code  Gb  cmain.o [5]
ADCPrescTable           0x20000010    0x4  Data  Lc  stm32f10x_rcc.o [1]
APBAHBPrescTable        0x20000000   0x10  Data  Lc  stm32f10x_rcc.o [1]
Bsp::ClockManager::GetInstance()
                        0x08001da9   0x14  Code  Gb  ClockManager.o [1]
Bsp::ClockManager::GetInstance(){1}::ClockManager_Instance
                        0x20000212    0x1  Data  Lc  ClockManager.o [1]
Bsp::ClockManager::PeripheralClockEnable(Bsp::PeripheralBase::Peripheral_t)
                        0x08001dc5   0x58  Code  Gb  ClockManager.o [1]
Bsp::ClockManager::m_pClockManager
                        0x200000f8    0x4  Data  Gb  ClockManager.o [1]
Bsp::GpioInput::ConfigureInterrupt()
                        0x08000c03   0x3e  Code  Gb  GpioInput.o [1]
Bsp::GpioInput::ExtLineInterruptConfig()
                        0x08000c41   0x80  Code  Gb  GpioInput.o [1]
Bsp::GpioInput::GpioInput(GPIO_TypeDef *, unsigned short)
                        0x080009bf   0x18  Code  Gb  GpioInput.o [1]
Bsp::GpioInput::GpioInput(GPIO_TypeDef *, unsigned short, void (*)(), Bsp::Gpio::IntOnWhichEdge)
                        0x080009d7   0x1a  Code  Gb  GpioInput.o [1]
Bsp::GpioInput::GpioInput(GPIO_TypeDef *, unsigned short, void (*)(), Bsp::Gpio::IntOnWhichEdge, Bsp::Gpio::EXTIMode)
                        0x080009f1   0x1a  Code  Gb  GpioInput.o [1]
Bsp::GpioInput::GpioInput(GPIO_TypeDef *, unsigned short, void (*)(), Bsp::Gpio::IntOnWhichEdge, Bsp::Gpio::EXTIMode) [subobject]
                        0x080009a9   0x16  Code  Gb  GpioInput.o [1]
Bsp::GpioInput::HwInit()
                        0x08000b77   0x8c  Code  Gb  GpioInput.o [1]
Bsp::GpioInput::MapPin2ExtLine()
                        0x08000a0b   0xb6  Code  Gb  GpioInput.o [1]
Bsp::GpioInput::MapPin2PinSource()
                        0x08000ac1   0xb6  Code  Gb  GpioInput.o [1]
Bsp::GpioOutput::ClearOutput()
                        0x08001b07    0xe  Code  Gb  Led.o [1]
Bsp::GpioOutput::GpioOutput(GPIO_TypeDef *, unsigned short)
                        0x08001a43    0xe  Code  Gb  GpioOutput.o [1]
Bsp::GpioOutput::GpioOutput(GPIO_TypeDef *, unsigned short) [subobject]
                        0x08001a39    0xa  Code  Gb  GpioOutput.o [1]
Bsp::GpioOutput::HwInit()
                        0x08001a51   0x8a  Code  Gb  GpioOutput.o [1]
Bsp::GpioOutput::SetOutput()
                        0x08001af9    0xe  Code  Gb  Led.o [1]
Bsp::HwButtonIntr::ClearEvent(Bsp::HwButtonIntr::BtnEvent_t)
                        0x0800138b   0x10  Code  Gb  HwButtonIntr.o [1]
Bsp::HwButtonIntr::EventHandler()
                        0x08001289   0xa6  Code  Gb  HwButtonIntr.o [1]
Bsp::HwButtonIntr::HwButtonIntr(GPIO_TypeDef *, unsigned short, Bsp::Gpio::IntOnWhichEdge, Bsp::Gpio::EXTIMode)
                        0x080010ed   0x5c  Code  Gb  HwButtonIntr.o [1]
Bsp::HwButtonIntr::HwInit()
                        0x08001149    0xa  Code  Gb  HwButtonIntr.o [1]
Bsp::HwButtonIntr::ISR()
                        0x08001d25   0x84  Code  Gb  HwButtonIntr.o [1]
Bsp::HwButtonIntr::RegisterEventHandler(Bsp::HwButtonIntr::BtnEvent_t, void (*)())
                        0x0800132f   0x28  Code  Gb  HwButtonIntr.o [1]
Bsp::HwButtonIntr::RunStateMachine()
                        0x08001153  0x116  Code  Gb  HwButtonIntr.o [1]
Bsp::HwButtonIntr::RunStateMachine()::ElapsedTime
                        0x200000fc    0x4  Data  Lc  HwButtonIntr.o [1]
Bsp::HwButtonIntr::RunStateMachine(){1}{10}::LastClickStateEntered
                        0x20000100    0x4  Data  Lc  HwButtonIntr.o [1]
Bsp::HwButtonIntr::RunStateMachine(){1}{10}::temp
                        0x20000104    0x4  Data  Lc  HwButtonIntr.o [1]
Bsp::HwButtonIntr::SetEvent(Bsp::HwButtonIntr::BtnEvent_t)
                        0x0800137d    0xe  Code  Gb  HwButtonIntr.o [1]
Bsp::HwButtonIntr::m_CurrentState
                        0x20000213    0x1  Data  Gb  HwButtonIntr.o [1]
Bsp::HwButtonIntr::m_Pin
                        0x20000210    0x2  Data  Gb  HwButtonIntr.o [1]
Bsp::I2CDriver::HwInit()
                        0x08001493  0x110  Code  Gb  I2CDriver.o [1]
Bsp::I2CDriver::I2CDriver(Bsp::I2CDriver::I2CInstance_t, void (*)(), Bsp::I2CDriver::I2CMode_t, Bsp::I2CDriver::I2CBaudRate_t)
                        0x0800139d   0x1a  Code  Gb  I2CDriver.o [1]
Bsp::I2CDriver::ScanBus(unsigned char *, unsigned char)
                        0x080013b7   0x56  Code  Gb  I2CDriver.o [1]
Bsp::I2CDriver::ScanDevice(unsigned char)
                        0x0800140f   0x84  Code  Gb  I2CDriver.o [1]
Bsp::I2CDriver::~I2CDriver()
                        0x0800140d    0x2  Code  Gb  I2CDriver.o [1]
Bsp::InterruptManager::EnableInterrupt(Bsp::InterruptManager::IRQn)
                        0x080004bb   0x36  Code  Gb  InterruptManager.o [1]
Bsp::InterruptManager::GetInstance()
                        0x0800048d   0x2e  Code  Gb  InterruptManager.o [1]
Bsp::InterruptManager::GetInstance(){1}::InterruptManager_Instance
                        0x20000215    0x1  Data  Lc  InterruptManager.o [1]
Bsp::InterruptManager::GetInstance(){1}::static guard for InterruptManager_Instance
                        0x20000214    0x1  Data  Lc  InterruptManager.o [1]
Bsp::InterruptManager::NVICConfig(Bsp::InterruptManager::IRQn, unsigned char, unsigned char)
                        0x080004f1   0x3e  Code  Gb  InterruptManager.o [1]
Bsp::InterruptManager::RegisterInterrupt(void (*)(), Bsp::InterruptManager::IRQn)
                        0x080000ed  0x3a0  Code  Gb  InterruptManager.o [1]
Bsp::InterruptManager::m_ADC1_2_IRQHandler
                        0x20000174    0x4  Data  Gb  InterruptManager.o [1]
Bsp::InterruptManager::m_BusFault_Handler
                        0x20000118    0x4  Data  Gb  InterruptManager.o [1]
Bsp::InterruptManager::m_CAN1_RX1_IRQHandler
                        0x20000180    0x4  Data  Gb  InterruptManager.o [1]
Bsp::InterruptManager::m_CAN1_SCE_IRQHandler
                        0x20000184    0x4  Data  Gb  InterruptManager.o [1]
Bsp::InterruptManager::m_DMA1_Channel1_IRQHandler
                        0x2000015c    0x4  Data  Gb  InterruptManager.o [1]
Bsp::InterruptManager::m_DMA1_Channel2_IRQHandler
                        0x20000160    0x4  Data  Gb  InterruptManager.o [1]
Bsp::InterruptManager::m_DMA1_Channel4_IRQHandler
                        0x20000164    0x4  Data  Gb  InterruptManager.o [1]
Bsp::InterruptManager::m_DMA1_Channel5_IRQHandler
                        0x20000168    0x4  Data  Gb  InterruptManager.o [1]
Bsp::InterruptManager::m_DMA1_Channel6_IRQHandler
                        0x2000016c    0x4  Data  Gb  InterruptManager.o [1]
Bsp::InterruptManager::m_DMA1_Channel7_IRQHandler
                        0x20000170    0x4  Data  Gb  InterruptManager.o [1]
Bsp::InterruptManager::m_DebugMon_Handler
                        0x20000124    0x4  Data  Gb  InterruptManager.o [1]
Bsp::InterruptManager::m_EXTI0_IRQHandler
                        0x20000148    0x4  Data  Gb  InterruptManager.o [1]
Bsp::InterruptManager::m_EXTI10_IRQHandler
                        0x200001e8    0x4  Data  Gb  InterruptManager.o [1]
Bsp::InterruptManager::m_EXTI11_IRQHandler
                        0x200001ec    0x4  Data  Gb  InterruptManager.o [1]
Bsp::InterruptManager::m_EXTI12_IRQHandler
                        0x200001f0    0x4  Data  Gb  InterruptManager.o [1]
Bsp::InterruptManager::m_EXTI13_IRQHandler
                        0x200001f4    0x4  Data  Gb  InterruptManager.o [1]
Bsp::InterruptManager::m_EXTI14_IRQHandler
                        0x200001f8    0x4  Data  Gb  InterruptManager.o [1]
Bsp::InterruptManager::m_EXTI15_10_IRQHandler
                        0x200001c8    0x4  Data  Gb  InterruptManager.o [1]
Bsp::InterruptManager::m_EXTI15_IRQHandler
                        0x200001fc    0x4  Data  Gb  InterruptManager.o [1]
Bsp::InterruptManager::m_EXTI1_IRQHandler
                        0x2000014c    0x4  Data  Gb  InterruptManager.o [1]
Bsp::InterruptManager::m_EXTI2_IRQHandler
                        0x20000150    0x4  Data  Gb  InterruptManager.o [1]
Bsp::InterruptManager::m_EXTI3_IRQHandler
                        0x20000154    0x4  Data  Gb  InterruptManager.o [1]
Bsp::InterruptManager::m_EXTI4_IRQHandler
                        0x20000158    0x4  Data  Gb  InterruptManager.o [1]
Bsp::InterruptManager::m_EXTI5_IRQHandler
                        0x200001d4    0x4  Data  Gb  InterruptManager.o [1]
Bsp::InterruptManager::m_EXTI6_IRQHandler
                        0x200001d8    0x4  Data  Gb  InterruptManager.o [1]
Bsp::InterruptManager::m_EXTI7_IRQHandler
                        0x200001dc    0x4  Data  Gb  InterruptManager.o [1]
Bsp::InterruptManager::m_EXTI8_IRQHandler
                        0x200001e0    0x4  Data  Gb  InterruptManager.o [1]
Bsp::InterruptManager::m_EXTI9_5_IRQHandler
                        0x20000188    0x4  Data  Gb  InterruptManager.o [1]
Bsp::InterruptManager::m_EXTI9_IRQHandler
                        0x200001e4    0x4  Data  Gb  InterruptManager.o [1]
Bsp::InterruptManager::m_FLASH_IRQHandler
                        0x20000140    0x4  Data  Gb  InterruptManager.o [1]
Bsp::InterruptManager::m_HardFault_Handler
                        0x20000110    0x4  Data  Gb  InterruptManager.o [1]
Bsp::InterruptManager::m_I2C1_ER_IRQHandler
                        0x200001a8    0x4  Data  Gb  InterruptManager.o [1]
Bsp::InterruptManager::m_I2C2_ER_IRQHandler
                        0x200001b0    0x4  Data  Gb  InterruptManager.o [1]
Bsp::InterruptManager::m_I2C2_EV_IRQHandler
                        0x200001ac    0x4  Data  Gb  InterruptManager.o [1]
Bsp::InterruptManager::m_MemManage_Handler
                        0x20000114    0x4  Data  Gb  InterruptManager.o [1]
Bsp::InterruptManager::m_NMI_Handler
                        0x2000010c    0x4  Data  Gb  InterruptManager.o [1]
Bsp::InterruptManager::m_PVD_IRQHandler
                        0x20000134    0x4  Data  Gb  InterruptManager.o [1]
Bsp::InterruptManager::m_PendSV_Handler
                        0x20000128    0x4  Data  Gb  InterruptManager.o [1]
Bsp::InterruptManager::m_RCC_IRQHandler
                        0x20000144    0x4  Data  Gb  InterruptManager.o [1]
Bsp::InterruptManager::m_RTCAlarm_IRQHandler
                        0x200001cc    0x4  Data  Gb  InterruptManager.o [1]
Bsp::InterruptManager::m_RTC_IRQHandler
                        0x2000013c    0x4  Data  Gb  InterruptManager.o [1]
Bsp::InterruptManager::m_SPI1_IRQHandler
                        0x200001b4    0x4  Data  Gb  InterruptManager.o [1]
Bsp::InterruptManager::m_SPI2_IRQHandler
                        0x200001b8    0x4  Data  Gb  InterruptManager.o [1]
Bsp::InterruptManager::m_SVC_Handler
                        0x20000120    0x4  Data  Gb  InterruptManager.o [1]
Bsp::InterruptManager::m_SysTick_Handler
                        0x2000012c    0x4  Data  Gb  InterruptManager.o [1]
Bsp::InterruptManager::m_TAMPER_IRQHandler
                        0x20000138    0x4  Data  Gb  InterruptManager.o [1]
Bsp::InterruptManager::m_TIM1_BRK_IRQHandler
                        0x2000018c    0x4  Data  Gb  InterruptManager.o [1]
Bsp::InterruptManager::m_TIM1_CC_IRQHandler
                        0x20000198    0x4  Data  Gb  InterruptManager.o [1]
Bsp::InterruptManager::m_TIM1_TRG_COM_IRQHandler
                        0x20000194    0x4  Data  Gb  InterruptManager.o [1]
Bsp::InterruptManager::m_TIM1_UP_IRQHandler
                        0x20000190    0x4  Data  Gb  InterruptManager.o [1]
Bsp::InterruptManager::m_TIM2_IRQHandler
                        0x2000019c    0x4  Data  Gb  InterruptManager.o [1]
Bsp::InterruptManager::m_TIM3_IRQHandler
                        0x200001a0    0x4  Data  Gb  InterruptManager.o [1]
Bsp::InterruptManager::m_TIM4_IRQHandler
                        0x200001a4    0x4  Data  Gb  InterruptManager.o [1]
Bsp::InterruptManager::m_USART1_IRQHandler
                        0x200001bc    0x4  Data  Gb  InterruptManager.o [1]
Bsp::InterruptManager::m_USART2_IRQHandler
                        0x200001c0    0x4  Data  Gb  InterruptManager.o [1]
Bsp::InterruptManager::m_USART3_IRQHandler
                        0x200001c4    0x4  Data  Gb  InterruptManager.o [1]
Bsp::InterruptManager::m_USBWakeUp_IRQHandler
                        0x200001d0    0x4  Data  Gb  InterruptManager.o [1]
Bsp::InterruptManager::m_USB_HP_CAN1_TX_IRQHandler
                        0x20000178    0x4  Data  Gb  InterruptManager.o [1]
Bsp::InterruptManager::m_USB_LP_CAN1_RX0_IRQHandler
                        0x2000017c    0x4  Data  Gb  InterruptManager.o [1]
Bsp::InterruptManager::m_UsageFault_Handler
                        0x2000011c    0x4  Data  Gb  InterruptManager.o [1]
Bsp::InterruptManager::m_WWDG_IRQHandler
                        0x20000130    0x4  Data  Gb  InterruptManager.o [1]
Bsp::InterruptManager::m_pInterruptManager
                        0x20000108    0x4  Data  Gb  InterruptManager.o [1]
Bsp::Peripheral::GetClockManager()
                        0x08001fd7    0x8  Code  Gb  Peripheral.o [1]
Bsp::Peripheral::GetInterruptManager()
                        0x08001fdf    0x8  Code  Gb  Peripheral.o [1]
Bsp::Peripheral::HwClockEnable(Bsp::PeripheralBase::Peripheral_t)
                        0x08001f9d   0x12  Code  Gb  Peripheral.o [1]
Bsp::Peripheral::HwEnableInterrupt(Bsp::PeripheralBase::IRQn)
                        0x08001fc5   0x12  Code  Gb  Peripheral.o [1]
Bsp::Peripheral::RegisterInterrupt(void (*)(), Bsp::PeripheralBase::IRQn, unsigned char)
                        0x08001faf   0x16  Code  Gb  Peripheral.o [1]
Bsp::SysTickTimer::DelayTicks(unsigned int)
                        0x08001ba5   0x34  Code  Gb  SysTickTimer.o [1]
Bsp::SysTickTimer::GetTicks()
                        0x08001359    0xc  Code  Gb  SysTickTimer.o [1]
Bsp::SysTickTimer::GetTicksSince(unsigned int)
                        0x08001365   0x18  Code  Gb  HwButtonIntr.o [1]
Bsp::SysTickTimer::HwInit(unsigned int)
                        0x08001b81   0x24  Code  Gb  SysTickTimer.o [1]
Bsp::SysTickTimer::IncrementTicks()
                        0x08001c79   0x10  Code  Gb  SysTickTimer.o [1]
Bsp::SysTickTimer::m_ticks
                        0x20000200    0x4  Data  Gb  SysTickTimer.o [1]
BusFault_Handler        0x080020fb    0x2  Code  Gb  stm32f10x_it.o [1]
ButtonTest()            0x08001949    0xa  Code  Gb  Test.o [1]
CSTACK$$Base            0x200003a8          --   Gb  - Linker created -
CSTACK$$Limit           0x20000ba8          --   Gb  - Linker created -
ClickEvent()            0x08001955    0xc  Code  Gb  Test.o [1]
DebugMon_Handler        0x08002101    0x2  Code  Gb  stm32f10x_it.o [1]
DtorRecArray            0x20000218    0xc  Data  Lc  cppinit.o [3]
EXTI0_IRQHandler        0x080006b3   0x18  Code  Gb  InterruptManager.o [1]
EXTI15_10_IRQHandler    0x080005d9   0xda  Code  Gb  InterruptManager.o [1]
EXTI1_IRQHandler        0x080006cb   0x18  Code  Gb  InterruptManager.o [1]
EXTI2_IRQHandler        0x080006e3   0x18  Code  Gb  InterruptManager.o [1]
EXTI3_IRQHandler        0x080006fb   0x18  Code  Gb  InterruptManager.o [1]
EXTI4_IRQHandler        0x08000713   0x18  Code  Gb  InterruptManager.o [1]
EXTI9_5_IRQHandler      0x0800052f   0xaa  Code  Gb  InterruptManager.o [1]
EXTI_ClearITPendingBit  0x0800098d    0x6  Code  Gb  stm32f10x_exti.o [1]
EXTI_GetITStatus        0x0800096d   0x20  Code  Gb  stm32f10x_exti.o [1]
EXTI_Init               0x080008e9   0x84  Code  Gb  stm32f10x_exti.o [1]
GPIO_EXTILineConfig     0x08000db7   0x56  Code  Gb  stm32f10x_gpio.o [1]
GPIO_Init               0x08000ce1   0xc4  Code  Gb  stm32f10x_gpio.o [1]
GPIO_WriteBit           0x08000da5   0x12  Code  Gb  stm32f10x_gpio.o [1]
GpioInput_ISR()         0x08001931    0xc  Code  Gb  Test.o [1]
GpioInput_ISR()::i      0x20000204    0x4  Data  Lc  Test.o [1]
HardFault_Handler       0x080020f7    0x2  Code  Gb  stm32f10x_it.o [1]
HwButton_A2             0x20000014   0x94  Data  Lc  Test.o [1]
I2CDriver_Test()        0x08001979    0xe  Code  Gb  Test.o [1]
I2CDriver_Test()::I2C_Devices
                        0x200000ec    0xc  Data  Lc  Test.o [1]
I2C_CheckEvent          0x080016db   0x24  Code  Gb  stm32f10x_i2c.o [1]
I2C_Cmd                 0x0800168d   0x1c  Code  Gb  stm32f10x_i2c.o [1]
I2C_GenerateSTART       0x080016a9   0x1c  Code  Gb  stm32f10x_i2c.o [1]
I2C_GetFlagStatus       0x080016ff   0x42  Code  Gb  stm32f10x_i2c.o [1]
I2C_Init                0x080015bd   0xc4  Code  Gb  stm32f10x_i2c.o [1]
I2C_Obj                 0x200000c0   0x18  Data  Lc  Test.o [1]
I2C_Send7bitAddress     0x080016c5   0x16  Code  Gb  stm32f10x_i2c.o [1]
Init_Tests()            0x080018db   0x54  Code  Gb  Test.o [1]
Led::Led(GPIO_TypeDef *, unsigned short)
                        0x080019b5   0x1a  Code  Gb  Led.o [1]
Led::MultiBlink(unsigned int)
                        0x080019f5   0x38  Code  Gb  Led.o [1]
Led::Off()              0x080019e5   0x10  Code  Gb  Led.o [1]
Led::On()               0x080019d5   0x10  Code  Gb  Led.o [1]
Led_PC13                0x200000a8   0x18  Data  Lc  Test.o [1]
LongLongPressEvent()    0x0800196d    0xc  Code  Gb  Test.o [1]
LongPressEvent()        0x08001961    0xc  Code  Gb  Test.o [1]
MemManage_Handler       0x080020f9    0x2  Code  Gb  stm32f10x_it.o [1]
NMI_Handler             0x080020f5    0x2  Code  Gb  stm32f10x_it.o [1]
NVIC_Init               0x0800083b   0x60  Code  Gb  misc.o [1]
NVIC_PriorityGroupConfig
                        0x08000831    0xa  Code  Gb  misc.o [1]
NVIC_SetVectorTable     0x0800089b    0xc  Code  Gb  misc.o [1]
PendSV_Handler          0x08002103    0x2  Code  Gb  stm32f10x_it.o [1]
RCC_AHBPeriphClockCmd   0x08000fef   0x20  Code  Gb  stm32f10x_rcc.o [1]
RCC_APB1PeriphClockCmd  0x0800102f   0x20  Code  Gb  stm32f10x_rcc.o [1]
RCC_APB1PeriphResetCmd  0x0800104f   0x20  Code  Gb  stm32f10x_rcc.o [1]
RCC_APB2PeriphClockCmd  0x0800100f   0x20  Code  Gb  stm32f10x_rcc.o [1]
RCC_DeInit              0x08000e11   0x60  Code  Gb  stm32f10x_rcc.o [1]
RCC_GetClocksFreq       0x08000f35   0xba  Code  Gb  stm32f10x_rcc.o [1]
RCC_GetFlagStatus       0x0800106f   0x3c  Code  Gb  stm32f10x_rcc.o [1]
RCC_GetSYSCLKSource     0x08000ef3    0xa  Code  Gb  stm32f10x_rcc.o [1]
RCC_HCLKConfig          0x08000efd   0x12  Code  Gb  stm32f10x_rcc.o [1]
RCC_HSEConfig           0x08000e71   0x54  Code  Gb  stm32f10x_rcc.o [1]
RCC_PCLK1Config         0x08000f0f   0x12  Code  Gb  stm32f10x_rcc.o [1]
RCC_PCLK2Config         0x08000f21   0x14  Code  Gb  stm32f10x_rcc.o [1]
RCC_PLLCmd              0x08000ed9    0x8  Code  Gb  stm32f10x_rcc.o [1]
RCC_PLLConfig           0x08000ec5   0x14  Code  Gb  stm32f10x_rcc.o [1]
RCC_SYSCLKConfig        0x08000ee1   0x12  Code  Gb  stm32f10x_rcc.o [1]
Region$$Table$$Base     0x0800203c          --   Gb  - Linker created -
Region$$Table$$Limit    0x08002064          --   Gb  - Linker created -
RunTests()              0x0800193d    0xc  Code  Gb  Test.o [1]
SHT$$INIT_ARRAY$$Base   0x080021a0          --   Gb  - Linker created -
SHT$$INIT_ARRAY$$Limit  0x080021a4          --   Gb  - Linker created -
SHT$$PREINIT_ARRAY$$Base
                        0x080021a0          --   Gb  - Linker created -
SHT$$PREINIT_ARRAY$$Limit
                        0x080021a0          --   Gb  - Linker created -
SVC_Handler             0x080020ff    0x2  Code  Gb  stm32f10x_it.o [1]
SysTick_CLKSourceConfig
                        0x080008a7   0x20  Code  Gb  misc.o [1]
SysTick_Handler         0x08001b79    0x8  Code  Gb  SysTickTimer.o [1]
SystemInit              0x08001741   0x54  Code  Gb  system_stm32f10x.o [1]
TestGpio_WithoutInterrupt
                        0x200000d8   0x14  Data  Lc  Test.o [1]
UsageFault_Handler      0x080020fd    0x2  Code  Gb  stm32f10x_it.o [1]
Virtual function table for Bsp::GpioInput
                        0x08001e1c   0x40  Data  Gb  GpioInput.o [1]
Virtual function table for Bsp::GpioOutput
                        0x08001e5c   0x40  Data  Gb  GpioOutput.o [1]
Virtual function table for Bsp::HwButtonIntr
                        0x08001e9c   0x40  Data  Gb  HwButtonIntr.o [1]
Virtual function table for Bsp::I2CDriver
                        0x08001edc   0x40  Data  Gb  I2CDriver.o [1]
Virtual function table for Led
                        0x08001f1c   0x40  Data  Gb  Led.o [1]
[local to SysTickTimer_cpp]::NVIC_SetPriority(IRQn, unsigned int)
                        0x08001b15   0x22  Code  Lc  SysTickTimer.o [1]
[local to SysTickTimer_cpp]::SysTick_Config(unsigned int)
                        0x08001b37   0x2e  Code  Lc  SysTickTimer.o [1]
[local to main_cpp]::prvSetupHardware()
                        0x08001ca1   0x7e  Code  Lc  main.o [1]
[local to system_stm32f10x_c]::SetSysClock()
                        0x08001795    0x8  Code  Lc  system_stm32f10x.o [1]
[local to system_stm32f10x_c]::SetSysClockTo72()
                        0x0800179d   0xe0  Code  Lc  system_stm32f10x.o [1]
__aeabi_atexit          0x08001a2d    0xa  Code  Gb  cxxabi.o [4]
__call_ctors            0x08001bd9   0x18  Code  Gb  cppinit.o [3]
__call_dtors            0x08001c27    0xc  Code  Gb  cppinit.o [3]
__call_dtors0           0x08001c33   0x36  Code  Gb  cppinit.o [3]
__cexit_call_dtors      0x080020af         Code  Gb  cexit.o [5]
__cmain                 0x08002085         Code  Gb  cmain.o [5]
__cstart_call_dtors     0x080021a4         Data  Gb  cstart_call_dtors.o [5]
__cxa_atexit            0x08001bf1   0x36  Code  Gb  cppinit.o [3]
__dso_handle            0x2000020c    0x4  Data  Gb  cppinit.o [3]
__exit                  0x080020bd   0x14  Code  Gb  exit.o [6]
__iar_copy_init3        0x08001fe7   0x2c  Code  Gb  copy_init3.o [5]
__iar_cstart_call_ctors
                        0x08002065   0x20  Code  Gb  cmain_call_ctors.o [5]
__iar_data_init3        0x08002015   0x28  Code  Gb  data_init.o [5]
__iar_debug_exceptions  0x08001356    0x1  Data  Gb  unwind_debug.o [6]
__iar_program_start     0x08002105         Code  Gb  cstartup_M.o [5]
__iar_systems$$module {Abs}
                        0x00000001         Data  Gb  command line/config [2]
__iar_tls$$INIT_ARRAY$$Base
                        0x080021a4          --   Gb  - Linker created -
__iar_tls$$INIT_ARRAY$$Limit
                        0x080021a4          --   Gb  - Linker created -
__iar_zero_init3        0x08001f5d   0x40  Code  Gb  zero_init3.o [5]
__low_level_init        0x080020a3    0x4  Code  Gb  low_level_init.o [3]
__sti__routine          0x08001899   0x42  Code  Lc  Test.o [1]
__vector_table          0x08000000         Data  Gb  startup_stm32f10x_md.o [1]
_call_main              0x08002091         Code  Gb  cmain.o [5]
_exit                   0x080020ad         Code  Gb  cexit.o [5]
_main                   0x0800209f         Code  Gb  cmain.o [5]
exit                    0x080020a7    0x4  Code  Gb  exit.o [3]
main                    0x08001c89   0x18  Code  Gb  main.o [1]
next_abi_dtor_rec       0x20000208    0x4  Data  Lc  cppinit.o [3]


[1] = C:\Amit Caudhary\STM32_IAR\Projects\CppFirmware\Debug\Obj
[2] = command line
[3] = dl7M_tln.a
[4] = dlpp7M_tl_nc.a
[5] = rt7M_tl.a
[6] = shb_l.a

  8 227 bytes of readonly  code memory
    385 bytes of readonly  data memory
  2 978 bytes of readwrite data memory

Errors: none
Warnings: none
