###############################################################################
#
# IAR ELF Linker V8.20.1.14183/W32 for ARM                13/Jan/2018  19:57:51
# Copyright 2007-2017 IAR Systems AB.
#
#    Output file  =  
#        C:\Amit
#        Caudhary\STM32_IAR\Projects\CppFirmware\Debug\Exe\Cpp_Firmware_STM32F103C8.out
#    Map file     =  
#        C:\Amit
#        Caudhary\STM32_IAR\Projects\CppFirmware\Debug\List\Cpp_Firmware_STM32F103C8.map
#    Command line =  
#        -f C:\Users\AMITCH~1\AppData\Local\Temp\EW5D58.tmp ("C:\Amit
#        Caudhary\STM32_IAR\Projects\CppFirmware\Debug\Obj\ClockManager.o"
#        "C:\Amit
#        Caudhary\STM32_IAR\Projects\CppFirmware\Debug\Obj\GpioInput.o"
#        "C:\Amit
#        Caudhary\STM32_IAR\Projects\CppFirmware\Debug\Obj\InterruptManager.o"
#        "C:\Amit Caudhary\STM32_IAR\Projects\CppFirmware\Debug\Obj\main.o"
#        "C:\Amit Caudhary\STM32_IAR\Projects\CppFirmware\Debug\Obj\misc.o"
#        "C:\Amit
#        Caudhary\STM32_IAR\Projects\CppFirmware\Debug\Obj\Peripheral.o"
#        "C:\Amit
#        Caudhary\STM32_IAR\Projects\CppFirmware\Debug\Obj\startup_stm32f10x_md.o"
#        "C:\Amit
#        Caudhary\STM32_IAR\Projects\CppFirmware\Debug\Obj\stm32f10x_exti.o"
#        "C:\Amit
#        Caudhary\STM32_IAR\Projects\CppFirmware\Debug\Obj\stm32f10x_gpio.o"
#        "C:\Amit
#        Caudhary\STM32_IAR\Projects\CppFirmware\Debug\Obj\stm32f10x_i2c.o"
#        "C:\Amit
#        Caudhary\STM32_IAR\Projects\CppFirmware\Debug\Obj\stm32f10x_it.o"
#        "C:\Amit
#        Caudhary\STM32_IAR\Projects\CppFirmware\Debug\Obj\stm32f10x_rcc.o"
#        "C:\Amit
#        Caudhary\STM32_IAR\Projects\CppFirmware\Debug\Obj\stm32f10x_spi.o"
#        "C:\Amit
#        Caudhary\STM32_IAR\Projects\CppFirmware\Debug\Obj\stm32f10x_usart.o"
#        "C:\Amit
#        Caudhary\STM32_IAR\Projects\CppFirmware\Debug\Obj\system_stm32f10x.o"
#        "C:\Amit
#        Caudhary\STM32_IAR\Projects\CppFirmware\Debug\Obj\SysTickTimer.o"
#        "C:\Amit Caudhary\STM32_IAR\Projects\CppFirmware\Debug\Obj\Test.o" -o
#        "C:\Amit
#        Caudhary\STM32_IAR\Projects\CppFirmware\Debug\Exe\Cpp_Firmware_STM32F103C8.out"
#        --redirect _Printf=_PrintfFullNoMb --redirect _Scanf=_ScanfFullNoMb
#        --map "C:\Amit
#        Caudhary\STM32_IAR\Projects\CppFirmware\Debug\List\Cpp_Firmware_STM32F103C8.map"
#        --config "C:\Program Files (x86)\IAR Systems\Embedded Workbench
#        8.0\arm\config\linker\ST\stm32f103x8.icf" --semihosting --entry
#        __iar_program_start --vfe --text_out locale)
#
###############################################################################

*******************************************************************************
*** RUNTIME MODEL ATTRIBUTES
***

CppFlavor                     = *
__CPP_Exceptions              = Disabled
__CPP_Language                = C++14
__Heap_Handler                = Basic
__SystemLibrary               = DLib
__dlib_dynamic_initialization = normal
__dlib_version                = 6


*******************************************************************************
*** HEAP SELECTION
***

The basic heap was selected because some modules are built with
size limitations (and not runtime checking), and --advanced_heap
was not specified.


*******************************************************************************
*** PLACEMENT SUMMARY
***

"A0":  place at 0x08000000 { ro section .intvec };
"P1":  place in [from 0x08000000 to 0x0800ffff] { ro };
define block CSTACK with size = 2K, alignment = 8 { };
define block HEAP with size = 2K, alignment = 8 { };
"P2":  place in [from 0x20000000 to 0x20004fff] {
          rw, block CSTACK, block HEAP };
initialize by copy { rw };

  Section                Kind        Address    Size  Object
  -------                ----        -------    ----  ------
"A0":                                           0xec
  .intvec                ro code  0x08000000    0xec  startup_stm32f10x_md.o [1]
                                - 0x080000ec    0xec

"P1":                                         0x15d8
  .text                  ro code  0x080000ec   0x744  InterruptManager.o [1]
  .text                  ro code  0x08000830    0xb8  misc.o [1]
  .text                  ro code  0x080008e8    0xc0  stm32f10x_exti.o [1]
  .text                  ro code  0x080009a8   0x308  GpioInput.o [1]
  .text                  ro code  0x08000cb0   0x134  stm32f10x_gpio.o [1]
  .text                  ro code  0x08000de4   0x2b8  stm32f10x_rcc.o [1]
  .text                  ro code  0x0800109c   0x158  system_stm32f10x.o [1]
  .text                  ro code  0x080011f4    0x9c  main.o [1]
  .text                  ro code  0x08001290    0x90  SysTickTimer.o [1]
  .text                  ro code  0x08001320    0x6c  Test.o [1]
  .text                  ro code  0x0800138c    0x10  SysTickTimer.o [1]
  .text                  ro code  0x0800139c    0x18  Test.o [1]
  .text                  ro code  0x080013b4    0x74  ClockManager.o [1]
  .rodata                const    0x08001428    0x40  GpioInput.o [1]
  .text                  ro code  0x08001468    0x40  zero_init3.o [5]
  .text                  ro code  0x080014a8    0x3a  Peripheral.o [1]
  .text                  ro code  0x080014e2     0x8  Peripheral.o [1]
  .text                  ro code  0x080014ea     0x8  Peripheral.o [1]
  .text                  ro code  0x080014f2    0x2c  copy_init3.o [5]
  .rodata                const    0x0800151e     0x1  unwind_debug.o [6]
  .text                  ro code  0x08001520    0x28  data_init.o [5]
  .iar.init_table        const    0x08001548    0x28  - Linker created -
  .text                  ro code  0x08001570    0x20  cmain_call_ctors.o [5]
  .text                  ro code  0x08001590    0x18  cppinit.o [3]
  .text                  ro code  0x080015a8    0x1e  cmain.o [5]
  .text                  ro code  0x080015c6     0x4  low_level_init.o [3]
  .text                  ro code  0x080015ca     0x4  exit.o [3]
  .text                  ro code  0x080015d0     0xa  cexit.o [5]
  .text                  ro code  0x080015dc    0x14  exit.o [6]
  Initializer bytes      const    0x080015f0    0x14  <for P2-1>
  .text                  ro code  0x08001604    0x10  startup_stm32f10x_md.o [1]
  .text                  ro code  0x08001614    0x10  stm32f10x_it.o [1]
  .text                  ro code  0x08001624     0xc  cstartup_M.o [5]
  .text                  ro code  0x08001630     0x4  startup_stm32f10x_md.o [1]
  .text                  ro code  0x08001634     0x4  startup_stm32f10x_md.o [1]
  .text                  ro code  0x08001638     0x4  startup_stm32f10x_md.o [1]
  .text                  ro code  0x0800163c     0x4  startup_stm32f10x_md.o [1]
  .text                  ro code  0x08001640     0x4  startup_stm32f10x_md.o [1]
  .text                  ro code  0x08001644     0x4  startup_stm32f10x_md.o [1]
  .text                  ro code  0x08001648     0x4  startup_stm32f10x_md.o [1]
  .text                  ro code  0x0800164c     0x4  startup_stm32f10x_md.o [1]
  .text                  ro code  0x08001650     0x4  startup_stm32f10x_md.o [1]
  .text                  ro code  0x08001654     0x4  startup_stm32f10x_md.o [1]
  .text                  ro code  0x08001658     0x4  startup_stm32f10x_md.o [1]
  .text                  ro code  0x0800165c     0x4  startup_stm32f10x_md.o [1]
  .text                  ro code  0x08001660     0x4  startup_stm32f10x_md.o [1]
  .text                  ro code  0x08001664     0x4  startup_stm32f10x_md.o [1]
  .text                  ro code  0x08001668     0x4  startup_stm32f10x_md.o [1]
  .text                  ro code  0x0800166c     0x4  startup_stm32f10x_md.o [1]
  .text                  ro code  0x08001670     0x4  startup_stm32f10x_md.o [1]
  .text                  ro code  0x08001674     0x4  startup_stm32f10x_md.o [1]
  .text                  ro code  0x08001678     0x4  startup_stm32f10x_md.o [1]
  .text                  ro code  0x0800167c     0x4  startup_stm32f10x_md.o [1]
  .text                  ro code  0x08001680     0x4  startup_stm32f10x_md.o [1]
  .text                  ro code  0x08001684     0x4  startup_stm32f10x_md.o [1]
  .text                  ro code  0x08001688     0x4  startup_stm32f10x_md.o [1]
  .text                  ro code  0x0800168c     0x4  startup_stm32f10x_md.o [1]
  .text                  ro code  0x08001690     0x4  startup_stm32f10x_md.o [1]
  .text                  ro code  0x08001694     0x4  startup_stm32f10x_md.o [1]
  .text                  ro code  0x08001698     0x4  startup_stm32f10x_md.o [1]
  .text                  ro code  0x0800169c     0x4  startup_stm32f10x_md.o [1]
  .text                  ro code  0x080016a0     0x4  startup_stm32f10x_md.o [1]
  .text                  ro code  0x080016a4     0x4  startup_stm32f10x_md.o [1]
  .text                  ro code  0x080016a8     0x4  startup_stm32f10x_md.o [1]
  .text                  ro code  0x080016ac     0x4  startup_stm32f10x_md.o [1]
  .text                  ro code  0x080016b0     0x4  startup_stm32f10x_md.o [1]
  .text                  ro code  0x080016b4     0x4  startup_stm32f10x_md.o [1]
  .text                  ro code  0x080016b8     0x4  startup_stm32f10x_md.o [1]
  .text                  ro code  0x080016bc     0x4  startup_stm32f10x_md.o [1]
  SHT$$PREINIT_ARRAY              0x080016c0     0x0  <Block>
  SHT$$INIT_ARRAY                 0x080016c0     0x4  <Block>
    .init_array          const    0x080016c0     0x4  Test.o [1]
  __iar_tls$$INIT_ARRAY           0x080016c4     0x0  <Block>
  .rodata                const    0x080016c4     0x0  zero_init3.o [5]
  .rodata                const    0x080016c4     0x0  copy_init3.o [5]
                                - 0x080016c4  0x15d8

"P2", part 1 of 3:                              0x14
  P2-1                            0x20000000    0x14  <Init block>
    .data                inited   0x20000000    0x10  stm32f10x_rcc.o [1]
    .data                inited   0x20000010     0x4  stm32f10x_rcc.o [1]
                                - 0x20000014    0x14

"P2", part 2 of 3:                             0x11c
  .bss                   zero     0x20000014    0x10  Test.o [1]
  .bss                   zero     0x20000024     0x4  ClockManager.o [1]
  .bss                   zero     0x20000028     0x4  InterruptManager.o [1]
  .bss                   zero     0x2000002c     0x4  InterruptManager.o [1]
  .bss                   zero     0x20000030     0x4  InterruptManager.o [1]
  .bss                   zero     0x20000034     0x4  InterruptManager.o [1]
  .bss                   zero     0x20000038     0x4  InterruptManager.o [1]
  .bss                   zero     0x2000003c     0x4  InterruptManager.o [1]
  .bss                   zero     0x20000040     0x4  InterruptManager.o [1]
  .bss                   zero     0x20000044     0x4  InterruptManager.o [1]
  .bss                   zero     0x20000048     0x4  InterruptManager.o [1]
  .bss                   zero     0x2000004c     0x4  InterruptManager.o [1]
  .bss                   zero     0x20000050     0x4  InterruptManager.o [1]
  .bss                   zero     0x20000054     0x4  InterruptManager.o [1]
  .bss                   zero     0x20000058     0x4  InterruptManager.o [1]
  .bss                   zero     0x2000005c     0x4  InterruptManager.o [1]
  .bss                   zero     0x20000060     0x4  InterruptManager.o [1]
  .bss                   zero     0x20000064     0x4  InterruptManager.o [1]
  .bss                   zero     0x20000068     0x4  InterruptManager.o [1]
  .bss                   zero     0x2000006c     0x4  InterruptManager.o [1]
  .bss                   zero     0x20000070     0x4  InterruptManager.o [1]
  .bss                   zero     0x20000074     0x4  InterruptManager.o [1]
  .bss                   zero     0x20000078     0x4  InterruptManager.o [1]
  .bss                   zero     0x2000007c     0x4  InterruptManager.o [1]
  .bss                   zero     0x20000080     0x4  InterruptManager.o [1]
  .bss                   zero     0x20000084     0x4  InterruptManager.o [1]
  .bss                   zero     0x20000088     0x4  InterruptManager.o [1]
  .bss                   zero     0x2000008c     0x4  InterruptManager.o [1]
  .bss                   zero     0x20000090     0x4  InterruptManager.o [1]
  .bss                   zero     0x20000094     0x4  InterruptManager.o [1]
  .bss                   zero     0x20000098     0x4  InterruptManager.o [1]
  .bss                   zero     0x2000009c     0x4  InterruptManager.o [1]
  .bss                   zero     0x200000a0     0x4  InterruptManager.o [1]
  .bss                   zero     0x200000a4     0x4  InterruptManager.o [1]
  .bss                   zero     0x200000a8     0x4  InterruptManager.o [1]
  .bss                   zero     0x200000ac     0x4  InterruptManager.o [1]
  .bss                   zero     0x200000b0     0x4  InterruptManager.o [1]
  .bss                   zero     0x200000b4     0x4  InterruptManager.o [1]
  .bss                   zero     0x200000b8     0x4  InterruptManager.o [1]
  .bss                   zero     0x200000bc     0x4  InterruptManager.o [1]
  .bss                   zero     0x200000c0     0x4  InterruptManager.o [1]
  .bss                   zero     0x200000c4     0x4  InterruptManager.o [1]
  .bss                   zero     0x200000c8     0x4  InterruptManager.o [1]
  .bss                   zero     0x200000cc     0x4  InterruptManager.o [1]
  .bss                   zero     0x200000d0     0x4  InterruptManager.o [1]
  .bss                   zero     0x200000d4     0x4  InterruptManager.o [1]
  .bss                   zero     0x200000d8     0x4  InterruptManager.o [1]
  .bss                   zero     0x200000dc     0x4  InterruptManager.o [1]
  .bss                   zero     0x200000e0     0x4  InterruptManager.o [1]
  .bss                   zero     0x200000e4     0x4  InterruptManager.o [1]
  .bss                   zero     0x200000e8     0x4  InterruptManager.o [1]
  .bss                   zero     0x200000ec     0x4  InterruptManager.o [1]
  .bss                   zero     0x200000f0     0x4  InterruptManager.o [1]
  .bss                   zero     0x200000f4     0x4  InterruptManager.o [1]
  .bss                   zero     0x200000f8     0x4  InterruptManager.o [1]
  .bss                   zero     0x200000fc     0x4  InterruptManager.o [1]
  .bss                   zero     0x20000100     0x4  InterruptManager.o [1]
  .bss                   zero     0x20000104     0x4  InterruptManager.o [1]
  .bss                   zero     0x20000108     0x4  InterruptManager.o [1]
  .bss                   zero     0x2000010c     0x4  InterruptManager.o [1]
  .bss                   zero     0x20000110     0x4  InterruptManager.o [1]
  .bss                   zero     0x20000114     0x4  InterruptManager.o [1]
  .bss                   zero     0x20000118     0x4  InterruptManager.o [1]
  .bss                   zero     0x2000011c     0x4  InterruptManager.o [1]
  .bss                   zero     0x20000120     0x4  SysTickTimer.o [1]
  .bss                   zero     0x20000124     0x4  Test.o [1]
  .bss                   zero     0x20000128     0x4  Test.o [1]
  .bss                   zero     0x2000012c     0x1  ClockManager.o [1]
  .bss                   zero     0x2000012d     0x1  InterruptManager.o [1]
  .bss                   zero     0x2000012e     0x1  InterruptManager.o [1]
                                - 0x2000012f   0x11b

"P2", part 3 of 3:                             0x800
  CSTACK                          0x20000130   0x800  <Block>
    CSTACK               uninit   0x20000130   0x800  <Block tail>
                                - 0x20000930   0x800


*******************************************************************************
*** INIT TABLE
***

          Address     Size
          -------     ----
Zero (__iar_zero_init3)
    1 destination range, total size 0x11b:
          0x20000014  0x11b

Copy (__iar_copy_init3)
    1 source range, total size 0x14:
          0x080015f0   0x14
    1 destination range, total size 0x14:
          0x20000000   0x14

Extra (__iar_cstart_call_ctors)



*******************************************************************************
*** MODULE SUMMARY
***

    Module                  ro code  ro data  rw data
    ------                  -------  -------  -------
C:\Amit Caudhary\STM32_IAR\Projects\CppFirmware\Debug\Obj: [1]
    ClockManager.o              116                 5
    GpioInput.o                 776       64
    InterruptManager.o        1 860               250
    Peripheral.o                 74
    SysTickTimer.o              160                 4
    Test.o                      132        4       24
    main.o                      156
    misc.o                      184
    startup_stm32f10x_md.o      396
    stm32f10x_exti.o            192
    stm32f10x_gpio.o            308
    stm32f10x_it.o               16
    stm32f10x_rcc.o             696       20       20
    system_stm32f10x.o          344
    -------------------------------------------------
    Total:                    5 410       88      303

command line: [2]
    -------------------------------------------------
    Total:

dl7M_tln.a: [3]
    cppinit.o                    24
    exit.o                        4
    low_level_init.o              4
    -------------------------------------------------
    Total:                       32

dlpp7M_tl_nc.a: [4]
    -------------------------------------------------
    Total:

rt7M_tl.a: [5]
    cexit.o                      10
    cmain.o                      30
    cmain_call_ctors.o           32
    copy_init3.o                 44
    cstartup_M.o                 12
    data_init.o                  40
    zero_init3.o                 64
    -------------------------------------------------
    Total:                      232

shb_l.a: [6]
    exit.o                       20
    unwind_debug.o                         1
    -------------------------------------------------
    Total:                       20        1

    Gaps                          5
    Linker created                        40    2 048
-----------------------------------------------------
    Grand Total:              5 699      129    2 351


*******************************************************************************
*** ENTRY LIST
***

Entry                      Address   Size  Type      Object
-----                      -------   ----  ----      ------
.iar.init_table$$Base   0x08001548          --   Gb  - Linker created -
.iar.init_table$$Limit  0x08001570          --   Gb  - Linker created -
?main                   0x080015a9         Code  Gb  cmain.o [5]
ADCPrescTable           0x20000010    0x4  Data  Lc  stm32f10x_rcc.o [1]
APBAHBPrescTable        0x20000000   0x10  Data  Lc  stm32f10x_rcc.o [1]
Bsp::ClockManager::GetInstance()
                        0x080013b5   0x14  Code  Gb  ClockManager.o [1]
Bsp::ClockManager::GetInstance(){1}::ClockManager_Instance
                        0x2000012c    0x1  Data  Lc  ClockManager.o [1]
Bsp::ClockManager::PeripheralClockEnable(Bsp::PeripheralBase::Peripheral_t)
                        0x080013d1   0x58  Code  Gb  ClockManager.o [1]
Bsp::ClockManager::m_pClockManager
                        0x20000024    0x4  Data  Gb  ClockManager.o [1]
Bsp::GpioInput::ConfigureInterrupt()
                        0x08000bd3   0x3e  Code  Gb  GpioInput.o [1]
Bsp::GpioInput::ExtLineInterruptConfig()
                        0x08000c11   0x80  Code  Gb  GpioInput.o [1]
Bsp::GpioInput::GpioInput(GPIO_TypeDef *, unsigned short)
                        0x080009a9   0x18  Code  Gb  GpioInput.o [1]
Bsp::GpioInput::GpioInput(GPIO_TypeDef *, unsigned short, void (*)(), Bsp::Gpio::IntOnWhichEdge)
                        0x080009c1   0x1a  Code  Gb  GpioInput.o [1]
Bsp::GpioInput::HwInit()
                        0x08000b47   0x8c  Code  Gb  GpioInput.o [1]
Bsp::GpioInput::MapPin2ExtLine()
                        0x080009db   0xb6  Code  Gb  GpioInput.o [1]
Bsp::GpioInput::MapPin2PinSource()
                        0x08000a91   0xb6  Code  Gb  GpioInput.o [1]
Bsp::GpioInput::ReadInput() const
                        0x0800139d   0x18  Code  Gb  Test.o [1]
Bsp::InterruptManager::EnableInterrupt(Bsp::InterruptManager::IRQn)
                        0x080004bb   0x36  Code  Gb  InterruptManager.o [1]
Bsp::InterruptManager::GetInstance()
                        0x0800048d   0x2e  Code  Gb  InterruptManager.o [1]
Bsp::InterruptManager::GetInstance(){1}::InterruptManager_Instance
                        0x2000012e    0x1  Data  Lc  InterruptManager.o [1]
Bsp::InterruptManager::GetInstance(){1}::static guard for InterruptManager_Instance
                        0x2000012d    0x1  Data  Lc  InterruptManager.o [1]
Bsp::InterruptManager::NVICConfig(Bsp::InterruptManager::IRQn, unsigned char, unsigned char)
                        0x080004f1   0x3e  Code  Gb  InterruptManager.o [1]
Bsp::InterruptManager::RegisterInterrupt(void (*)(), Bsp::InterruptManager::IRQn)
                        0x080000ed  0x3a0  Code  Gb  InterruptManager.o [1]
Bsp::InterruptManager::m_ADC1_2_IRQHandler
                        0x20000094    0x4  Data  Gb  InterruptManager.o [1]
Bsp::InterruptManager::m_BusFault_Handler
                        0x20000038    0x4  Data  Gb  InterruptManager.o [1]
Bsp::InterruptManager::m_CAN1_RX1_IRQHandler
                        0x200000a0    0x4  Data  Gb  InterruptManager.o [1]
Bsp::InterruptManager::m_CAN1_SCE_IRQHandler
                        0x200000a4    0x4  Data  Gb  InterruptManager.o [1]
Bsp::InterruptManager::m_DMA1_Channel1_IRQHandler
                        0x2000007c    0x4  Data  Gb  InterruptManager.o [1]
Bsp::InterruptManager::m_DMA1_Channel2_IRQHandler
                        0x20000080    0x4  Data  Gb  InterruptManager.o [1]
Bsp::InterruptManager::m_DMA1_Channel4_IRQHandler
                        0x20000084    0x4  Data  Gb  InterruptManager.o [1]
Bsp::InterruptManager::m_DMA1_Channel5_IRQHandler
                        0x20000088    0x4  Data  Gb  InterruptManager.o [1]
Bsp::InterruptManager::m_DMA1_Channel6_IRQHandler
                        0x2000008c    0x4  Data  Gb  InterruptManager.o [1]
Bsp::InterruptManager::m_DMA1_Channel7_IRQHandler
                        0x20000090    0x4  Data  Gb  InterruptManager.o [1]
Bsp::InterruptManager::m_DebugMon_Handler
                        0x20000044    0x4  Data  Gb  InterruptManager.o [1]
Bsp::InterruptManager::m_EXTI0_IRQHandler
                        0x20000068    0x4  Data  Gb  InterruptManager.o [1]
Bsp::InterruptManager::m_EXTI10_IRQHandler
                        0x20000108    0x4  Data  Gb  InterruptManager.o [1]
Bsp::InterruptManager::m_EXTI11_IRQHandler
                        0x2000010c    0x4  Data  Gb  InterruptManager.o [1]
Bsp::InterruptManager::m_EXTI12_IRQHandler
                        0x20000110    0x4  Data  Gb  InterruptManager.o [1]
Bsp::InterruptManager::m_EXTI13_IRQHandler
                        0x20000114    0x4  Data  Gb  InterruptManager.o [1]
Bsp::InterruptManager::m_EXTI14_IRQHandler
                        0x20000118    0x4  Data  Gb  InterruptManager.o [1]
Bsp::InterruptManager::m_EXTI15_10_IRQHandler
                        0x200000e8    0x4  Data  Gb  InterruptManager.o [1]
Bsp::InterruptManager::m_EXTI15_IRQHandler
                        0x2000011c    0x4  Data  Gb  InterruptManager.o [1]
Bsp::InterruptManager::m_EXTI1_IRQHandler
                        0x2000006c    0x4  Data  Gb  InterruptManager.o [1]
Bsp::InterruptManager::m_EXTI2_IRQHandler
                        0x20000070    0x4  Data  Gb  InterruptManager.o [1]
Bsp::InterruptManager::m_EXTI3_IRQHandler
                        0x20000074    0x4  Data  Gb  InterruptManager.o [1]
Bsp::InterruptManager::m_EXTI4_IRQHandler
                        0x20000078    0x4  Data  Gb  InterruptManager.o [1]
Bsp::InterruptManager::m_EXTI5_IRQHandler
                        0x200000f4    0x4  Data  Gb  InterruptManager.o [1]
Bsp::InterruptManager::m_EXTI6_IRQHandler
                        0x200000f8    0x4  Data  Gb  InterruptManager.o [1]
Bsp::InterruptManager::m_EXTI7_IRQHandler
                        0x200000fc    0x4  Data  Gb  InterruptManager.o [1]
Bsp::InterruptManager::m_EXTI8_IRQHandler
                        0x20000100    0x4  Data  Gb  InterruptManager.o [1]
Bsp::InterruptManager::m_EXTI9_5_IRQHandler
                        0x200000a8    0x4  Data  Gb  InterruptManager.o [1]
Bsp::InterruptManager::m_EXTI9_IRQHandler
                        0x20000104    0x4  Data  Gb  InterruptManager.o [1]
Bsp::InterruptManager::m_FLASH_IRQHandler
                        0x20000060    0x4  Data  Gb  InterruptManager.o [1]
Bsp::InterruptManager::m_HardFault_Handler
                        0x20000030    0x4  Data  Gb  InterruptManager.o [1]
Bsp::InterruptManager::m_I2C1_ER_IRQHandler
                        0x200000c8    0x4  Data  Gb  InterruptManager.o [1]
Bsp::InterruptManager::m_I2C2_ER_IRQHandler
                        0x200000d0    0x4  Data  Gb  InterruptManager.o [1]
Bsp::InterruptManager::m_I2C2_EV_IRQHandler
                        0x200000cc    0x4  Data  Gb  InterruptManager.o [1]
Bsp::InterruptManager::m_MemManage_Handler
                        0x20000034    0x4  Data  Gb  InterruptManager.o [1]
Bsp::InterruptManager::m_NMI_Handler
                        0x2000002c    0x4  Data  Gb  InterruptManager.o [1]
Bsp::InterruptManager::m_PVD_IRQHandler
                        0x20000054    0x4  Data  Gb  InterruptManager.o [1]
Bsp::InterruptManager::m_PendSV_Handler
                        0x20000048    0x4  Data  Gb  InterruptManager.o [1]
Bsp::InterruptManager::m_RCC_IRQHandler
                        0x20000064    0x4  Data  Gb  InterruptManager.o [1]
Bsp::InterruptManager::m_RTCAlarm_IRQHandler
                        0x200000ec    0x4  Data  Gb  InterruptManager.o [1]
Bsp::InterruptManager::m_RTC_IRQHandler
                        0x2000005c    0x4  Data  Gb  InterruptManager.o [1]
Bsp::InterruptManager::m_SPI1_IRQHandler
                        0x200000d4    0x4  Data  Gb  InterruptManager.o [1]
Bsp::InterruptManager::m_SPI2_IRQHandler
                        0x200000d8    0x4  Data  Gb  InterruptManager.o [1]
Bsp::InterruptManager::m_SVC_Handler
                        0x20000040    0x4  Data  Gb  InterruptManager.o [1]
Bsp::InterruptManager::m_SysTick_Handler
                        0x2000004c    0x4  Data  Gb  InterruptManager.o [1]
Bsp::InterruptManager::m_TAMPER_IRQHandler
                        0x20000058    0x4  Data  Gb  InterruptManager.o [1]
Bsp::InterruptManager::m_TIM1_BRK_IRQHandler
                        0x200000ac    0x4  Data  Gb  InterruptManager.o [1]
Bsp::InterruptManager::m_TIM1_CC_IRQHandler
                        0x200000b8    0x4  Data  Gb  InterruptManager.o [1]
Bsp::InterruptManager::m_TIM1_TRG_COM_IRQHandler
                        0x200000b4    0x4  Data  Gb  InterruptManager.o [1]
Bsp::InterruptManager::m_TIM1_UP_IRQHandler
                        0x200000b0    0x4  Data  Gb  InterruptManager.o [1]
Bsp::InterruptManager::m_TIM2_IRQHandler
                        0x200000bc    0x4  Data  Gb  InterruptManager.o [1]
Bsp::InterruptManager::m_TIM3_IRQHandler
                        0x200000c0    0x4  Data  Gb  InterruptManager.o [1]
Bsp::InterruptManager::m_TIM4_IRQHandler
                        0x200000c4    0x4  Data  Gb  InterruptManager.o [1]
Bsp::InterruptManager::m_USART1_IRQHandler
                        0x200000dc    0x4  Data  Gb  InterruptManager.o [1]
Bsp::InterruptManager::m_USART2_IRQHandler
                        0x200000e0    0x4  Data  Gb  InterruptManager.o [1]
Bsp::InterruptManager::m_USART3_IRQHandler
                        0x200000e4    0x4  Data  Gb  InterruptManager.o [1]
Bsp::InterruptManager::m_USBWakeUp_IRQHandler
                        0x200000f0    0x4  Data  Gb  InterruptManager.o [1]
Bsp::InterruptManager::m_USB_HP_CAN1_TX_IRQHandler
                        0x20000098    0x4  Data  Gb  InterruptManager.o [1]
Bsp::InterruptManager::m_USB_LP_CAN1_RX0_IRQHandler
                        0x2000009c    0x4  Data  Gb  InterruptManager.o [1]
Bsp::InterruptManager::m_UsageFault_Handler
                        0x2000003c    0x4  Data  Gb  InterruptManager.o [1]
Bsp::InterruptManager::m_WWDG_IRQHandler
                        0x20000050    0x4  Data  Gb  InterruptManager.o [1]
Bsp::InterruptManager::m_pInterruptManager
                        0x20000028    0x4  Data  Gb  InterruptManager.o [1]
Bsp::Peripheral::GetClockManager()
                        0x080014e3    0x8  Code  Gb  Peripheral.o [1]
Bsp::Peripheral::GetInterruptManager()
                        0x080014eb    0x8  Code  Gb  Peripheral.o [1]
Bsp::Peripheral::HwClockEnable(Bsp::PeripheralBase::Peripheral_t)
                        0x080014a9   0x12  Code  Gb  Peripheral.o [1]
Bsp::Peripheral::HwEnableInterrupt(Bsp::PeripheralBase::IRQn)
                        0x080014d1   0x12  Code  Gb  Peripheral.o [1]
Bsp::Peripheral::RegisterInterrupt(void (*)(), Bsp::PeripheralBase::IRQn, unsigned char)
                        0x080014bb   0x16  Code  Gb  Peripheral.o [1]
Bsp::SysTickTimer::HwInit(unsigned int)
                        0x080012fd   0x24  Code  Gb  SysTickTimer.o [1]
Bsp::SysTickTimer::IncrementTicks()
                        0x0800138d   0x10  Code  Gb  SysTickTimer.o [1]
Bsp::SysTickTimer::m_ticks
                        0x20000120    0x4  Data  Gb  SysTickTimer.o [1]
BusFault_Handler        0x0800161b    0x2  Code  Gb  stm32f10x_it.o [1]
CSTACK$$Base            0x20000130          --   Gb  - Linker created -
CSTACK$$Limit           0x20000930          --   Gb  - Linker created -
DebugMon_Handler        0x08001621    0x2  Code  Gb  stm32f10x_it.o [1]
EXTI0_IRQHandler        0x080006b3   0x18  Code  Gb  InterruptManager.o [1]
EXTI15_10_IRQHandler    0x080005d9   0xda  Code  Gb  InterruptManager.o [1]
EXTI1_IRQHandler        0x080006cb   0x18  Code  Gb  InterruptManager.o [1]
EXTI2_IRQHandler        0x080006e3   0x18  Code  Gb  InterruptManager.o [1]
EXTI3_IRQHandler        0x080006fb   0x18  Code  Gb  InterruptManager.o [1]
EXTI4_IRQHandler        0x08000713   0x18  Code  Gb  InterruptManager.o [1]
EXTI9_5_IRQHandler      0x0800052f   0xaa  Code  Gb  InterruptManager.o [1]
EXTI_ClearITPendingBit  0x0800098d    0x6  Code  Gb  stm32f10x_exti.o [1]
EXTI_GetITStatus        0x0800096d   0x20  Code  Gb  stm32f10x_exti.o [1]
EXTI_Init               0x080008e9   0x84  Code  Gb  stm32f10x_exti.o [1]
GPIO_EXTILineConfig     0x08000d89   0x56  Code  Gb  stm32f10x_gpio.o [1]
GPIO_Init               0x08000cb1   0xc4  Code  Gb  stm32f10x_gpio.o [1]
GPIO_ReadInputDataBit   0x08000d75   0x14  Code  Gb  stm32f10x_gpio.o [1]
GpioInput_ISR()         0x08001355    0xc  Code  Gb  Test.o [1]
GpioInput_ISR()::i      0x20000124    0x4  Data  Lc  Test.o [1]
HardFault_Handler       0x08001617    0x2  Code  Gb  stm32f10x_it.o [1]
Init_Tests()            0x0800132f   0x24  Code  Gb  Test.o [1]
MemManage_Handler       0x08001619    0x2  Code  Gb  stm32f10x_it.o [1]
NMI_Handler             0x08001615    0x2  Code  Gb  stm32f10x_it.o [1]
NVIC_Init               0x0800083b   0x60  Code  Gb  misc.o [1]
NVIC_PriorityGroupConfig
                        0x08000831    0xa  Code  Gb  misc.o [1]
NVIC_SetVectorTable     0x0800089b    0xc  Code  Gb  misc.o [1]
PendSV_Handler          0x08001623    0x2  Code  Gb  stm32f10x_it.o [1]
RCC_AHBPeriphClockCmd   0x08000fc3   0x20  Code  Gb  stm32f10x_rcc.o [1]
RCC_APB1PeriphClockCmd  0x08001003   0x20  Code  Gb  stm32f10x_rcc.o [1]
RCC_APB2PeriphClockCmd  0x08000fe3   0x20  Code  Gb  stm32f10x_rcc.o [1]
RCC_DeInit              0x08000de5   0x60  Code  Gb  stm32f10x_rcc.o [1]
RCC_GetClocksFreq       0x08000f09   0xba  Code  Gb  stm32f10x_rcc.o [1]
RCC_GetFlagStatus       0x08001023   0x3c  Code  Gb  stm32f10x_rcc.o [1]
RCC_GetSYSCLKSource     0x08000ec7    0xa  Code  Gb  stm32f10x_rcc.o [1]
RCC_HCLKConfig          0x08000ed1   0x12  Code  Gb  stm32f10x_rcc.o [1]
RCC_HSEConfig           0x08000e45   0x54  Code  Gb  stm32f10x_rcc.o [1]
RCC_PCLK1Config         0x08000ee3   0x12  Code  Gb  stm32f10x_rcc.o [1]
RCC_PCLK2Config         0x08000ef5   0x14  Code  Gb  stm32f10x_rcc.o [1]
RCC_PLLCmd              0x08000ead    0x8  Code  Gb  stm32f10x_rcc.o [1]
RCC_PLLConfig           0x08000e99   0x14  Code  Gb  stm32f10x_rcc.o [1]
RCC_SYSCLKConfig        0x08000eb5   0x12  Code  Gb  stm32f10x_rcc.o [1]
Region$$Table$$Base     0x08001548          --   Gb  - Linker created -
Region$$Table$$Limit    0x08001570          --   Gb  - Linker created -
RunTests()              0x08001361   0x1c  Code  Gb  Test.o [1]
RunTests()::Input_Count
                        0x20000128    0x4  Data  Lc  Test.o [1]
SHT$$INIT_ARRAY$$Base   0x080016c0          --   Gb  - Linker created -
SHT$$INIT_ARRAY$$Limit  0x080016c4          --   Gb  - Linker created -
SHT$$PREINIT_ARRAY$$Base
                        0x080016c0          --   Gb  - Linker created -
SHT$$PREINIT_ARRAY$$Limit
                        0x080016c0          --   Gb  - Linker created -
SVC_Handler             0x0800161f    0x2  Code  Gb  stm32f10x_it.o [1]
SysTick_CLKSourceConfig
                        0x080008a7   0x20  Code  Gb  misc.o [1]
SysTick_Handler         0x080012f5    0x8  Code  Gb  SysTickTimer.o [1]
SystemInit              0x0800109d   0x54  Code  Gb  system_stm32f10x.o [1]
TestGpio_WithoutInterrupt
                        0x20000014   0x10  Data  Gb  Test.o [1]
UsageFault_Handler      0x0800161d    0x2  Code  Gb  stm32f10x_it.o [1]
Virtual function table for Bsp::GpioInput
                        0x08001428   0x40  Data  Gb  GpioInput.o [1]
[local to SysTickTimer_cpp]::NVIC_SetPriority(IRQn, unsigned int)
                        0x08001291   0x22  Code  Lc  SysTickTimer.o [1]
[local to SysTickTimer_cpp]::SysTick_Config(unsigned int)
                        0x080012b3   0x2e  Code  Lc  SysTickTimer.o [1]
[local to main_cpp]::prvSetupHardware()
                        0x0800120d   0x7e  Code  Lc  main.o [1]
[local to system_stm32f10x_c]::SetSysClock()
                        0x080010f1    0x8  Code  Lc  system_stm32f10x.o [1]
[local to system_stm32f10x_c]::SetSysClockTo72()
                        0x080010f9   0xe0  Code  Lc  system_stm32f10x.o [1]
__call_ctors            0x08001591   0x18  Code  Gb  cppinit.o [3]
__cmain                 0x080015a9         Code  Gb  cmain.o [5]
__exit                  0x080015dd   0x14  Code  Gb  exit.o [6]
__iar_copy_init3        0x080014f3   0x2c  Code  Gb  copy_init3.o [5]
__iar_cstart_call_ctors
                        0x08001571   0x20  Code  Gb  cmain_call_ctors.o [5]
__iar_data_init3        0x08001521   0x28  Code  Gb  data_init.o [5]
__iar_debug_exceptions  0x0800151e    0x1  Data  Gb  unwind_debug.o [6]
__iar_program_start     0x08001625         Code  Gb  cstartup_M.o [5]
__iar_systems$$module {Abs}
                        0x00000001         Data  Gb  command line/config [2]
__iar_tls$$INIT_ARRAY$$Base
                        0x080016c4          --   Gb  - Linker created -
__iar_tls$$INIT_ARRAY$$Limit
                        0x080016c4          --   Gb  - Linker created -
__iar_zero_init3        0x08001469   0x40  Code  Gb  zero_init3.o [5]
__low_level_init        0x080015c7    0x4  Code  Gb  low_level_init.o [3]
__sti__routine          0x08001321    0xe  Code  Lc  Test.o [1]
__vector_table          0x08000000         Data  Gb  startup_stm32f10x_md.o [1]
_call_main              0x080015b5         Code  Gb  cmain.o [5]
_exit                   0x080015d1         Code  Gb  cexit.o [5]
_main                   0x080015c3         Code  Gb  cmain.o [5]
exit                    0x080015cb    0x4  Code  Gb  exit.o [3]
main                    0x080011f5   0x18  Code  Gb  main.o [1]


[1] = C:\Amit Caudhary\STM32_IAR\Projects\CppFirmware\Debug\Obj
[2] = command line
[3] = dl7M_tln.a
[4] = dlpp7M_tl_nc.a
[5] = rt7M_tl.a
[6] = shb_l.a

  5 699 bytes of readonly  code memory
    129 bytes of readonly  data memory
  2 351 bytes of readwrite data memory

Errors: none
Warnings: none
