###############################################################################
#
# IAR ELF Linker V8.20.1.14183/W32 for ARM                10/Jan/2018  19:02:36
# Copyright 2007-2017 IAR Systems AB.
#
#    Output file  =  
#        C:\Users\Amit
#        Chaudhary\Desktop\IAR\PowerMonitor\Debug\Exe\PowerMonitor.out
#    Map file     =  
#        C:\Users\Amit
#        Chaudhary\Desktop\IAR\PowerMonitor\Debug\List\PowerMonitor.map
#    Command line =  
#        -f C:\Users\AMITCH~1\AppData\Local\Temp\EW57BE.tmp ("C:\Users\Amit
#        Chaudhary\Desktop\IAR\PowerMonitor\Debug\Obj\ClockManager.o"
#        "C:\Users\Amit
#        Chaudhary\Desktop\IAR\PowerMonitor\Debug\Obj\ControlScreen.o"
#        "C:\Users\Amit Chaudhary\Desktop\IAR\PowerMonitor\Debug\Obj\Gpio.o"
#        "C:\Users\Amit
#        Chaudhary\Desktop\IAR\PowerMonitor\Debug\Obj\GpioInput.o"
#        "C:\Users\Amit
#        Chaudhary\Desktop\IAR\PowerMonitor\Debug\Obj\GpioOutput.o"
#        "C:\Users\Amit
#        Chaudhary\Desktop\IAR\PowerMonitor\Debug\Obj\HwButton.o"
#        "C:\Users\Amit
#        Chaudhary\Desktop\IAR\PowerMonitor\Debug\Obj\HwButtonIntr.o"
#        "C:\Users\Amit Chaudhary\Desktop\IAR\PowerMonitor\Debug\Obj\I2c.o"
#        "C:\Users\Amit
#        Chaudhary\Desktop\IAR\PowerMonitor\Debug\Obj\I2CDriver.o"
#        "C:\Users\Amit Chaudhary\Desktop\IAR\PowerMonitor\Debug\Obj\INA219.o"
#        "C:\Users\Amit
#        Chaudhary\Desktop\IAR\PowerMonitor\Debug\Obj\InterruptManager.o"
#        "C:\Users\Amit Chaudhary\Desktop\IAR\PowerMonitor\Debug\Obj\Led.o"
#        "C:\Users\Amit Chaudhary\Desktop\IAR\PowerMonitor\Debug\Obj\main.o"
#        "C:\Users\Amit Chaudhary\Desktop\IAR\PowerMonitor\Debug\Obj\misc.o"
#        "C:\Users\Amit
#        Chaudhary\Desktop\IAR\PowerMonitor\Debug\Obj\Nokia5110LCD.o"
#        "C:\Users\Amit
#        Chaudhary\Desktop\IAR\PowerMonitor\Debug\Obj\PortManager.o"
#        "C:\Users\Amit Chaudhary\Desktop\IAR\PowerMonitor\Debug\Obj\Queue.o"
#        "C:\Users\Amit Chaudhary\Desktop\IAR\PowerMonitor\Debug\Obj\Screen.o"
#        "C:\Users\Amit
#        Chaudhary\Desktop\IAR\PowerMonitor\Debug\Obj\SpiDriver.o"
#        "C:\Users\Amit
#        Chaudhary\Desktop\IAR\PowerMonitor\Debug\Obj\startup_stm32f10x_md.o"
#        "C:\Users\Amit
#        Chaudhary\Desktop\IAR\PowerMonitor\Debug\Obj\stm32f10x_exti.o"
#        "C:\Users\Amit
#        Chaudhary\Desktop\IAR\PowerMonitor\Debug\Obj\stm32f10x_gpio.o"
#        "C:\Users\Amit
#        Chaudhary\Desktop\IAR\PowerMonitor\Debug\Obj\stm32f10x_i2c.o"
#        "C:\Users\Amit
#        Chaudhary\Desktop\IAR\PowerMonitor\Debug\Obj\stm32f10x_it.o"
#        "C:\Users\Amit
#        Chaudhary\Desktop\IAR\PowerMonitor\Debug\Obj\stm32f10x_rcc.o"
#        "C:\Users\Amit
#        Chaudhary\Desktop\IAR\PowerMonitor\Debug\Obj\stm32f10x_spi.o"
#        "C:\Users\Amit
#        Chaudhary\Desktop\IAR\PowerMonitor\Debug\Obj\stm32f10x_usart.o"
#        "C:\Users\Amit
#        Chaudhary\Desktop\IAR\PowerMonitor\Debug\Obj\system_stm32f10x.o"
#        "C:\Users\Amit
#        Chaudhary\Desktop\IAR\PowerMonitor\Debug\Obj\SysTickTimer.o"
#        "C:\Users\Amit Chaudhary\Desktop\IAR\PowerMonitor\Debug\Obj\UI.o"
#        "C:\Users\Amit Chaudhary\Desktop\IAR\PowerMonitor\Debug\Obj\UIApp.o"
#        -o "C:\Users\Amit
#        Chaudhary\Desktop\IAR\PowerMonitor\Debug\Exe\PowerMonitor.out"
#        --redirect _Printf=_PrintfFullNoMb --redirect _Scanf=_ScanfFullNoMb
#        --map "C:\Users\Amit
#        Chaudhary\Desktop\IAR\PowerMonitor\Debug\List\PowerMonitor.map"
#        --config "C:\Program Files (x86)\IAR Systems\Embedded Workbench
#        8.0\arm\config\linker\ST\stm32f103x8.icf" --semihosting --entry
#        __iar_program_start --vfe --text_out locale)
#
###############################################################################

*******************************************************************************
*** RUNTIME MODEL ATTRIBUTES
***

CppFlavor                     = *
__CPP_Exceptions              = Disabled
__CPP_Language                = C++14
__Heap_Handler                = Basic
__SystemLibrary               = DLib
__dlib_dynamic_initialization = normal
__dlib_version                = 6


*******************************************************************************
*** HEAP SELECTION
***

The basic heap was selected because some modules are built with
size limitations (and not runtime checking), and --advanced_heap
was not specified.


*******************************************************************************
*** PLACEMENT SUMMARY
***

"A0":  place at 0x08000000 { ro section .intvec };
"P1":  place in [from 0x08000000 to 0x0800ffff] { ro };
define block CSTACK with size = 2K, alignment = 8 { };
define block HEAP with size = 2K, alignment = 8 { };
"P2":  place in [from 0x20000000 to 0x20004fff] {
          rw, block CSTACK, block HEAP };
initialize by copy { rw };

  Section                Kind        Address    Size  Object
  -------                ----        -------    ----  ------
"A0":                                           0xec
  .intvec                ro code  0x08000000    0xec  startup_stm32f10x_md.o [1]
                                - 0x080000ec    0xec

"P1":                                         0x3f08
  .text                  ro code  0x080000ec   0x734  InterruptManager.o [1]
  .text                  ro code  0x08000820    0xb8  misc.o [1]
  .text                  ro code  0x080008d8    0xc0  stm32f10x_exti.o [1]
  .text                  ro code  0x08000998   0x520  I2CDriver.o [1]
  .text                  ro code  0x08000eb8     0x8  SpiDriver.o [1]
  .text                  ro code  0x08000ec0    0x6a  ClockManager.o [1]
  .rodata                const    0x08000f2a     0x1  unwind_debug.o [7]
  .text                  ro code  0x08000f2c   0x2dc  stm32f10x_rcc.o [1]
  .text                  ro code  0x08001208   0x130  stm32f10x_gpio.o [1]
  .text                  ro code  0x08001338   0x1e6  stm32f10x_i2c.o [1]
  .text                  ro code  0x08001520   0x4e8  UIApp.o [1]
  .text                  ro code  0x08001a08   0x276  HwButtonIntr.o [1]
  .text                  ro code  0x08001c80   0x2c4  Nokia5110LCD.o [1]
  .text                  ro code  0x08001f44     0xa  cxxabi.o [4]
  .text                  ro code  0x08001f50   0x19e  INA219.o [1]
  .text                  ro code  0x080020f0    0xe8  UI.o [1]
  .text                  ro code  0x080021d8    0x20  Led.o [1]
  .text                  ro code  0x080021f8   0x172  ControlScreen.o [1]
  .text                  ro code  0x0800236c    0x9e  Screen.o [1]
  .text                  ro code  0x0800240a    0x18  UIApp.o [1]
  .text                  ro code  0x08002422    0x26  UIApp.o [1]
  .text                  ro code  0x08002448     0x8  UIApp.o [1]
  .text                  ro code  0x08002450    0x2a  FltToS32.o [5]
  .text                  ro code  0x0800247c    0x24  S32ToFlt.o [5]
  .text                  ro code  0x080024a0    0x80  FltSub.o [5]
  .text                  ro code  0x08002520   0x1a2  DblMul.o [5]
  .text                  ro code  0x080026c4    0x20  DblCmpEq.o [5]
  .text                  ro code  0x080026e4   0x246  DblDiv.o [5]
  .text                  ro code  0x0800292c    0x48  FltToDbl.o [5]
  .text                  ro code  0x08002974    0x68  DblToFlt.o [5]
  .text                  ro code  0x080029dc    0x18  UIApp.o [1]
  .text                  ro code  0x080029f4     0x8  UIApp.o [1]
  .text                  ro code  0x080029fc    0xc4  SysTickTimer.o [1]
  .text                  ro code  0x08002ac0   0x300  GpioInput.o [1]
  .text                  ro code  0x08002dc0     0xc  SysTickTimer.o [1]
  .text                  ro code  0x08002dcc    0x18  HwButtonIntr.o [1]
  .text                  ro code  0x08002de4     0xe  HwButtonIntr.o [1]
  .text                  ro code  0x08002df2    0x10  HwButtonIntr.o [1]
  .text                  ro code  0x08002e04   0x278  SpiDriver.o [1]
  .text                  ro code  0x0800307c    0xf6  GpioOutput.o [1]
  .text                  ro code  0x08003172     0xe  SpiDriver.o [1]
  .text                  ro code  0x08003180     0xe  SpiDriver.o [1]
  .text                  ro code  0x08003190    0xa0  cppinit.o [3]
  .text                  ro code  0x08003230    0x24  FltCmpLe.o [5]
  .text                  ro code  0x08003254    0x22  S32ToDbl.o [5]
  .text                  ro code  0x08003278    0x1c  U32ToFlt.o [5]
  .text                  ro code  0x08003294    0xfc  FltDiv.o [5]
  .text                  ro code  0x08003390    0x66  ABImemset.o [6]
  .text                  ro code  0x080033f8    0xa6  ABImemcpy.o [6]
  .text                  ro code  0x080034a0    0x10  Screen.o [1]
  .text                  ro code  0x080034b0    0x34  Screen.o [1]
  .text                  ro code  0x080034e4     0x4  UIApp.o [1]
  .text                  ro code  0x080034e8    0xd6  FltAdd.o [5]
  .text                  ro code  0x080035c0    0x10  SysTickTimer.o [1]
  .text                  ro code  0x080035d0     0x8  GpioInput.o [1]
  .text                  ro code  0x080035d8    0x16  GpioInput.o [1]
  .text                  ro code  0x080035f0    0x74  stm32f10x_spi.o [1]
  .rodata                const    0x08003664   0x1e0  Nokia5110LCD.o [1]
  .text                  ro code  0x08003844   0x158  system_stm32f10x.o [1]
  .text                  ro code  0x0800399c    0x9c  main.o [1]
  .text                  ro code  0x08003a38    0x84  HwButtonIntr.o [1]
  .rodata                const    0x08003abc    0x4c  UIApp.o [1]
  .rodata                const    0x08003b08    0x4c  UIApp.o [1]
  .rodata                const    0x08003b54    0x4c  UIApp.o [1]
  .rodata                const    0x08003ba0    0x4c  UIApp.o [1]
  .rodata                const    0x08003bec    0x4c  UIApp.o [1]
  .text                  ro code  0x08003c38    0x40  zero_init3.o [6]
  .rodata                const    0x08003c78    0x34  GpioInput.o [1]
  .rodata                const    0x08003cac    0x34  GpioOutput.o [1]
  .rodata                const    0x08003ce0    0x34  HwButtonIntr.o [1]
  .rodata                const    0x08003d14    0x34  I2CDriver.o [1]
  .rodata                const    0x08003d48    0x34  Led.o [1]
  .rodata                const    0x08003d7c    0x34  SpiDriver.o [1]
  .text                  ro code  0x08003db0    0x2c  copy_init3.o [6]
  .text                  ro code  0x08003ddc    0x28  data_init.o [6]
  .iar.init_table        const    0x08003e04    0x28  - Linker created -
  .text                  ro code  0x08003e2c    0x20  cmain_call_ctors.o [6]
  .text                  ro code  0x08003e4c    0x1e  cmain.o [6]
  .text                  ro code  0x08003e6a     0x4  low_level_init.o [3]
  .text                  ro code  0x08003e6e     0x4  exit.o [3]
  .text                  ro code  0x08003e74     0xe  cexit.o [6]
  .text                  ro code  0x08003e84    0x14  exit.o [7]
  .rodata                const    0x08003e98    0x18  ControlScreen.o [1]
  .rodata                const    0x08003eb0    0x18  Screen.o [1]
  Initializer bytes      const    0x08003ec8    0x18  <for P2-1>
  .rodata                const    0x08003ee0    0x10  INA219.o [1]
  .rodata                const    0x08003ef0    0x10  Nokia5110LCD.o [1]
  .rodata                const    0x08003f00    0x10  UI.o [1]
  .text                  ro code  0x08003f10    0x10  startup_stm32f10x_md.o [1]
  .text                  ro code  0x08003f20    0x10  stm32f10x_it.o [1]
  .text                  ro code  0x08003f30     0xc  cstartup_M.o [6]
  .text                  ro code  0x08003f3c     0xa  ControlScreen.o [1]
  .rodata                const    0x08003f48     0x8  UIApp.o [1]
  .rodata                const    0x08003f50     0x8  UIApp.o [1]
  .rodata                const    0x08003f58     0x8  UIApp.o [1]
  .text                  ro code  0x08003f60     0x4  startup_stm32f10x_md.o [1]
  .text                  ro code  0x08003f64     0x4  startup_stm32f10x_md.o [1]
  .text                  ro code  0x08003f68     0x4  startup_stm32f10x_md.o [1]
  .text                  ro code  0x08003f6c     0x4  startup_stm32f10x_md.o [1]
  .text                  ro code  0x08003f70     0x4  startup_stm32f10x_md.o [1]
  .text                  ro code  0x08003f74     0x4  startup_stm32f10x_md.o [1]
  .text                  ro code  0x08003f78     0x4  startup_stm32f10x_md.o [1]
  .text                  ro code  0x08003f7c     0x4  startup_stm32f10x_md.o [1]
  .text                  ro code  0x08003f80     0x4  startup_stm32f10x_md.o [1]
  .text                  ro code  0x08003f84     0x4  startup_stm32f10x_md.o [1]
  .text                  ro code  0x08003f88     0x4  startup_stm32f10x_md.o [1]
  .text                  ro code  0x08003f8c     0x4  startup_stm32f10x_md.o [1]
  .text                  ro code  0x08003f90     0x4  startup_stm32f10x_md.o [1]
  .text                  ro code  0x08003f94     0x4  startup_stm32f10x_md.o [1]
  .text                  ro code  0x08003f98     0x4  startup_stm32f10x_md.o [1]
  .text                  ro code  0x08003f9c     0x4  startup_stm32f10x_md.o [1]
  .text                  ro code  0x08003fa0     0x4  startup_stm32f10x_md.o [1]
  .text                  ro code  0x08003fa4     0x4  startup_stm32f10x_md.o [1]
  .text                  ro code  0x08003fa8     0x4  startup_stm32f10x_md.o [1]
  .text                  ro code  0x08003fac     0x4  startup_stm32f10x_md.o [1]
  .text                  ro code  0x08003fb0     0x4  startup_stm32f10x_md.o [1]
  .text                  ro code  0x08003fb4     0x4  startup_stm32f10x_md.o [1]
  .text                  ro code  0x08003fb8     0x4  startup_stm32f10x_md.o [1]
  .text                  ro code  0x08003fbc     0x4  startup_stm32f10x_md.o [1]
  .text                  ro code  0x08003fc0     0x4  startup_stm32f10x_md.o [1]
  .text                  ro code  0x08003fc4     0x4  startup_stm32f10x_md.o [1]
  .text                  ro code  0x08003fc8     0x4  startup_stm32f10x_md.o [1]
  .text                  ro code  0x08003fcc     0x4  startup_stm32f10x_md.o [1]
  .text                  ro code  0x08003fd0     0x4  startup_stm32f10x_md.o [1]
  .text                  ro code  0x08003fd4     0x4  startup_stm32f10x_md.o [1]
  .text                  ro code  0x08003fd8     0x4  startup_stm32f10x_md.o [1]
  .text                  ro code  0x08003fdc     0x4  startup_stm32f10x_md.o [1]
  .text                  ro code  0x08003fe0     0x4  startup_stm32f10x_md.o [1]
  .text                  ro code  0x08003fe4     0x4  startup_stm32f10x_md.o [1]
  .text                  ro code  0x08003fe8     0x4  startup_stm32f10x_md.o [1]
  .text                  ro code  0x08003fec     0x4  startup_stm32f10x_md.o [1]
  SHT$$PREINIT_ARRAY              0x08003ff0     0x0  <Block>
  SHT$$INIT_ARRAY                 0x08003ff0     0x4  <Block>
    .init_array          const    0x08003ff0     0x4  UIApp.o [1]
  __iar_tls$$INIT_ARRAY           0x08003ff4     0x0  <Block>
  .text                  ro code  0x08003ff4     0x0  cstart_call_dtors.o [6]
  .rodata                const    0x08003ff4     0x0  zero_init3.o [6]
  .rodata                const    0x08003ff4     0x0  copy_init3.o [6]
                                - 0x08003ff4  0x3f08

"P2", part 1 of 3:                              0x18
  P2-1                            0x20000000    0x15  <Init block>
    .data                inited   0x20000000    0x10  stm32f10x_rcc.o [1]
    .data                inited   0x20000010     0x4  stm32f10x_rcc.o [1]
    .data                inited   0x20000014     0x1  UIApp.o [1]
                                - 0x20000015    0x15

"P2", part 2 of 3:                             0x580
  .bss                   zero     0x20000018    0xd0  UIApp.o [1]
  .bss                   zero     0x200000e8    0xd0  UIApp.o [1]
  .bss                   zero     0x200001b8    0x9c  UIApp.o [1]
  .bss                   zero     0x20000254    0x4c  UIApp.o [1]
  .bss                   zero     0x200002a0    0x4c  UIApp.o [1]
  .bss                   zero     0x200002ec    0x4c  UIApp.o [1]
  .bss                   zero     0x20000338    0x30  UIApp.o [1]
  .bss                   zero     0x20000368    0x2c  UIApp.o [1]
  .bss                   zero     0x20000394    0x20  Nokia5110LCD.o [1]
  .bss                   zero     0x200003b4    0x18  UIApp.o [1]
  .bss                   zero     0x200003cc    0x18  UIApp.o [1]
  .bss                   zero     0x200003e4    0x18  UIApp.o [1]
  .bss                   zero     0x200003fc    0x14  Nokia5110LCD.o [1]
  .bss                   zero     0x20000410    0x14  Nokia5110LCD.o [1]
  .bss                   zero     0x20000424    0x14  Nokia5110LCD.o [1]
  .bss                   zero     0x20000438    0x14  SpiDriver.o [1]
  .bss                   zero     0x2000044c     0xc  UIApp.o [1]
  .bss                   zero     0x20000458     0xc  UIApp.o [1]
  .bss                   zero     0x20000464     0xc  UIApp.o [1]
  .bss                   zero     0x20000470     0x4  ClockManager.o [1]
  .bss                   zero     0x20000474     0x4  HwButtonIntr.o [1]
  .bss                   zero     0x20000478     0x4  HwButtonIntr.o [1]
  .bss                   zero     0x2000047c     0x4  HwButtonIntr.o [1]
  .bss                   zero     0x20000480     0x4  InterruptManager.o [1]
  .bss                   zero     0x20000484     0x4  InterruptManager.o [1]
  .bss                   zero     0x20000488     0x4  InterruptManager.o [1]
  .bss                   zero     0x2000048c     0x4  InterruptManager.o [1]
  .bss                   zero     0x20000490     0x4  InterruptManager.o [1]
  .bss                   zero     0x20000494     0x4  InterruptManager.o [1]
  .bss                   zero     0x20000498     0x4  InterruptManager.o [1]
  .bss                   zero     0x2000049c     0x4  InterruptManager.o [1]
  .bss                   zero     0x200004a0     0x4  InterruptManager.o [1]
  .bss                   zero     0x200004a4     0x4  InterruptManager.o [1]
  .bss                   zero     0x200004a8     0x4  InterruptManager.o [1]
  .bss                   zero     0x200004ac     0x4  InterruptManager.o [1]
  .bss                   zero     0x200004b0     0x4  InterruptManager.o [1]
  .bss                   zero     0x200004b4     0x4  InterruptManager.o [1]
  .bss                   zero     0x200004b8     0x4  InterruptManager.o [1]
  .bss                   zero     0x200004bc     0x4  InterruptManager.o [1]
  .bss                   zero     0x200004c0     0x4  InterruptManager.o [1]
  .bss                   zero     0x200004c4     0x4  InterruptManager.o [1]
  .bss                   zero     0x200004c8     0x4  InterruptManager.o [1]
  .bss                   zero     0x200004cc     0x4  InterruptManager.o [1]
  .bss                   zero     0x200004d0     0x4  InterruptManager.o [1]
  .bss                   zero     0x200004d4     0x4  InterruptManager.o [1]
  .bss                   zero     0x200004d8     0x4  InterruptManager.o [1]
  .bss                   zero     0x200004dc     0x4  InterruptManager.o [1]
  .bss                   zero     0x200004e0     0x4  InterruptManager.o [1]
  .bss                   zero     0x200004e4     0x4  InterruptManager.o [1]
  .bss                   zero     0x200004e8     0x4  InterruptManager.o [1]
  .bss                   zero     0x200004ec     0x4  InterruptManager.o [1]
  .bss                   zero     0x200004f0     0x4  InterruptManager.o [1]
  .bss                   zero     0x200004f4     0x4  InterruptManager.o [1]
  .bss                   zero     0x200004f8     0x4  InterruptManager.o [1]
  .bss                   zero     0x200004fc     0x4  InterruptManager.o [1]
  .bss                   zero     0x20000500     0x4  InterruptManager.o [1]
  .bss                   zero     0x20000504     0x4  InterruptManager.o [1]
  .bss                   zero     0x20000508     0x4  InterruptManager.o [1]
  .bss                   zero     0x2000050c     0x4  InterruptManager.o [1]
  .bss                   zero     0x20000510     0x4  InterruptManager.o [1]
  .bss                   zero     0x20000514     0x4  InterruptManager.o [1]
  .bss                   zero     0x20000518     0x4  InterruptManager.o [1]
  .bss                   zero     0x2000051c     0x4  InterruptManager.o [1]
  .bss                   zero     0x20000520     0x4  InterruptManager.o [1]
  .bss                   zero     0x20000524     0x4  InterruptManager.o [1]
  .bss                   zero     0x20000528     0x4  InterruptManager.o [1]
  .bss                   zero     0x2000052c     0x4  InterruptManager.o [1]
  .bss                   zero     0x20000530     0x4  InterruptManager.o [1]
  .bss                   zero     0x20000534     0x4  InterruptManager.o [1]
  .bss                   zero     0x20000538     0x4  InterruptManager.o [1]
  .bss                   zero     0x2000053c     0x4  InterruptManager.o [1]
  .bss                   zero     0x20000540     0x4  InterruptManager.o [1]
  .bss                   zero     0x20000544     0x4  InterruptManager.o [1]
  .bss                   zero     0x20000548     0x4  InterruptManager.o [1]
  .bss                   zero     0x2000054c     0x4  InterruptManager.o [1]
  .bss                   zero     0x20000550     0x4  InterruptManager.o [1]
  .bss                   zero     0x20000554     0x4  InterruptManager.o [1]
  .bss                   zero     0x20000558     0x4  InterruptManager.o [1]
  .bss                   zero     0x2000055c     0x4  InterruptManager.o [1]
  .bss                   zero     0x20000560     0x4  InterruptManager.o [1]
  .bss                   zero     0x20000564     0x4  InterruptManager.o [1]
  .bss                   zero     0x20000568     0x4  InterruptManager.o [1]
  .bss                   zero     0x2000056c     0x4  InterruptManager.o [1]
  .bss                   zero     0x20000570     0x4  InterruptManager.o [1]
  .bss                   zero     0x20000574     0x4  InterruptManager.o [1]
  .bss                   zero     0x20000578     0x4  SysTickTimer.o [1]
  .bss                   zero     0x2000057c     0x4  cppinit.o [3]
  .bss                   zero     0x20000580     0x4  cppinit.o [3]
  .bss                   zero     0x20000584     0x2  HwButtonIntr.o [1]
  .bss                   zero     0x20000586     0x1  ClockManager.o [1]
  .bss                   zero     0x20000587     0x1  HwButtonIntr.o [1]
  .bss                   zero     0x20000588     0x1  InterruptManager.o [1]
  .bss                   zero     0x20000589     0x1  InterruptManager.o [1]
  .bss                   zero     0x2000058a     0x1  Nokia5110LCD.o [1]
  .bss                   zero     0x2000058b     0x1  Nokia5110LCD.o [1]
  .bss                   zero     0x2000058c     0x1  Nokia5110LCD.o [1]
  .bss                   zero     0x2000058d     0x1  Nokia5110LCD.o [1]
  .bss                   zero     0x2000058e     0x1  SpiDriver.o [1]
  .bss                   zero     0x2000058f     0x1  UI.o [1]
  .bss                   zero     0x20000590     0x1  UI.o [1]
  .bss                   zero     0x20000591     0x1  UI.o [1]
  .bss                   zero     0x20000592     0x1  UIApp.o [1]
  .bss                   zero     0x20000593     0x1  UIApp.o [1]
  .bss                   zero     0x20000594     0x1  UIApp.o [1]
  .bss                   zero     0x20000595     0x1  UIApp.o [1]
                                - 0x20000596   0x57e

"P2", part 3 of 3:                             0x9d8
  .iar.dynexit                    0x20000598   0x1d4  <Block>
    .iar.dynexit         uninit   0x20000598     0xc  cppinit.o [3]
    .iar.dynexit         uninit   0x200005a4   0x1c8  <Block tail>
  CSTACK                          0x20000770   0x800  <Block>
    CSTACK               uninit   0x20000770   0x800  <Block tail>
                                - 0x20000f70   0x9d8


*******************************************************************************
*** INIT TABLE
***

          Address     Size
          -------     ----
Zero (__iar_zero_init3)
    1 destination range, total size 0x57e:
          0x20000018  0x57e

Copy (__iar_copy_init3)
    1 source range, total size 0x18 (114% of destination):
          0x08003ec8   0x18
    1 destination range, total size 0x15:
          0x20000000   0x15

Extra (__iar_cstart_call_ctors)



*******************************************************************************
*** MODULE SUMMARY
***

    Module                  ro code  ro data  rw data
    ------                  -------  -------  -------
C:\Users\Amit Chaudhary\Desktop\IAR\PowerMonitor\Debug\Obj: [1]
    ClockManager.o              106                 5
    ControlScreen.o             380       24
    GpioInput.o                 798       52
    GpioOutput.o                246       52
    HwButtonIntr.o              816       52       15
    I2CDriver.o               1 312       52
    INA219.o                    414       16
    InterruptManager.o        1 844               250
    Led.o                        32       52
    Nokia5110LCD.o              708      496       96
    Screen.o                    226       24
    SpiDriver.o                 668       52       21
    SysTickTimer.o              224                 4
    UI.o                        232       16        3
    UIApp.o                   1 362      409    1 005
    main.o                      156
    misc.o                      184
    startup_stm32f10x_md.o      396
    stm32f10x_exti.o            192
    stm32f10x_gpio.o            304
    stm32f10x_i2c.o             486
    stm32f10x_it.o               16
    stm32f10x_rcc.o             732       20       20
    stm32f10x_spi.o             116
    system_stm32f10x.o          344
    -------------------------------------------------
    Total:                   12 294    1 317    1 419

command line: [2]
    -------------------------------------------------
    Total:

dl7M_tln.a: [3]
    cppinit.o                   160                20
    exit.o                        4
    low_level_init.o              4
    -------------------------------------------------
    Total:                      168                20

dlpp7M_tl_nc.a: [4]
    cxxabi.o                     10
    -------------------------------------------------
    Total:                       10

m7M_tl.a: [5]
    DblCmpEq.o                   32
    DblDiv.o                    582
    DblMul.o                    418
    DblToFlt.o                  104
    FltAdd.o                    214
    FltCmpLe.o                   36
    FltDiv.o                    252
    FltSub.o                    128
    FltToDbl.o                   72
    FltToS32.o                   42
    S32ToDbl.o                   34
    S32ToFlt.o                   36
    U32ToFlt.o                   28
    -------------------------------------------------
    Total:                    1 978

rt7M_tl.a: [6]
    ABImemcpy.o                 166
    ABImemset.o                 102
    cexit.o                      14
    cmain.o                      30
    cmain_call_ctors.o           32
    copy_init3.o                 44
    cstart_call_dtors.o
    cstartup_M.o                 12
    data_init.o                  40
    zero_init3.o                 64
    -------------------------------------------------
    Total:                      504

shb_l.a: [7]
    exit.o                       20
    unwind_debug.o                         1
    -------------------------------------------------
    Total:                       20        1

    Gaps                         35        2
    Linker created                        43    2 504
-----------------------------------------------------
    Grand Total:             15 009    1 363    3 943


*******************************************************************************
*** ENTRY LIST
***

Entry                      Address   Size  Type      Object
-----                      -------   ----  ----      ------
.iar.dynexit$$Base      0x20000598          --   Gb  - Linker created -
.iar.dynexit$$Limit     0x2000076c          --   Gb  - Linker created -
.iar.init_table$$Base   0x08003e04          --   Gb  - Linker created -
.iar.init_table$$Limit  0x08003e2c          --   Gb  - Linker created -
?main                   0x08003e4d         Code  Gb  cmain.o [6]
ADCPrescTable           0x20000010    0x4  Data  Lc  stm32f10x_rcc.o [1]
APBAHBPrescTable        0x20000000   0x10  Data  Lc  stm32f10x_rcc.o [1]
App::ClickEvent()       0x08001901    0x8  Code  Gb  UIApp.o [1]
App::CreateUI()         0x0800161b  0x10a  Code  Gb  UIApp.o [1]
App::HwButton_A2        0x200001b8   0x9c  Data  Gb  UIApp.o [1]
App::INA219_I2C         0x200003b4   0x18  Data  Gb  UIApp.o [1]
App::INA219_Obj         0x200003cc   0x18  Data  Gb  UIApp.o [1]
App::Line0Menu0LongLongTouchHandler()
                        0x08001955   0x16  Code  Gb  UIApp.o [1]
App::Line0Menu0LongTouchHandler()
                        0x08001919    0xa  Code  Gb  UIApp.o [1]
App::Line1AaravLongTouchHandler()
                        0x08001925    0xc  Code  Gb  UIApp.o [1]
App::Line2TanyaLongTouchHandler()
                        0x08001931    0xc  Code  Gb  UIApp.o [1]
App::Line5Menu0LongTouchHandler()
                        0x0800193d    0xc  Code  Gb  UIApp.o [1]
App::Line5MenuScreenLongTouchHandler()
                        0x08001949    0xc  Code  Gb  UIApp.o [1]
App::LongLongPressEvent()
                        0x08001911    0x8  Code  Gb  UIApp.o [1]
App::LongPressEvent()   0x08001909    0x8  Code  Gb  UIApp.o [1]
App::MyUI               0x20000338   0x30  Data  Gb  UIApp.o [1]
App::Nokia5110LCD::Clear()
                        0x08001ded   0x26  Code  Gb  Nokia5110LCD.o [1]
App::Nokia5110LCD::DisplayInit()
                        0x08001d59   0x5e  Code  Gb  Nokia5110LCD.o [1]
App::Nokia5110LCD::DrawBuffer(char *)
                        0x08001f21   0x24  Code  Gb  Nokia5110LCD.o [1]
App::Nokia5110LCD::DrawLine(unsigned char, unsigned char, char const *)
                        0x08001e99   0x60  Code  Gb  Nokia5110LCD.o [1]
App::Nokia5110LCD::DrawString(char const *)
                        0x08001e7f   0x1a  Code  Gb  Nokia5110LCD.o [1]
App::Nokia5110LCD::GoToXY(int, int)
                        0x08001e13   0x28  Code  Gb  Nokia5110LCD.o [1]
App::Nokia5110LCD::HwInit()
                        0x08001cad   0xac  Code  Gb  Nokia5110LCD.o [1]
App::Nokia5110LCD::HwInit()::BackLightGpio
                        0x20000424   0x14  Data  Lc  Nokia5110LCD.o [1]
App::Nokia5110LCD::HwInit()::DataCommandSelectGpio
                        0x200003fc   0x14  Data  Lc  Nokia5110LCD.o [1]
App::Nokia5110LCD::HwInit()::ResetPinGpio
                        0x20000410   0x14  Data  Lc  Nokia5110LCD.o [1]
App::Nokia5110LCD::HwInit()::SpiDriverLCD
                        0x20000394   0x20  Data  Lc  Nokia5110LCD.o [1]
App::Nokia5110LCD::HwInit()::static guard for BackLightGpio
                        0x2000058d    0x1  Data  Lc  Nokia5110LCD.o [1]
App::Nokia5110LCD::HwInit()::static guard for DataCommandSelectGpio
                        0x2000058b    0x1  Data  Lc  Nokia5110LCD.o [1]
App::Nokia5110LCD::HwInit()::static guard for ResetPinGpio
                        0x2000058c    0x1  Data  Lc  Nokia5110LCD.o [1]
App::Nokia5110LCD::HwInit()::static guard for SpiDriverLCD
                        0x2000058a    0x1  Data  Lc  Nokia5110LCD.o [1]
App::Nokia5110LCD::LCDCharacter(char)
                        0x08001e3b   0x44  Code  Gb  Nokia5110LCD.o [1]
App::Nokia5110LCD::Nokia5110LCD(Bsp::SpiDriver::SpiInstance_t, GPIO_TypeDef *, unsigned short, GPIO_TypeDef *, unsigned short, GPIO_TypeDef *, unsigned short)
                        0x08001c81   0x2c  Code  Gb  Nokia5110LCD.o [1]
App::Nokia5110LCD::Write(App::Nokia5110LCD::DC_t, unsigned char)
                        0x08001db7   0x36  Code  Gb  Nokia5110LCD.o [1]
App::NokiaLCD           0x20000368   0x2c  Data  Gb  UIApp.o [1]
App::RunUI()            0x08001725   0xa4  Code  Gb  UIApp.o [1]
App::UI::ActiveScreen   0x2000058f    0x1  Data  Gb  UI.o [1]
App::UI::AddScreen(Bsp::Screen *)
                        0x08002423   0x26  Code  Gb  UIApp.o [1]
App::UI::DisplayScreen()
                        0x08002167   0x68  Code  Gb  UI.o [1]
App::UI::EventHamdler(Bsp::Screen::Event_t &)
                        0x08002129   0x3e  Code  Gb  UI.o [1]
App::UI::GoToNextScreen()
                        0x080034b1   0x34  Code  Gb  Screen.o [1]
App::UI::GoToPreviousScreen()
                        0x080034a1   0x10  Code  Gb  Screen.o [1]
App::UI::Init()         0x080020f5   0x34  Code  Gb  UI.o [1]
App::UI::PreviousActiveScreen
                        0x20000591    0x1  Data  Gb  UI.o [1]
App::UI::Run()          0x08002449    0x8  Code  Gb  UIApp.o [1]
App::UI::SetActiveScreen(unsigned char)
                        0x080029dd   0x18  Code  Gb  UIApp.o [1]
App::UI::TotalRegisteredScreens
                        0x20000590    0x1  Data  Gb  UI.o [1]
App::UI::UI(App::Nokia5110LCD *)
                        0x080020f1    0x4  Code  Gb  UI.o [1]
App::aCurrent           0x2000044c    0xc  Data  Gb  UIApp.o [1]
App::aVoltage           0x20000458    0xc  Data  Gb  UIApp.o [1]
App::ftoa(float, char *, int)
                        0x08001823   0xde  Code  Gb  UIApp.o [1]
App::gEvent             0x20000014    0x1  Data  Gb  UIApp.o [1]
App::intToStr(int, char *, int)
                        0x080017e5   0x3e  Code  Gb  UIApp.o [1]
App::reverse(char *, int)
                        0x080017c9   0x1c  Code  Gb  UIApp.o [1]
Bsp::ClockManager::GetInstance()
                        0x08000ec1   0x14  Code  Gb  ClockManager.o [1]
Bsp::ClockManager::GetInstance(){1}::ClockManager_Instance
                        0x20000586    0x1  Data  Lc  ClockManager.o [1]
Bsp::ClockManager::PeripheralClockEnable(Bsp::ClockManager::Peripheral_t)
                        0x08000edd   0x4e  Code  Gb  ClockManager.o [1]
Bsp::ClockManager::m_pClockManager
                        0x20000470    0x4  Data  Gb  ClockManager.o [1]
Bsp::ControlScreen::AddHandler(unsigned char, void (*)(), void (*)())
                        0x08002259   0x30  Code  Gb  ControlScreen.o [1]
Bsp::ControlScreen::AddText(char *)
                        0x0800240b   0x18  Code  Gb  UIApp.o [1]
Bsp::ControlScreen::ControlScreen()
                        0x080021f9   0x40  Code  Gb  ControlScreen.o [1]
Bsp::ControlScreen::EventHandler(Bsp::Screen::Event_t)
                        0x08002289   0x60  Code  Gb  ControlScreen.o [1]
Bsp::ControlScreen::GetScreenTextArray()
                        0x08003f3d    0xa  Code  Gb  ControlScreen.o [1]
Bsp::ControlScreen::MovePointer(Bsp::ControlScreen::Direction_t)
                        0x080022e9   0x82  Code  Gb  ControlScreen.o [1]
Bsp::ControlScreen::~ControlScreen()
                        0x08002239   0x1a  Code  Gb  ControlScreen.o [1]
Bsp::GpioInput::ConfigureInterrupt()
                        0x08002cf1   0x30  Code  Gb  GpioInput.o [1]
Bsp::GpioInput::EnableInterrupt()
                        0x080035d9   0x16  Code  Gb  GpioInput.o [1]
Bsp::GpioInput::ExtLineInterruptConfig()
                        0x08002d21   0x80  Code  Gb  GpioInput.o [1]
Bsp::GpioInput::GpioInput(GPIO_TypeDef *, unsigned short, void (*)(), Bsp::GpioInput::IntOnWhichEdge, Bsp::GpioInput::EXTIMode)
                        0x08002ad7   0x2c  Code  Gb  GpioInput.o [1]
Bsp::GpioInput::GpioInput(GPIO_TypeDef *, unsigned short, void (*)(), Bsp::GpioInput::IntOnWhichEdge, Bsp::GpioInput::EXTIMode) [subobject]
                        0x08002ac1   0x16  Code  Gb  GpioInput.o [1]
Bsp::GpioInput::HwInit()
                        0x08002c6f   0x82  Code  Gb  GpioInput.o [1]
Bsp::GpioInput::MapPin2ExtLine()
                        0x08002b03   0xb6  Code  Gb  GpioInput.o [1]
Bsp::GpioInput::MapPin2PinSource()
                        0x08002bb9   0xb6  Code  Gb  GpioInput.o [1]
Bsp::GpioOutput::ClearOutput()
                        0x08003173    0xe  Code  Gb  SpiDriver.o [1]
Bsp::GpioOutput::GpioOutput(GPIO_TypeDef *, unsigned short)
                        0x08003087   0x1c  Code  Gb  GpioOutput.o [1]
Bsp::GpioOutput::GpioOutput(GPIO_TypeDef *, unsigned short) [subobject]
                        0x0800307d    0xa  Code  Gb  GpioOutput.o [1]
Bsp::GpioOutput::HwInit()
                        0x080030a3   0x86  Code  Gb  GpioOutput.o [1]
Bsp::GpioOutput::SetOutput()
                        0x08003181    0xe  Code  Gb  SpiDriver.o [1]
Bsp::GpioOutput::ToggleOutput()
                        0x08003149   0x2a  Code  Gb  GpioOutput.o [1]
Bsp::HwButtonIntr::ClearEvent(Bsp::HwButtonIntr::BtnEvent_t)
                        0x08002df3   0x10  Code  Gb  HwButtonIntr.o [1]
Bsp::HwButtonIntr::EventHandler()
                        0x08001ba5   0xb2  Code  Gb  HwButtonIntr.o [1]
Bsp::HwButtonIntr::HwButtonIntr(GPIO_TypeDef *, unsigned short, Bsp::GpioInput::IntOnWhichEdge, Bsp::GpioInput::EXTIMode)
                        0x08001a09   0x5c  Code  Gb  HwButtonIntr.o [1]
Bsp::HwButtonIntr::HwInit()
                        0x08001a65    0xa  Code  Gb  HwButtonIntr.o [1]
Bsp::HwButtonIntr::ISR()
                        0x08003a39   0x84  Code  Gb  HwButtonIntr.o [1]
Bsp::HwButtonIntr::RegisterEventHandler(Bsp::HwButtonIntr::BtnEvent_t, void (*)())
                        0x08001c57   0x28  Code  Gb  HwButtonIntr.o [1]
Bsp::HwButtonIntr::RunStateMachine()
                        0x08001a6f  0x116  Code  Gb  HwButtonIntr.o [1]
Bsp::HwButtonIntr::RunStateMachine()::ElapsedTime
                        0x20000474    0x4  Data  Lc  HwButtonIntr.o [1]
Bsp::HwButtonIntr::RunStateMachine(){1}{10}::LastClickStateEntered
                        0x20000478    0x4  Data  Lc  HwButtonIntr.o [1]
Bsp::HwButtonIntr::RunStateMachine(){1}{10}::temp
                        0x2000047c    0x4  Data  Lc  HwButtonIntr.o [1]
Bsp::HwButtonIntr::SetEvent(Bsp::HwButtonIntr::BtnEvent_t)
                        0x08002de5    0xe  Code  Gb  HwButtonIntr.o [1]
Bsp::HwButtonIntr::m_CurrentState
                        0x20000587    0x1  Data  Gb  HwButtonIntr.o [1]
Bsp::HwButtonIntr::m_Pin
                        0x20000584    0x2  Data  Gb  HwButtonIntr.o [1]
Bsp::I2CDriver::HwInit()
                        0x080009b5  0x1be  Code  Gb  I2CDriver.o [1]
Bsp::I2CDriver::I2CDriver(Bsp::I2CDriver::I2CInstance_t, void (*)(), Bsp::I2CDriver::I2CMode_t, Bsp::I2CDriver::I2CBaudRate_t)
                        0x08000999   0x1a  Code  Gb  I2CDriver.o [1]
Bsp::I2CDriver::Receive(unsigned char, unsigned char *, unsigned int)
                        0x08000c81  0x20a  Code  Gb  I2CDriver.o [1]
Bsp::I2CDriver::Send(unsigned char, unsigned char *, unsigned int)
                        0x08000b73  0x10e  Code  Gb  I2CDriver.o [1]
Bsp::I2CDriver::~I2CDriver()
                        0x080009b3    0x2  Code  Gb  I2CDriver.o [1]
Bsp::INA219::GetBusVoltage_V()
                        0x0800206d   0x1a  Code  Gb  INA219.o [1]
Bsp::INA219::GetBusVoltage_raw()
                        0x08002031   0x1a  Code  Gb  INA219.o [1]
Bsp::INA219::GetCurrent_mA()
                        0x08002099   0x20  Code  Gb  INA219.o [1]
Bsp::INA219::GetCurrent_raw()
                        0x0800204b   0x22  Code  Gb  INA219.o [1]
Bsp::INA219::GetPower_mW()
                        0x080020b9   0x36  Code  Gb  INA219.o [1]
Bsp::INA219::INA219(Bsp::I2CDriver *, unsigned char)
                        0x08001f51    0xa  Code  Gb  INA219.o [1]
Bsp::INA219::ReadRegister(unsigned char, unsigned short *)
                        0x08001fc7   0x3a  Code  Gb  INA219.o [1]
Bsp::INA219::Run(Bsp::INA219::Power_t *)
                        0x08001f5d   0x46  Code  Gb  INA219.o [1]
Bsp::INA219::SetCalibration_32V_2A()
                        0x08002001   0x30  Code  Gb  INA219.o [1]
Bsp::INA219::WriteRegister(unsigned char, unsigned short)
                        0x08001fa3   0x24  Code  Gb  INA219.o [1]
Bsp::INA219::~INA219()  0x08001f5b    0x2  Code  Gb  INA219.o [1]
Bsp::InterruptManager::Enable_Interrupt(Bsp::InterruptManager::IRQn)
                        0x080004b7   0x30  Code  Gb  InterruptManager.o [1]
Bsp::InterruptManager::GetInstance()
                        0x08000489   0x2e  Code  Gb  InterruptManager.o [1]
Bsp::InterruptManager::GetInstance(){1}::InterruptManager_Instance
                        0x20000589    0x1  Data  Lc  InterruptManager.o [1]
Bsp::InterruptManager::GetInstance(){1}::static guard for InterruptManager_Instance
                        0x20000588    0x1  Data  Lc  InterruptManager.o [1]
Bsp::InterruptManager::NVIC_Config(Bsp::InterruptManager::IRQn, unsigned char, unsigned char)
                        0x080004e7   0x38  Code  Gb  InterruptManager.o [1]
Bsp::InterruptManager::RegisterInterrupt(Bsp::InterruptManager::IRQn, void (*)())
                        0x080000ed  0x39c  Code  Gb  InterruptManager.o [1]
Bsp::InterruptManager::m_ADC1_2_IRQHandler
                        0x200004ec    0x4  Data  Gb  InterruptManager.o [1]
Bsp::InterruptManager::m_BusFault_Handler
                        0x20000490    0x4  Data  Gb  InterruptManager.o [1]
Bsp::InterruptManager::m_CAN1_RX1_IRQHandler
                        0x200004f8    0x4  Data  Gb  InterruptManager.o [1]
Bsp::InterruptManager::m_CAN1_SCE_IRQHandler
                        0x200004fc    0x4  Data  Gb  InterruptManager.o [1]
Bsp::InterruptManager::m_DMA1_Channel1_IRQHandler
                        0x200004d4    0x4  Data  Gb  InterruptManager.o [1]
Bsp::InterruptManager::m_DMA1_Channel2_IRQHandler
                        0x200004d8    0x4  Data  Gb  InterruptManager.o [1]
Bsp::InterruptManager::m_DMA1_Channel4_IRQHandler
                        0x200004dc    0x4  Data  Gb  InterruptManager.o [1]
Bsp::InterruptManager::m_DMA1_Channel5_IRQHandler
                        0x200004e0    0x4  Data  Gb  InterruptManager.o [1]
Bsp::InterruptManager::m_DMA1_Channel6_IRQHandler
                        0x200004e4    0x4  Data  Gb  InterruptManager.o [1]
Bsp::InterruptManager::m_DMA1_Channel7_IRQHandler
                        0x200004e8    0x4  Data  Gb  InterruptManager.o [1]
Bsp::InterruptManager::m_DebugMon_Handler
                        0x2000049c    0x4  Data  Gb  InterruptManager.o [1]
Bsp::InterruptManager::m_EXTI0_IRQHandler
                        0x200004c0    0x4  Data  Gb  InterruptManager.o [1]
Bsp::InterruptManager::m_EXTI10_IRQHandler
                        0x20000560    0x4  Data  Gb  InterruptManager.o [1]
Bsp::InterruptManager::m_EXTI11_IRQHandler
                        0x20000564    0x4  Data  Gb  InterruptManager.o [1]
Bsp::InterruptManager::m_EXTI12_IRQHandler
                        0x20000568    0x4  Data  Gb  InterruptManager.o [1]
Bsp::InterruptManager::m_EXTI13_IRQHandler
                        0x2000056c    0x4  Data  Gb  InterruptManager.o [1]
Bsp::InterruptManager::m_EXTI14_IRQHandler
                        0x20000570    0x4  Data  Gb  InterruptManager.o [1]
Bsp::InterruptManager::m_EXTI15_10_IRQHandler
                        0x20000540    0x4  Data  Gb  InterruptManager.o [1]
Bsp::InterruptManager::m_EXTI15_IRQHandler
                        0x20000574    0x4  Data  Gb  InterruptManager.o [1]
Bsp::InterruptManager::m_EXTI1_IRQHandler
                        0x200004c4    0x4  Data  Gb  InterruptManager.o [1]
Bsp::InterruptManager::m_EXTI2_IRQHandler
                        0x200004c8    0x4  Data  Gb  InterruptManager.o [1]
Bsp::InterruptManager::m_EXTI3_IRQHandler
                        0x200004cc    0x4  Data  Gb  InterruptManager.o [1]
Bsp::InterruptManager::m_EXTI4_IRQHandler
                        0x200004d0    0x4  Data  Gb  InterruptManager.o [1]
Bsp::InterruptManager::m_EXTI5_IRQHandler
                        0x2000054c    0x4  Data  Gb  InterruptManager.o [1]
Bsp::InterruptManager::m_EXTI6_IRQHandler
                        0x20000550    0x4  Data  Gb  InterruptManager.o [1]
Bsp::InterruptManager::m_EXTI7_IRQHandler
                        0x20000554    0x4  Data  Gb  InterruptManager.o [1]
Bsp::InterruptManager::m_EXTI8_IRQHandler
                        0x20000558    0x4  Data  Gb  InterruptManager.o [1]
Bsp::InterruptManager::m_EXTI9_5_IRQHandler
                        0x20000500    0x4  Data  Gb  InterruptManager.o [1]
Bsp::InterruptManager::m_EXTI9_IRQHandler
                        0x2000055c    0x4  Data  Gb  InterruptManager.o [1]
Bsp::InterruptManager::m_FLASH_IRQHandler
                        0x200004b8    0x4  Data  Gb  InterruptManager.o [1]
Bsp::InterruptManager::m_HardFault_Handler
                        0x20000488    0x4  Data  Gb  InterruptManager.o [1]
Bsp::InterruptManager::m_I2C1_ER_IRQHandler
                        0x20000520    0x4  Data  Gb  InterruptManager.o [1]
Bsp::InterruptManager::m_I2C2_ER_IRQHandler
                        0x20000528    0x4  Data  Gb  InterruptManager.o [1]
Bsp::InterruptManager::m_I2C2_EV_IRQHandler
                        0x20000524    0x4  Data  Gb  InterruptManager.o [1]
Bsp::InterruptManager::m_MemManage_Handler
                        0x2000048c    0x4  Data  Gb  InterruptManager.o [1]
Bsp::InterruptManager::m_NMI_Handler
                        0x20000484    0x4  Data  Gb  InterruptManager.o [1]
Bsp::InterruptManager::m_PVD_IRQHandler
                        0x200004ac    0x4  Data  Gb  InterruptManager.o [1]
Bsp::InterruptManager::m_PendSV_Handler
                        0x200004a0    0x4  Data  Gb  InterruptManager.o [1]
Bsp::InterruptManager::m_RCC_IRQHandler
                        0x200004bc    0x4  Data  Gb  InterruptManager.o [1]
Bsp::InterruptManager::m_RTCAlarm_IRQHandler
                        0x20000544    0x4  Data  Gb  InterruptManager.o [1]
Bsp::InterruptManager::m_RTC_IRQHandler
                        0x200004b4    0x4  Data  Gb  InterruptManager.o [1]
Bsp::InterruptManager::m_SPI1_IRQHandler
                        0x2000052c    0x4  Data  Gb  InterruptManager.o [1]
Bsp::InterruptManager::m_SPI2_IRQHandler
                        0x20000530    0x4  Data  Gb  InterruptManager.o [1]
Bsp::InterruptManager::m_SVC_Handler
                        0x20000498    0x4  Data  Gb  InterruptManager.o [1]
Bsp::InterruptManager::m_SysTick_Handler
                        0x200004a4    0x4  Data  Gb  InterruptManager.o [1]
Bsp::InterruptManager::m_TAMPER_IRQHandler
                        0x200004b0    0x4  Data  Gb  InterruptManager.o [1]
Bsp::InterruptManager::m_TIM1_BRK_IRQHandler
                        0x20000504    0x4  Data  Gb  InterruptManager.o [1]
Bsp::InterruptManager::m_TIM1_CC_IRQHandler
                        0x20000510    0x4  Data  Gb  InterruptManager.o [1]
Bsp::InterruptManager::m_TIM1_TRG_COM_IRQHandler
                        0x2000050c    0x4  Data  Gb  InterruptManager.o [1]
Bsp::InterruptManager::m_TIM1_UP_IRQHandler
                        0x20000508    0x4  Data  Gb  InterruptManager.o [1]
Bsp::InterruptManager::m_TIM2_IRQHandler
                        0x20000514    0x4  Data  Gb  InterruptManager.o [1]
Bsp::InterruptManager::m_TIM3_IRQHandler
                        0x20000518    0x4  Data  Gb  InterruptManager.o [1]
Bsp::InterruptManager::m_TIM4_IRQHandler
                        0x2000051c    0x4  Data  Gb  InterruptManager.o [1]
Bsp::InterruptManager::m_USART1_IRQHandler
                        0x20000534    0x4  Data  Gb  InterruptManager.o [1]
Bsp::InterruptManager::m_USART2_IRQHandler
                        0x20000538    0x4  Data  Gb  InterruptManager.o [1]
Bsp::InterruptManager::m_USART3_IRQHandler
                        0x2000053c    0x4  Data  Gb  InterruptManager.o [1]
Bsp::InterruptManager::m_USBWakeUp_IRQHandler
                        0x20000548    0x4  Data  Gb  InterruptManager.o [1]
Bsp::InterruptManager::m_USB_HP_CAN1_TX_IRQHandler
                        0x200004f0    0x4  Data  Gb  InterruptManager.o [1]
Bsp::InterruptManager::m_USB_LP_CAN1_RX0_IRQHandler
                        0x200004f4    0x4  Data  Gb  InterruptManager.o [1]
Bsp::InterruptManager::m_UsageFault_Handler
                        0x20000494    0x4  Data  Gb  InterruptManager.o [1]
Bsp::InterruptManager::m_WWDG_IRQHandler
                        0x200004a8    0x4  Data  Gb  InterruptManager.o [1]
Bsp::InterruptManager::m_pInterruptManager
                        0x20000480    0x4  Data  Gb  InterruptManager.o [1]
Bsp::Peripheral::GetInterruptManager()
                        0x080035d1    0x8  Code  Gb  GpioInput.o [1]
Bsp::PeripheralBase::GetClockManager()
                        0x08000eb9    0x8  Code  Gb  SpiDriver.o [1]
Bsp::Screen::AddText(char *)
                        0x0800239f    0xe  Code  Gb  Screen.o [1]
Bsp::Screen::EventHandler(Bsp::Screen::Event_t)
                        0x080023ef   0x1c  Code  Gb  Screen.o [1]
Bsp::Screen::GetScreenTextArray()
                        0x080034e5    0x4  Code  Gb  UIApp.o [1]
Bsp::Screen::Screen()   0x0800237d   0x18  Code  Gb  Screen.o [1]
Bsp::Screen::Screen() [subobject]
                        0x0800236d    0x8  Code  Gb  Screen.o [1]
Bsp::Screen::SetText(unsigned char, unsigned char, char const *, unsigned char)
                        0x080023ad   0x42  Code  Gb  Screen.o [1]
Bsp::Screen::~Screen()  0x0800239d    0x2  Code  Gb  Screen.o [1]
Bsp::Screen::~Screen() [subobject]
                        0x08002375    0x8  Code  Gb  Screen.o [1]
Bsp::SpiDriver::ChipSelect(Bsp::SpiDriver::ChipSelect_t)
                        0x08003031   0x18  Code  Gb  SpiDriver.o [1]
Bsp::SpiDriver::HwInit()
                        0x08002e29  0x1e4  Code  Gb  SpiDriver.o [1]
Bsp::SpiDriver::HwInit()::ChipSelectObj
                        0x20000438   0x14  Data  Lc  SpiDriver.o [1]
Bsp::SpiDriver::HwInit()::static guard for ChipSelectObj
                        0x2000058e    0x1  Data  Lc  SpiDriver.o [1]
Bsp::SpiDriver::SendByte(unsigned char)
                        0x08003049   0x34  Code  Gb  SpiDriver.o [1]
Bsp::SpiDriver::SpiDriver(Bsp::SpiDriver::SpiInstance_t, void (*)(), Bsp::SpiDriver::SpiMode_t, Bsp::SpiDriver::SpiBaudRate_t)
                        0x08002e05   0x24  Code  Gb  SpiDriver.o [1]
Bsp::SysTickTimer::DelayTicks(unsigned int)
                        0x08002a8d   0x34  Code  Gb  SysTickTimer.o [1]
Bsp::SysTickTimer::GetTicks()
                        0x08002dc1    0xc  Code  Gb  SysTickTimer.o [1]
Bsp::SysTickTimer::GetTicksSince(unsigned int)
                        0x08002dcd   0x18  Code  Gb  HwButtonIntr.o [1]
Bsp::SysTickTimer::HwInit(unsigned int)
                        0x08002a69   0x24  Code  Gb  SysTickTimer.o [1]
Bsp::SysTickTimer::IncrementTicks()
                        0x080035c1   0x10  Code  Gb  SysTickTimer.o [1]
Bsp::SysTickTimer::m_ticks
                        0x20000578    0x4  Data  Gb  SysTickTimer.o [1]
BusFault_Handler        0x08003f27    0x2  Code  Gb  stm32f10x_it.o [1]
CSTACK$$Base            0x20000770          --   Gb  - Linker created -
CSTACK$$Limit           0x20000f70          --   Gb  - Linker created -
DebugMon_Handler        0x08003f2d    0x2  Code  Gb  stm32f10x_it.o [1]
DtorRecArray            0x20000598    0xc  Data  Lc  cppinit.o [3]
EXTI0_IRQHandler        0x080006a3   0x18  Code  Gb  InterruptManager.o [1]
EXTI15_10_IRQHandler    0x080005c9   0xda  Code  Gb  InterruptManager.o [1]
EXTI1_IRQHandler        0x080006bb   0x18  Code  Gb  InterruptManager.o [1]
EXTI2_IRQHandler        0x080006d3   0x18  Code  Gb  InterruptManager.o [1]
EXTI3_IRQHandler        0x080006eb   0x18  Code  Gb  InterruptManager.o [1]
EXTI4_IRQHandler        0x08000703   0x18  Code  Gb  InterruptManager.o [1]
EXTI9_5_IRQHandler      0x0800051f   0xaa  Code  Gb  InterruptManager.o [1]
EXTI_ClearITPendingBit  0x0800097d    0x6  Code  Gb  stm32f10x_exti.o [1]
EXTI_GetITStatus        0x0800095d   0x20  Code  Gb  stm32f10x_exti.o [1]
EXTI_Init               0x080008d9   0x84  Code  Gb  stm32f10x_exti.o [1]
GPIO_EXTILineConfig     0x080012df   0x56  Code  Gb  stm32f10x_gpio.o [1]
GPIO_Init               0x08001209   0xc4  Code  Gb  stm32f10x_gpio.o [1]
GPIO_WriteBit           0x080012cd   0x12  Code  Gb  stm32f10x_gpio.o [1]
HardFault_Handler       0x08003f23    0x2  Code  Gb  stm32f10x_it.o [1]
I2C_AcknowledgeConfig   0x0800145d   0x1c  Code  Gb  stm32f10x_i2c.o [1]
I2C_CheckEvent          0x080014b9   0x24  Code  Gb  stm32f10x_i2c.o [1]
I2C_Cmd                 0x08001409   0x1c  Code  Gb  stm32f10x_i2c.o [1]
I2C_GenerateSTART       0x08001425   0x1c  Code  Gb  stm32f10x_i2c.o [1]
I2C_GenerateSTOP        0x08001441   0x1c  Code  Gb  stm32f10x_i2c.o [1]
I2C_GetFlagStatus       0x080014dd   0x42  Code  Gb  stm32f10x_i2c.o [1]
I2C_Init                0x08001339   0xc4  Code  Gb  stm32f10x_i2c.o [1]
I2C_PECPositionConfig   0x0800149b   0x1e  Code  Gb  stm32f10x_i2c.o [1]
I2C_ReceiveData         0x0800147f    0x6  Code  Gb  stm32f10x_i2c.o [1]
I2C_Send7bitAddress     0x08001485   0x16  Code  Gb  stm32f10x_i2c.o [1]
I2C_SendData            0x08001479    0x6  Code  Gb  stm32f10x_i2c.o [1]
Led::Led(GPIO_TypeDef *, unsigned short)
                        0x080021d9   0x1a  Code  Gb  Led.o [1]
Led::Toggle()           0x080029f5    0x8  Code  Gb  UIApp.o [1]
MemManage_Handler       0x08003f25    0x2  Code  Gb  stm32f10x_it.o [1]
NMI_Handler             0x08003f21    0x2  Code  Gb  stm32f10x_it.o [1]
NVIC_Init               0x0800082b   0x60  Code  Gb  misc.o [1]
NVIC_PriorityGroupConfig
                        0x08000821    0xa  Code  Gb  misc.o [1]
NVIC_SetVectorTable     0x0800088b    0xc  Code  Gb  misc.o [1]
PendSV_Handler          0x08003f2f    0x2  Code  Gb  stm32f10x_it.o [1]
RCC_AHBPeriphClockCmd   0x0800110b   0x20  Code  Gb  stm32f10x_rcc.o [1]
RCC_APB1PeriphClockCmd  0x0800114b   0x20  Code  Gb  stm32f10x_rcc.o [1]
RCC_APB1PeriphResetCmd  0x0800116b   0x20  Code  Gb  stm32f10x_rcc.o [1]
RCC_APB2PeriphClockCmd  0x0800112b   0x20  Code  Gb  stm32f10x_rcc.o [1]
RCC_DeInit              0x08000f2d   0x60  Code  Gb  stm32f10x_rcc.o [1]
RCC_GetClocksFreq       0x08001051   0xba  Code  Gb  stm32f10x_rcc.o [1]
RCC_GetFlagStatus       0x0800118b   0x3c  Code  Gb  stm32f10x_rcc.o [1]
RCC_GetSYSCLKSource     0x0800100f    0xa  Code  Gb  stm32f10x_rcc.o [1]
RCC_HCLKConfig          0x08001019   0x12  Code  Gb  stm32f10x_rcc.o [1]
RCC_HSEConfig           0x08000f8d   0x54  Code  Gb  stm32f10x_rcc.o [1]
RCC_PCLK1Config         0x0800102b   0x12  Code  Gb  stm32f10x_rcc.o [1]
RCC_PCLK2Config         0x0800103d   0x14  Code  Gb  stm32f10x_rcc.o [1]
RCC_PLLCmd              0x08000ff5    0x8  Code  Gb  stm32f10x_rcc.o [1]
RCC_PLLConfig           0x08000fe1   0x14  Code  Gb  stm32f10x_rcc.o [1]
RCC_SYSCLKConfig        0x08000ffd   0x12  Code  Gb  stm32f10x_rcc.o [1]
Region$$Table$$Base     0x08003e04          --   Gb  - Linker created -
Region$$Table$$Limit    0x08003e2c          --   Gb  - Linker created -
SHT$$INIT_ARRAY$$Base   0x08003ff0          --   Gb  - Linker created -
SHT$$INIT_ARRAY$$Limit  0x08003ff4          --   Gb  - Linker created -
SHT$$PREINIT_ARRAY$$Base
                        0x08003ff0          --   Gb  - Linker created -
SHT$$PREINIT_ARRAY$$Limit
                        0x08003ff0          --   Gb  - Linker created -
SPI_Cmd                 0x0800362f   0x1c  Code  Gb  stm32f10x_spi.o [1]
SPI_I2S_GetFlagStatus   0x08003653   0x12  Code  Gb  stm32f10x_spi.o [1]
SPI_I2S_ReceiveData     0x0800364f    0x4  Code  Gb  stm32f10x_spi.o [1]
SPI_I2S_SendData        0x0800364b    0x4  Code  Gb  stm32f10x_spi.o [1]
SPI_Init                0x080035f1   0x3e  Code  Gb  stm32f10x_spi.o [1]
SVC_Handler             0x08003f2b    0x2  Code  Gb  stm32f10x_it.o [1]
SysTick_CLKSourceConfig
                        0x08000897   0x20  Code  Gb  misc.o [1]
SysTick_Handler         0x08002a61    0x8  Code  Gb  SysTickTimer.o [1]
SystemInit              0x08003845   0x54  Code  Gb  system_stm32f10x.o [1]
UsageFault_Handler      0x08003f29    0x2  Code  Gb  stm32f10x_it.o [1]
Virtual function table for Bsp::ControlScreen
                        0x08003e98   0x18  Data  Gb  ControlScreen.o [1]
Virtual function table for Bsp::GpioInput
                        0x08003c78   0x34  Data  Gb  GpioInput.o [1]
Virtual function table for Bsp::GpioOutput
                        0x08003cac   0x34  Data  Gb  GpioOutput.o [1]
Virtual function table for Bsp::HwButtonIntr
                        0x08003ce0   0x34  Data  Gb  HwButtonIntr.o [1]
Virtual function table for Bsp::I2CDriver
                        0x08003d14   0x34  Data  Gb  I2CDriver.o [1]
Virtual function table for Bsp::INA219
                        0x08003ee0   0x10  Data  Gb  INA219.o [1]
Virtual function table for Bsp::Screen
                        0x08003eb0   0x18  Data  Gb  Screen.o [1]
Virtual function table for Bsp::SpiDriver
                        0x08003d7c   0x34  Data  Gb  SpiDriver.o [1]
Virtual function table for Led
                        0x08003d48   0x34  Data  Gb  Led.o [1]
[local to Nokia5110LCD_cpp]::App::ASCII
                        0x08003664  0x1e0  Data  Lc  Nokia5110LCD.o [1]
[local to SysTickTimer_cpp]::NVIC_SetPriority(IRQn, unsigned int)
                        0x080029fd   0x22  Code  Lc  SysTickTimer.o [1]
[local to SysTickTimer_cpp]::SysTick_Config(unsigned int)
                        0x08002a1f   0x2e  Code  Lc  SysTickTimer.o [1]
[local to UIApp_cpp]::App::Aarav
                        0x200002a0   0x4c  Data  Lc  UIApp.o [1]
[local to UIApp_cpp]::App::AaravScreenHandle
                        0x20000594    0x1  Data  Lc  UIApp.o [1]
[local to UIApp_cpp]::App::Led_PC13
                        0x200003e4   0x18  Data  Lc  UIApp.o [1]
[local to UIApp_cpp]::App::MenuScreen
                        0x20000018   0xd0  Data  Lc  UIApp.o [1]
[local to UIApp_cpp]::App::MenuScreenHandle
                        0x20000592    0x1  Data  Lc  UIApp.o [1]
[local to UIApp_cpp]::App::Power
                        0x20000464    0xc  Data  Lc  UIApp.o [1]
[local to UIApp_cpp]::App::PowerMonitorScreen
                        0x20000254   0x4c  Data  Lc  UIApp.o [1]
[local to UIApp_cpp]::App::Tanya
                        0x200002ec   0x4c  Data  Lc  UIApp.o [1]
[local to UIApp_cpp]::App::TanyaScreenHandle
                        0x20000595    0x1  Data  Lc  UIApp.o [1]
[local to UIApp_cpp]::App::myControlScreen
                        0x200000e8   0xd0  Data  Lc  UIApp.o [1]
[local to UIApp_cpp]::App::myControlScreenHandle
                        0x20000593    0x1  Data  Lc  UIApp.o [1]
[local to main_cpp]::prvSetupHardware()
                        0x080039b5   0x7e  Code  Lc  main.o [1]
[local to system_stm32f10x_c]::SetSysClock()
                        0x08003899    0x8  Code  Lc  system_stm32f10x.o [1]
[local to system_stm32f10x_c]::SetSysClockTo72()
                        0x080038a1   0xe0  Code  Lc  system_stm32f10x.o [1]
__aeabi_atexit          0x08001f45    0xa  Code  Gb  cxxabi.o [4]
__aeabi_cdcmpeq         0x080026c5         Code  Gb  DblCmpEq.o [5]
__aeabi_cfcmple         0x08003231         Code  Gb  FltCmpLe.o [5]
__aeabi_d2f             0x08002975         Code  Gb  DblToFlt.o [5]
__aeabi_ddiv            0x080026e5         Code  Gb  DblDiv.o [5]
__aeabi_dmul            0x08002521         Code  Gb  DblMul.o [5]
__aeabi_f2d             0x0800292d         Code  Gb  FltToDbl.o [5]
__aeabi_f2iz            0x08002451         Code  Gb  FltToS32.o [5]
__aeabi_fdiv            0x08003295         Code  Gb  FltDiv.o [5]
__aeabi_fsub            0x080024a1         Code  Gb  FltSub.o [5]
__aeabi_i2d             0x08003255         Code  Gb  S32ToDbl.o [5]
__aeabi_i2f             0x0800247d         Code  Gb  S32ToFlt.o [5]
__aeabi_memcpy          0x080033f9         Code  Gb  ABImemcpy.o [6]
__aeabi_memcpy4         0x08003419         Code  Gb  ABImemcpy.o [6]
__aeabi_memcpy8         0x08003419         Code  Gb  ABImemcpy.o [6]
__aeabi_memset          0x08003391         Code  Gb  ABImemset.o [6]
__aeabi_ui2f            0x08003279         Code  Gb  U32ToFlt.o [5]
__call_ctors            0x08003191   0x18  Code  Gb  cppinit.o [3]
__call_dtors            0x080031df    0xc  Code  Gb  cppinit.o [3]
__call_dtors0           0x080031eb   0x36  Code  Gb  cppinit.o [3]
__cexit_call_dtors      0x08003e77         Code  Gb  cexit.o [6]
__cmain                 0x08003e4d         Code  Gb  cmain.o [6]
__cstart_call_dtors     0x08003ff4         Data  Gb  cstart_call_dtors.o [6]
__cxa_atexit            0x080031a9   0x36  Code  Gb  cppinit.o [3]
__dso_handle            0x20000580    0x4  Data  Gb  cppinit.o [3]
__exit                  0x08003e85   0x14  Code  Gb  exit.o [7]
__iar_Memset            0x08003391         Code  Gb  ABImemset.o [6]
__iar_Memset_word       0x08003399         Code  Gb  ABImemset.o [6]
__iar_copy_init3        0x08003db1   0x2c  Code  Gb  copy_init3.o [6]
__iar_cstart_call_ctors
                        0x08003e2d   0x20  Code  Gb  cmain_call_ctors.o [6]
__iar_data_init3        0x08003ddd   0x28  Code  Gb  data_init.o [6]
__iar_debug_exceptions  0x08000f2a    0x1  Data  Gb  unwind_debug.o [7]
__iar_fadd              0x080024ad         Code  Gb  FltSub.o [5]
__iar_fsub              0x080034e9         Code  Gb  FltAdd.o [5]
__iar_fsubStart         0x080034f9         Code  Gb  FltAdd.o [5]
__iar_program_start     0x08003f31         Code  Gb  cstartup_M.o [6]
__iar_systems$$module {Abs}
                        0x00000001         Data  Gb  command line/config [2]
__iar_tls$$INIT_ARRAY$$Base
                        0x08003ff4          --   Gb  - Linker created -
__iar_tls$$INIT_ARRAY$$Limit
                        0x08003ff4          --   Gb  - Linker created -
__iar_zero_init3        0x08003c39   0x40  Code  Gb  zero_init3.o [6]
__low_level_init        0x08003e6b    0x4  Code  Gb  low_level_init.o [3]
__sti__routine          0x08001521   0xfa  Code  Lc  UIApp.o [1]
__vector_table          0x08000000         Data  Gb  startup_stm32f10x_md.o [1]
_call_main              0x08003e59         Code  Gb  cmain.o [6]
_exit                   0x08003e75         Code  Gb  cexit.o [6]
_main                   0x08003e67         Code  Gb  cmain.o [6]
exit                    0x08003e6f    0x4  Code  Gb  exit.o [3]
main                    0x0800399d   0x18  Code  Gb  main.o [1]
next_abi_dtor_rec       0x2000057c    0x4  Data  Lc  cppinit.o [3]


[1] = C:\Users\Amit Chaudhary\Desktop\IAR\PowerMonitor\Debug\Obj
[2] = command line
[3] = dl7M_tln.a
[4] = dlpp7M_tl_nc.a
[5] = m7M_tl.a
[6] = rt7M_tl.a
[7] = shb_l.a

  15 009 bytes of readonly  code memory
   1 363 bytes of readonly  data memory
   3 943 bytes of readwrite data memory

Errors: none
Warnings: none
